Archive member included to satisfy reference by file (symbol)

/Applications/Simplicity Studio.app/Contents/Eclipse/developer/toolchains/gnu_arm/7.2_2017q4/bin/../lib/gcc/arm-none-eabi/7.2.1/thumb/v7-m/libgcc.a(_arm_addsubsf3.o)
                              ./Drivers/vddcheck.o (__aeabi_fsub)
/Applications/Simplicity Studio.app/Contents/Eclipse/developer/toolchains/gnu_arm/7.2_2017q4/bin/../lib/gcc/arm-none-eabi/7.2.1/thumb/v7-m/libgcc.a(_arm_muldivsf3.o)
                              ./Drivers/vddcheck.o (__aeabi_fdiv)
/Applications/Simplicity Studio.app/Contents/Eclipse/developer/toolchains/gnu_arm/7.2_2017q4/bin/../lib/gcc/arm-none-eabi/7.2.1/thumb/v7-m/libgcc.a(_arm_fixunssfsi.o)
                              ./Drivers/vddcheck.o (__aeabi_f2uiz)
/Applications/Simplicity Studio.app/Contents/Eclipse/developer/toolchains/gnu_arm/7.2_2017q4/bin/../lib/gcc/arm-none-eabi/7.2.1/thumb/v7-m/libgcc.a(_aeabi_uldivmod.o)
                              ./service/sl_sleeptimer.o (__aeabi_uldivmod)
/Applications/Simplicity Studio.app/Contents/Eclipse/developer/toolchains/gnu_arm/7.2_2017q4/bin/../lib/gcc/arm-none-eabi/7.2.1/thumb/v7-m/libgcc.a(_udivmoddi4.o)
                              /Applications/Simplicity Studio.app/Contents/Eclipse/developer/toolchains/gnu_arm/7.2_2017q4/bin/../lib/gcc/arm-none-eabi/7.2.1/thumb/v7-m/libgcc.a(_aeabi_uldivmod.o) (__udivmoddi4)
/Applications/Simplicity Studio.app/Contents/Eclipse/developer/toolchains/gnu_arm/7.2_2017q4/bin/../lib/gcc/arm-none-eabi/7.2.1/thumb/v7-m/libgcc.a(_dvmd_tls.o)
                              /Applications/Simplicity Studio.app/Contents/Eclipse/developer/toolchains/gnu_arm/7.2_2017q4/bin/../lib/gcc/arm-none-eabi/7.2.1/thumb/v7-m/libgcc.a(_aeabi_uldivmod.o) (__aeabi_ldiv0)
/Applications/Simplicity Studio.app/Contents/Eclipse/developer/toolchains/gnu_arm/7.2_2017q4/bin/../lib/gcc/arm-none-eabi/7.2.1/../../../../arm-none-eabi/lib/thumb/v7-m/libc_nano.a(lib_a-abs.o)
                              ./Drivers/segmentlcd.o (abs)
/Applications/Simplicity Studio.app/Contents/Eclipse/developer/toolchains/gnu_arm/7.2_2017q4/bin/../lib/gcc/arm-none-eabi/7.2.1/../../../../arm-none-eabi/lib/thumb/v7-m/libc_nano.a(lib_a-exit.o)
                              /Applications/Simplicity Studio.app/Contents/Eclipse/developer/toolchains/gnu_arm/7.2_2017q4/bin/../lib/gcc/arm-none-eabi/7.2.1/../../../../arm-none-eabi/lib/thumb/v7-m/crt0.o (exit)
/Applications/Simplicity Studio.app/Contents/Eclipse/developer/toolchains/gnu_arm/7.2_2017q4/bin/../lib/gcc/arm-none-eabi/7.2.1/../../../../arm-none-eabi/lib/thumb/v7-m/libc_nano.a(lib_a-impure.o)
                              /Applications/Simplicity Studio.app/Contents/Eclipse/developer/toolchains/gnu_arm/7.2_2017q4/bin/../lib/gcc/arm-none-eabi/7.2.1/../../../../arm-none-eabi/lib/thumb/v7-m/libc_nano.a(lib_a-exit.o) (_global_impure_ptr)
/Applications/Simplicity Studio.app/Contents/Eclipse/developer/toolchains/gnu_arm/7.2_2017q4/bin/../lib/gcc/arm-none-eabi/7.2.1/../../../../arm-none-eabi/lib/thumb/v7-m/libc_nano.a(lib_a-init.o)
                              /Applications/Simplicity Studio.app/Contents/Eclipse/developer/toolchains/gnu_arm/7.2_2017q4/bin/../lib/gcc/arm-none-eabi/7.2.1/../../../../arm-none-eabi/lib/thumb/v7-m/crt0.o (__libc_init_array)
/Applications/Simplicity Studio.app/Contents/Eclipse/developer/toolchains/gnu_arm/7.2_2017q4/bin/../lib/gcc/arm-none-eabi/7.2.1/../../../../arm-none-eabi/lib/thumb/v7-m/libc_nano.a(lib_a-memset.o)
                              /Applications/Simplicity Studio.app/Contents/Eclipse/developer/toolchains/gnu_arm/7.2_2017q4/bin/../lib/gcc/arm-none-eabi/7.2.1/../../../../arm-none-eabi/lib/thumb/v7-m/crt0.o (memset)
/Applications/Simplicity Studio.app/Contents/Eclipse/developer/toolchains/gnu_arm/7.2_2017q4/bin/../lib/gcc/arm-none-eabi/7.2.1/../../../../arm-none-eabi/lib/thumb/v7-m/libc_nano.a(lib_a-rand.o)
                              ./src/main.o (srand)
/Applications/Simplicity Studio.app/Contents/Eclipse/developer/toolchains/gnu_arm/7.2_2017q4/bin/../lib/gcc/arm-none-eabi/7.2.1/../../../../arm-none-eabi/lib/thumb/v7-m/libc_nano.a(lib_a-snprintf.o)
                              ./src/My_Segment_functions.o (snprintf)
/Applications/Simplicity Studio.app/Contents/Eclipse/developer/toolchains/gnu_arm/7.2_2017q4/bin/../lib/gcc/arm-none-eabi/7.2.1/../../../../arm-none-eabi/lib/thumb/v7-m/libc_nano.a(lib_a-sprintf.o)
                              ./src/My_Segment_functions.o (sprintf)
/Applications/Simplicity Studio.app/Contents/Eclipse/developer/toolchains/gnu_arm/7.2_2017q4/bin/../lib/gcc/arm-none-eabi/7.2.1/../../../../arm-none-eabi/lib/thumb/v7-m/libc_nano.a(lib_a-strcat.o)
                              ./src/My_Segment_functions.o (strcat)
/Applications/Simplicity Studio.app/Contents/Eclipse/developer/toolchains/gnu_arm/7.2_2017q4/bin/../lib/gcc/arm-none-eabi/7.2.1/../../../../arm-none-eabi/lib/thumb/v7-m/libc_nano.a(lib_a-strcpy.o)
[...]
Memory Configuration

Name             Origin             Length             Attributes
FLASH            0x0000000000000000 0x0000000000100000 xr
RAM              0x0000000020000000 0x0000000000020000 xrw
*default*        0x0000000000000000 0xffffffffffffffff

Linker script and memory map

LOAD /Applications/Simplicity Studio.app/Contents/Eclipse/developer/toolchains/gnu_arm/7.2_2017q4/bin/../lib/gcc/arm-none-eabi/7.2.1/thumb/v7-m/crti.o
LOAD /Applications/Simplicity Studio.app/Contents/Eclipse/developer/toolchains/gnu_arm/7.2_2017q4/bin/../lib/gcc/arm-none-eabi/7.2.1/thumb/v7-m/crtbegin.o
LOAD /Applications/Simplicity Studio.app/Contents/Eclipse/developer/toolchains/gnu_arm/7.2_2017q4/bin/../lib/gcc/arm-none-eabi/7.2.1/../../../../arm-none-eabi/lib/thumb/v7-m/crt0.o
LOAD ./BSP/bsp_trace.o
LOAD ./CMSIS/EFM32GG/startup_gcc_efm32gg.o
LOAD ./CMSIS/EFM32GG/system_efm32gg.o
LOAD ./Drivers/caplesense.o
LOAD ./Drivers/segmentlcd.o
LOAD ./Drivers/vddcheck.o
LOAD ./emlib/em_acmp.o
LOAD ./emlib/em_assert.o
LOAD ./emlib/em_cmu.o
LOAD ./emlib/em_core.o
LOAD ./emlib/em_emu.o
LOAD ./emlib/em_gpio.o
LOAD ./emlib/em_lcd.o
LOAD ./emlib/em_lesense.o
LOAD ./emlib/em_rtc.o
LOAD ./emlib/em_system.o
LOAD ./emlib/em_vcmp.o
LOAD ./service/sl_sleeptimer.o
LOAD ./service/sl_sleeptimer_hal_rtc.o
LOAD ./src/My_Segment_functions.o
LOAD ./src/main.o
START GROUP
LOAD /Applications/Simplicity Studio.app/Contents/Eclipse/developer/toolchains/gnu_arm/7.2_2017q4/bin/../lib/gcc/arm-none-eabi/7.2.1/thumb/v7-m/libgcc.a
LOAD /Applications/Simplicity Studio.app/Contents/Eclipse/developer/toolchains/gnu_arm/7.2_2017q4/bin/../lib/gcc/arm-none-eabi/7.2.1/../../../../arm-none-eabi/lib/thumb/v7-m/libc_nano.a
LOAD /Applications/Simplicity Studio.app/Contents/Eclipse/developer/toolchains/gnu_arm/7.2_2017q4/bin/../lib/gcc/arm-none-eabi/7.2.1/../../../../arm-none-eabi/lib/thumb/v7-m/libnosys.a
END GROUP
START GROUP
LOAD /Applications/Simplicity Studio.app/Contents/Eclipse/developer/toolchains/gnu_arm/7.2_2017q4/bin/../lib/gcc/arm-none-eabi/7.2.1/thumb/v7-m/libgcc.a
LOAD /Applications/Simplicity Studio.app/Contents/Eclipse/developer/toolchains/gnu_arm/7.2_2017q4/bin/../lib/gcc/arm-none-eabi/7.2.1/../../../../arm-none-eabi/lib/thumb/v7-m/libg_nano.a
LOAD /Applications/Simplicity Studio.app/Contents/Eclipse/developer/toolchains/gnu_arm/7.2_2017q4/bin/../lib/gcc/arm-none-eabi/7.2.1/../../../../arm-none-eabi/lib/thumb/v7-m/libc_nano.a
END GROUP
START GROUP
LOAD /Applications/Simplicity Studio.app/Contents/Eclipse/developer/toolchains/gnu_arm/7.2_2017q4/bin/../lib/gcc/arm-none-eabi/7.2.1/thumb/v7-m/libgcc.a
LOAD /Applications/Simplicity Studio.app/Contents/Eclipse/developer/toolchains/gnu_arm/7.2_2017q4/bin/../lib/gcc/arm-none-eabi/7.2.1/../../../../arm-none-eabi/lib/thumb/v7-m/libc_nano.a
END GROUP
LOAD /Applications/Simplicity Studio.app/Contents/Eclipse/developer/toolchains/gnu_arm/7.2_2017q4/bin/../lib/gcc/arm-none-eabi/7.2.1/thumb/v7-m/crtend.o
LOAD /Applications/Simplicity Studio.app/Contents/Eclipse/developer/toolchains/gnu_arm/7.2_2017q4/bin/../lib/gcc/arm-none-eabi/7.2.1/thumb/v7-m/crtn.o

.text           0x0000000000000000     0x59e4
 *(.vectors)
 .vectors       0x0000000000000000       0xdc ./CMSIS/EFM32GG/startup_gcc_efm32gg.o
                0x0000000000000000                __Vectors
                0x00000000000000dc                __Vectors_End = .
                0x00000000000000dc                __Vectors_Size = (__Vectors_End - __Vectors)
                0x00000000000000dc                __end__ = .
 *(.text*)
 .text          0x00000000000000dc       0x40 /Applications/Simplicity Studio.app/Contents/Eclipse/developer/toolchains/gnu_arm/7.2_2017q4/bin/../lib/gcc/arm-none-eabi/7.2.1/thumb/v7-m/crtbegin.o
 .text          0x000000000000011c       0x74 /Applications/Simplicity Studio.app/Contents/Eclipse/developer/toolchains/gnu_arm/7.2_2017q4/bin/../lib/gcc/arm-none-eabi/7.2.1/../../../../arm-none-eabi/lib/thumb/v7-m/crt0.o
                0x000000000000011c                _mainCRTStartup
                0x000000000000011c                _start
 .text          0x0000000000000190       0x30 ./CMSIS/EFM32GG/startup_gcc_efm32gg.o
                0x0000000000000190                Reset_Handler
                0x00000000000001bc                DebugMon_Handler
                0x00000000000001bc                USART0_TX_IRQHandler
                0x00000000000001bc                I2C0_IRQHandler
                0x00000000000001bc                HardFault_Handler
                0x00000000000001bc                LEUART1_IRQHandler
                0x00000000000001bc                USART1_RX_IRQHandler
                0x00000000000001bc                PendSV_Handler
                0x00000000000001bc                NMI_Handler
                0x00000000000001bc                I2C1_IRQHandler
                0x00000000000001bc                TIMER3_IRQHandler
                0x00000000000001bc                USART1_TX_IRQHandler
                0x00000000000001bc                MSC_IRQHandler
                0x00000000000001bc                ADC0_IRQHandler
                0x00000000000001bc                UsageFault_Handler
                0x00000000000001bc                LEUART0_IRQHandler
                0x00000000000001bc                UART0_TX_IRQHandler
                0x00000000000001bc                UART1_TX_IRQHandler
                0x00000000000001bc                TIMER0_IRQHandler
                0x00000000000001bc                LCD_IRQHandler
                0x00000000000001bc                PCNT2_IRQHandler
                0x00000000000001bc                UART0_RX_IRQHandler
                0x00000000000001bc                LETIMER0_IRQHandler
                0x00000000000001bc                TIMER1_IRQHandler
                0x00000000000001bc                USART2_RX_IRQHandler
                0x00000000000001bc                Default_Handler
                0x00000000000001bc                EMU_IRQHandler
                0x00000000000001bc                PCNT0_IRQHandler
                0x00000000000001bc                sl_app_properties
                0x00000000000001bc                USB_IRQHandler
                0x00000000000001bc                BURTC_IRQHandler
                0x00000000000001bc                PCNT1_IRQHandler
                0x00000000000001bc                ACMP0_IRQHandler
                0x00000000000001bc                USART0_RX_IRQHandler
                0x00000000000001bc                MemManage_Handler
                0x00000000000001bc                SVC_Handler
                0x00000000000001bc                DAC0_IRQHandler
                0x00000000000001bc                UART1_RX_IRQHandler
                0x00000000000001bc                CMU_IRQHandler
                0x00000000000001bc                EBI_IRQHandler
                0x00000000000001bc                AES_IRQHandler
                0x00000000000001bc                VCMP_IRQHandler
                0x00000000000001bc                DMA_IRQHandler
                0x00000000000001bc                BusFault_Handler
                0x00000000000001bc                TIMER2_IRQHandler
                0x00000000000001bc                USART2_TX_IRQHandler
 .text.GetProdRev
                0x00000000000001c0       0x18 ./CMSIS/EFM32GG/system_efm32gg.o
 .text.SystemCoreClockGet
                0x00000000000001d8       0x34 ./CMSIS/EFM32GG/system_efm32gg.o
                0x00000000000001d8                SystemCoreClockGet
 .text.SystemMaxCoreClockGet
                0x000000000000020c       0x14 ./CMSIS/EFM32GG/system_efm32gg.o
                0x000000000000020c                SystemMaxCoreClockGet
 .text.SystemHFClockGet
                0x0000000000000220      0x100 ./CMSIS/EFM32GG/system_efm32gg.o
                0x0000000000000220                SystemHFClockGet
 .text.SystemHFXOClockGet
                0x0000000000000320       0x14 ./CMSIS/EFM32GG/system_efm32gg.o
                0x0000000000000320                SystemHFXOClockGet
 .text.SystemInit
                0x0000000000000334       0x1c ./CMSIS/EFM32GG/system_efm32gg.o
                0x0000000000000334                SystemInit
 .text.SystemLFRCOClockGet
                0x0000000000000350       0x10 ./CMSIS/EFM32GG/system_efm32gg.o
                0x0000000000000350                SystemLFRCOClockGet
 .text.SystemULFRCOClockGet
                0x0000000000000360       0x10 ./CMSIS/EFM32GG/system_efm32gg.o
                0x0000000000000360                SystemULFRCOClockGet
 .text.SystemLFXOClockGet
                0x0000000000000370       0x14 ./CMSIS/EFM32GG/system_efm32gg.o
                0x0000000000000370                SystemLFXOClockGet
 .text.__NVIC_EnableIRQ
                0x0000000000000384       0x38 ./Drivers/caplesense.o
 .text.SystemCoreClockUpdate
                0x00000000000003bc        0xc ./Drivers/caplesense.o
 .text.LESENSE_StatusGet
                0x00000000000003c8       0x14 ./Drivers/caplesense.o
 .text.LESENSE_ScanResultDataGet
                0x00000000000003dc       0x14 ./Drivers/caplesense.o
 .text.LESENSE_ScanResultDataBufferGet
                0x00000000000003f0       0x24 ./Drivers/caplesense.o
 .text.LESENSE_IntClear
                0x0000000000000414       0x1c ./Drivers/caplesense.o
 .text.LESENSE_IntEnable
                0x0000000000000430       0x24 ./Drivers/caplesense.o
 .text.LESENSE_IntDisable
                0x0000000000000454       0x24 ./Drivers/caplesense.o
 .text.LESENSE_IntGetEnabled
                0x0000000000000478       0x24 ./Drivers/caplesense.o
 .text.CAPLESENSE_setupCMU
                0x000000000000049c       0x7c ./Drivers/caplesense.o
                0x000000000000049c                CAPLESENSE_setupCMU
 .text.CAPLESENSE_setupGPIO
                0x0000000000000518       0x40 ./Drivers/caplesense.o
                0x0000000000000518                CAPLESENSE_setupGPIO
 .text.CAPLESENSE_setupACMP
                0x0000000000000558       0x3c ./Drivers/caplesense.o
                0x0000000000000558                CAPLESENSE_setupACMP
 .text.CAPLESENSE_setupLESENSE
                0x0000000000000594      0x194 ./Drivers/caplesense.o
                0x0000000000000594                CAPLESENSE_setupLESENSE
 .text.CAPLESENSE_setupCallbacks
                0x0000000000000728       0x28 ./Drivers/caplesense.o
                0x0000000000000728                CAPLESENSE_setupCallbacks
 .text.LESENSE_IRQHandler
                0x0000000000000750       0xe4 ./Drivers/caplesense.o
                0x0000000000000750                LESENSE_IRQHandler
 .text.CAPLESENSE_getSliderPosition
                0x0000000000000834      0x160 ./Drivers/caplesense.o
                0x0000000000000834                CAPLESENSE_getSliderPosition
 .text.CAPLESENSE_Sleep
                0x0000000000000994        0xe ./Drivers/caplesense.o
                0x0000000000000994                CAPLESENSE_Sleep
 .text.CAPLESENSE_Init
                0x00000000000009a2       0x32 ./Drivers/caplesense.o
                0x00000000000009a2                CAPLESENSE_Init
 .text.LCD_FreezeEnable
                0x00000000000009d4       0x2c ./Drivers/segmentlcd.o
 .text.LCD_SyncBusyDelay
                0x0000000000000a00       0x24 ./Drivers/segmentlcd.o
 .text.LCD_IntDisable
                0x0000000000000a24       0x24 ./Drivers/segmentlcd.o
 .text.SegmentLCD_AllOff
                0x0000000000000a48       0xac ./Drivers/segmentlcd.o
                0x0000000000000a48                SegmentLCD_AllOff
 .text.SegmentLCD_AlphaNumberOff
                0x0000000000000af4       0xa8 ./Drivers/segmentlcd.o
                0x0000000000000af4                SegmentLCD_AlphaNumberOff
 .text.SegmentLCD_Init
                0x0000000000000b9c       0xb8 ./Drivers/segmentlcd.o
                0x0000000000000b9c                SegmentLCD_Init
 .text.SegmentLCD_Number
                0x0000000000000c54      0x128 ./Drivers/segmentlcd.o
                0x0000000000000c54                SegmentLCD_Number
 .text.SegmentLCD_NumberOff
                0x0000000000000d7c       0x4e ./Drivers/segmentlcd.o
                0x0000000000000d7c                SegmentLCD_NumberOff
 *fill*         0x0000000000000dca        0x2 
 .text.SegmentLCD_Write
                0x0000000000000dcc       0xd8 ./Drivers/segmentlcd.o
                0x0000000000000dcc                SegmentLCD_Write
 .text.SegmentLCD_ARing
                0x0000000000000ea4       0x54 ./Drivers/segmentlcd.o
                0x0000000000000ea4                SegmentLCD_ARing
 .text.BUS_RegBitWrite
                0x0000000000000ef8       0x2c ./emlib/em_acmp.o
 .text.BUS_RegMaskedWrite
                0x0000000000000f24       0x28 ./emlib/em_acmp.o
 .text.ACMP_CapsenseInit
                0x0000000000000f4c       0x88 ./emlib/em_acmp.o
                0x0000000000000f4c                ACMP_CapsenseInit
 .text.ACMP_GPIOSetup
                0x0000000000000fd4       0x50 ./emlib/em_acmp.o
                0x0000000000000fd4                ACMP_GPIOSetup
 .text.BUS_RegBitWrite
                0x0000000000001024       0x2c ./emlib/em_cmu.o
 .text.BUS_RegBitRead
                0x0000000000001050       0x28 ./emlib/em_cmu.o
 .text.SL_Log2ToDiv
                0x0000000000001078       0x1a ./emlib/em_cmu.o
 .text.CMU_DivToLog2
                0x0000000000001092       0x30 ./emlib/em_cmu.o
 *fill*         0x00000000000010c2        0x2 
 .text.SYSTEM_GetProdRev
                0x00000000000010c4       0x18 ./emlib/em_cmu.o
 .text.SYSTEM_GetFamily
                0x00000000000010dc       0x18 ./emlib/em_cmu.o
 .text.maxFreqHfle
                0x00000000000010f4       0x7c ./emlib/em_cmu.o
 .text.setHfLeConfig
                0x0000000000001170       0x64 ./emlib/em_cmu.o
 .text.getHfLeConfig
                0x00000000000011d4       0x20 ./emlib/em_cmu.o
 .text.auxClkGet
                0x00000000000011f4       0xb0 ./emlib/em_cmu.o
 .text.dbgClkGet
                0x00000000000012a4       0x40 ./emlib/em_cmu.o
 .text.flashWaitStateControl
                0x00000000000012e4       0x98 ./emlib/em_cmu.o
 .text.flashWaitStateMax
                0x000000000000137c       0x44 ./emlib/em_cmu.o
 .text.CMU_UpdateWaitStates
                0x00000000000013c0       0x40 ./emlib/em_cmu.o
                0x00000000000013c0                CMU_UpdateWaitStates
 .text.lfClkGet
                0x0000000000001400       0xec ./emlib/em_cmu.o
 .text.syncReg  0x00000000000014ec       0x34 ./emlib/em_cmu.o
 .text.usbCClkGet
                0x0000000000001520       0x4c ./emlib/em_cmu.o
 .text.hfperClkSafePrescaler
                0x000000000000156c        0xc ./emlib/em_cmu.o
 .text.hfperClkOptimizedPrescaler
                0x0000000000001578        0xc ./emlib/em_cmu.o
 .text.CMU_ClockDivGet
                0x0000000000001584      0x1a4 ./emlib/em_cmu.o
                0x0000000000001584                CMU_ClockDivGet
 .text.CMU_ClockDivSet
                0x0000000000001728      0x264 ./emlib/em_cmu.o
                0x0000000000001728                CMU_ClockDivSet
 .text.CMU_ClockEnable
                0x000000000000198c       0xc8 ./emlib/em_cmu.o
                0x000000000000198c                CMU_ClockEnable
 .text.CMU_ClockFreqGet
                0x0000000000001a54      0x200 ./emlib/em_cmu.o
                0x0000000000001a54                CMU_ClockFreqGet
 .text.CMU_ClockSelectGet
                0x0000000000001c54      0x15c ./emlib/em_cmu.o
                0x0000000000001c54                CMU_ClockSelectGet
 .text.CMU_ClockSelectSet
                0x0000000000001db0      0x298 ./emlib/em_cmu.o
                0x0000000000001db0                CMU_ClockSelectSet
 .text.CMU_LCDClkFDIVSet
                0x0000000000002048       0x3c ./emlib/em_cmu.o
                0x0000000000002048                CMU_LCDClkFDIVSet
 .text.CMU_OscillatorEnable
                0x0000000000002084       0xbc ./emlib/em_cmu.o
                0x0000000000002084                CMU_OscillatorEnable
 .text.CORE_EnterAtomic
                0x0000000000002140       0x1e ./emlib/em_core.o
                0x0000000000002140                CORE_EnterAtomic
 .text.CORE_ExitAtomic
                0x000000000000215e       0x1a ./emlib/em_core.o
                0x000000000000215e                CORE_ExitAtomic
 .text.SystemCoreClockUpdate
                0x0000000000002178        0xc ./emlib/em_emu.o
 .text.CMU_Lock
                0x0000000000002184       0x18 ./emlib/em_emu.o
 .text.CMU_Unlock
                0x000000000000219c       0x1c ./emlib/em_emu.o
 .text.emState  0x00000000000021b8       0xcc ./emlib/em_emu.o
 .text.getErrataFixEmuE107En
                0x0000000000002284       0x68 ./emlib/em_emu.o
 .text.EMU_EM23PresleepHook
                0x00000000000022ec        0xc ./emlib/em_emu.o
                0x00000000000022ec                EMU_EM23PresleepHook
 .text.EMU_EM23PostsleepHook
                0x00000000000022f8        0xc ./emlib/em_emu.o
                0x00000000000022f8                EMU_EM23PostsleepHook
 .text.EMU_EnterEM2
                0x0000000000002304       0xa0 ./emlib/em_emu.o
                0x0000000000002304                EMU_EnterEM2
 .text.BUS_RegBitWrite
                0x00000000000023a4       0x2c ./emlib/em_gpio.o
 .text.BUS_RegMaskedWrite
                0x00000000000023d0       0x28 ./emlib/em_gpio.o
 .text.GPIO_IntClear
                0x00000000000023f8       0x20 ./emlib/em_gpio.o
 .text.GPIO_PinOutClear
                0x0000000000002418       0x58 ./emlib/em_gpio.o
 .text.GPIO_PinOutSet
                0x0000000000002470       0x58 ./emlib/em_gpio.o
 .text.GPIO_DriveModeSet
                0x00000000000024c8       0x70 ./emlib/em_gpio.o
                0x00000000000024c8                GPIO_DriveModeSet
 .text.GPIO_ExtIntConfig
                0x0000000000002538       0xd4 ./emlib/em_gpio.o
                0x0000000000002538                GPIO_ExtIntConfig
 .text.GPIO_PinModeSet
                0x000000000000260c      0x118 ./emlib/em_gpio.o
                0x000000000000260c                GPIO_PinModeSet
 .text.LCD_Enable
                0x0000000000002724       0x38 ./emlib/em_lcd.o
 .text.BUS_RegBitWrite
                0x000000000000275c       0x2c ./emlib/em_lcd.o
 .text.LCD_Init
                0x0000000000002788       0x78 ./emlib/em_lcd.o
                0x0000000000002788                LCD_Init
 .text.LCD_VLCDSelect
                0x0000000000002800       0x44 ./emlib/em_lcd.o
                0x0000000000002800                LCD_VLCDSelect
 .text.LCD_SegmentRangeEnable
                0x0000000000002844       0x40 ./emlib/em_lcd.o
                0x0000000000002844                LCD_SegmentRangeEnable
 .text.LCD_SegmentSet
                0x0000000000002884      0x1c8 ./emlib/em_lcd.o
                0x0000000000002884                LCD_SegmentSet
 .text.LCD_SegmentSetLow
                0x0000000000002a4c      0x17c ./emlib/em_lcd.o
                0x0000000000002a4c                LCD_SegmentSetLow
 .text.LCD_SegmentSetHigh
                0x0000000000002bc8      0x17c ./emlib/em_lcd.o
                0x0000000000002bc8                LCD_SegmentSetHigh
 .text.LCD_VBoostSet
                0x0000000000002d44       0x28 ./emlib/em_lcd.o
                0x0000000000002d44                LCD_VBoostSet
 .text.BUS_RegBitWrite
                0x0000000000002d6c       0x2c ./emlib/em_lesense.o
 .text.LESENSE_Init
                0x0000000000002d98      0x168 ./emlib/em_lesense.o
                0x0000000000002d98                LESENSE_Init
 .text.LESENSE_ScanFreqSet
                0x0000000000002f00       0xbc ./emlib/em_lesense.o
                0x0000000000002f00                LESENSE_ScanFreqSet
 .text.LESENSE_ScanModeSet
                0x0000000000002fbc       0x40 ./emlib/em_lesense.o
                0x0000000000002fbc                LESENSE_ScanModeSet
 .text.LESENSE_StartDelaySet
                0x0000000000002ffc       0x34 ./emlib/em_lesense.o
                0x0000000000002ffc                LESENSE_StartDelaySet
 .text.LESENSE_ClkDivSet
                0x0000000000003030       0x60 ./emlib/em_lesense.o
                0x0000000000003030                LESENSE_ClkDivSet
 .text.LESENSE_ChannelAllConfig
                0x0000000000003090       0x32 ./emlib/em_lesense.o
                0x0000000000003090                LESENSE_ChannelAllConfig
 *fill*         0x00000000000030c2        0x2 
 .text.LESENSE_ChannelConfig
                0x00000000000030c4      0x148 ./emlib/em_lesense.o
                0x00000000000030c4                LESENSE_ChannelConfig
 .text.LESENSE_ChannelTimingSet
                0x000000000000320c       0x48 ./emlib/em_lesense.o
                0x000000000000320c                LESENSE_ChannelTimingSet
 .text.LESENSE_ChannelThresSet
                0x0000000000003254       0x7c ./emlib/em_lesense.o
                0x0000000000003254                LESENSE_ChannelThresSet
 .text.LESENSE_DecoderStateSet
                0x00000000000032d0       0x20 ./emlib/em_lesense.o
                0x00000000000032d0                LESENSE_DecoderStateSet
 .text.LESENSE_ScanStart
                0x00000000000032f0       0x34 ./emlib/em_lesense.o
                0x00000000000032f0                LESENSE_ScanStart
 .text.LESENSE_ScanStop
                0x0000000000003324       0x34 ./emlib/em_lesense.o
                0x0000000000003324                LESENSE_ScanStop
 .text.LESENSE_ResultBufferClear
                0x0000000000003358       0x34 ./emlib/em_lesense.o
                0x0000000000003358                LESENSE_ResultBufferClear
 .text.LESENSE_Reset
                0x000000000000338c       0xf0 ./emlib/em_lesense.o
                0x000000000000338c                LESENSE_Reset
 .text.RTC_CompareSet
                0x000000000000347c       0x38 ./emlib/em_rtc.o
                0x000000000000347c                RTC_CompareSet
 .text.SYSTEM_ChipRevisionGet
                0x00000000000034b4       0x78 ./emlib/em_system.o
                0x00000000000034b4                SYSTEM_ChipRevisionGet
 .text.process_timer_irq
                0x000000000000352c      0x174 ./service/sl_sleeptimer.o
                0x000000000000352c                process_timer_irq
 .text.delta_list_insert_timer
                0x00000000000036a0       0xb8 ./service/sl_sleeptimer.o
 .text.delta_list_remove_timer
                0x0000000000003758       0x7c ./service/sl_sleeptimer.o
 .text.set_comparator_for_next_timer
                0x00000000000037d4       0x30 ./service/sl_sleeptimer.o
 .text.update_first_timer_delta
                0x0000000000003804       0x70 ./service/sl_sleeptimer.o
 .text.RTC_CounterGet
                0x0000000000003874       0x14 ./service/sl_sleeptimer_hal_rtc.o
 .text.RTC_IntClear
                0x0000000000003888       0x1c ./service/sl_sleeptimer_hal_rtc.o
 .text.RTC_IntDisable
                0x00000000000038a4       0x24 ./service/sl_sleeptimer_hal_rtc.o
 .text.RTC_IntEnable
                0x00000000000038c8       0x24 ./service/sl_sleeptimer_hal_rtc.o
 .text.RTC_IntGet
                0x00000000000038ec       0x14 ./service/sl_sleeptimer_hal_rtc.o
 .text.sleeptimer_hal_get_counter
                0x0000000000003900       0x44 ./service/sl_sleeptimer_hal_rtc.o
                0x0000000000003900                sleeptimer_hal_get_counter
 .text.sleeptimer_hal_set_compare
                0x0000000000003944       0x90 ./service/sl_sleeptimer_hal_rtc.o
                0x0000000000003944                sleeptimer_hal_set_compare
 .text.sleeptimer_hal_enable_int
                0x00000000000039d4       0x58 ./service/sl_sleeptimer_hal_rtc.o
                0x00000000000039d4                sleeptimer_hal_enable_int
 .text.sleeptimer_hal_disable_int
                0x0000000000003a2c       0x4c ./service/sl_sleeptimer_hal_rtc.o
                0x0000000000003a2c                sleeptimer_hal_disable_int
 .text.RTC_IRQHandler
                0x0000000000003a78       0xb8 ./service/sl_sleeptimer_hal_rtc.o
                0x0000000000003a78                RTC_IRQHandler
 .text.get_time_diff
                0x0000000000003b30       0x1a ./service/sl_sleeptimer_hal_rtc.o
 *fill*         0x0000000000003b4a        0x2 
 .text.SysTick_Handler
                0x0000000000003b4c       0x1c ./src/My_Segment_functions.o
                0x0000000000003b4c                SysTick_Handler
 .text.Delay    0x0000000000003b68       0x2c ./src/My_Segment_functions.o
                0x0000000000003b68                Delay
 .text.Write_Difficulty
                0x0000000000003b94       0xb8 ./src/My_Segment_functions.o
                0x0000000000003b94                Write_Difficulty
 .text.shoot_duck
                0x0000000000003c4c       0xe4 ./src/My_Segment_functions.o
                0x0000000000003c4c                shoot_duck
 .text.Led_with_Touch
                0x0000000000003d30       0xf4 ./src/My_Segment_functions.o
                0x0000000000003d30                Led_with_Touch
 .text.duck_generator
                0x0000000000003e24      0x100 ./src/My_Segment_functions.o
                0x0000000000003e24                duck_generator
 .text.Difficulty_ring
                0x0000000000003f24       0x88 ./src/My_Segment_functions.o
                0x0000000000003f24                Difficulty_ring
 .text.check_if_hit
                0x0000000000003fac       0xe0 ./src/My_Segment_functions.o
                0x0000000000003fac                check_if_hit
 .text.Print_Percentage_Sign
                0x000000000000408c       0x40 ./src/My_Segment_functions.o
                0x000000000000408c                Print_Percentage_Sign
 .text.Game_Over
                0x00000000000040cc       0xc4 ./src/My_Segment_functions.o
                0x00000000000040cc                Game_Over
 .text.Display_Standing
                0x0000000000004190       0x40 ./src/My_Segment_functions.o
                0x0000000000004190                Display_Standing
 .text.__NVIC_EnableIRQ
                0x00000000000041d0       0x38 ./src/main.o
 .text.__NVIC_ClearPendingIRQ
                0x0000000000004208       0x3c ./src/main.o
 .text.__NVIC_SetPriority
                0x0000000000004244       0x54 ./src/main.o
 .text.SysTick_Config
                0x0000000000004298       0x44 ./src/main.o
 .text.SYSTEM_GetProdRev
                0x00000000000042dc       0x18 ./src/main.o
 .text.GPIO_IntClear
                0x00000000000042f4       0x20 ./src/main.o
 .text.GPIO_IntConfig
                0x0000000000004314       0x36 ./src/main.o
 *fill*         0x000000000000434a        0x2 
 .text.CHIP_Init
                0x000000000000434c       0x48 ./src/main.o
 .text.GPIO_ODD_IRQHandler
                0x0000000000004394       0x1c ./src/main.o
                0x0000000000004394                GPIO_ODD_IRQHandler
 .text.GPIO_EVEN_IRQHandler
                0x00000000000043b0       0x1c ./src/main.o
                0x00000000000043b0                GPIO_EVEN_IRQHandler
 .text.gpioSetup
                0x00000000000043cc       0x68 ./src/main.o
                0x00000000000043cc                gpioSetup
 .text.capSenseScanComplete
                0x0000000000004434        0xc ./src/main.o
                0x0000000000004434                capSenseScanComplete
 .text.capSenseChTrigger
                0x0000000000004440       0x18 ./src/main.o
                0x0000000000004440                capSenseChTrigger
 .text.Lsense_duck
                0x0000000000004458       0xa0 ./src/main.o
                0x0000000000004458                Lsense_duck
 .text.main     0x00000000000044f8       0x4c ./src/main.o
                0x00000000000044f8                main
 .text.abs      0x0000000000004544        0x8 /Applications/Simplicity Studio.app/Contents/Eclipse/developer/toolchains/gnu_arm/7.2_2017q4/bin/../lib/gcc/arm-none-eabi/7.2.1/../../../../arm-none-eabi/lib/thumb/v7-m/libc_nano.a(lib_a-abs.o)
                0x0000000000004544                abs
 .text.exit     0x000000000000454c       0x28 /Applications/Simplicity Studio.app/Contents/Eclipse/developer/toolchains/gnu_arm/7.2_2017q4/bin/../lib/gcc/arm-none-eabi/7.2.1/../../../../arm-none-eabi/lib/thumb/v7-m/libc_nano.a(lib_a-exit.o)
                0x000000000000454c                exit
 .text.__libc_init_array
                0x0000000000004574       0x48 /Applications/Simplicity Studio.app/Contents/Eclipse/developer/toolchains/gnu_arm/7.2_2017q4/bin/../lib/gcc/arm-none-eabi/7.2.1/../../../../arm-none-eabi/lib/thumb/v7-m/libc_nano.a(lib_a-init.o)
                0x0000000000004574                __libc_init_array
 .text.memset   0x00000000000045bc       0x10 /Applications/Simplicity Studio.app/Contents/Eclipse/developer/toolchains/gnu_arm/7.2_2017q4/bin/../lib/gcc/arm-none-eabi/7.2.1/../../../../arm-none-eabi/lib/thumb/v7-m/libc_nano.a(lib_a-memset.o)
                0x00000000000045bc                memset
 .text.srand    0x00000000000045cc       0x48 /Applications/Simplicity Studio.app/Contents/Eclipse/developer/toolchains/gnu_arm/7.2_2017q4/bin/../lib/gcc/arm-none-eabi/7.2.1/../../../../arm-none-eabi/lib/thumb/v7-m/libc_nano.a(lib_a-rand.o)
                0x00000000000045cc                srand
 .text.rand     0x0000000000004614       0x68 /Applications/Simplicity Studio.app/Contents/Eclipse/developer/toolchains/gnu_arm/7.2_2017q4/bin/../lib/gcc/arm-none-eabi/7.2.1/../../../../arm-none-eabi/lib/thumb/v7-m/libc_nano.a(lib_a-rand.o)
                0x0000000000004614                rand
 .text.snprintf
                0x000000000000467c       0x68 /Applications/Simplicity Studio.app/Contents/Eclipse/developer/toolchains/gnu_arm/7.2_2017q4/bin/../lib/gcc/arm-none-eabi/7.2.1/../../../../arm-none-eabi/lib/thumb/v7-m/libc_nano.a(lib_a-snprintf.o)
                0x000000000000467c                snprintf
                0x000000000000467c                sniprintf
 .text.sprintf  0x00000000000046e4       0x40 /Applications/Simplicity Studio.app/Contents/Eclipse/developer/toolchains/gnu_arm/7.2_2017q4/bin/../lib/gcc/arm-none-eabi/7.2.1/../../../../arm-none-eabi/lib/thumb/v7-m/libc_nano.a(lib_a-sprintf.o)
                0x00000000000046e4                sprintf
                0x00000000000046e4                siprintf
 .text.strcat   0x0000000000004724       0x1e /Applications/Simplicity Studio.app/Contents/Eclipse/developer/toolchains/gnu_arm/7.2_2017q4/bin/../lib/gcc/arm-none-eabi/7.2.1/../../../../arm-none-eabi/lib/thumb/v7-m/libc_nano.a(lib_a-strcat.o)
                0x0000000000004724                strcat
 .text.strcpy   0x0000000000004742       0x10 /Applications/Simplicity Studio.app/Contents/Eclipse/developer/toolchains/gnu_arm/7.2_2017q4/bin/../lib/gcc/arm-none-eabi/7.2.1/../../../../arm-none-eabi/lib/thumb/v7-m/libc_nano.a(lib_a-strcpy.o)
                0x0000000000004742                strcpy
 .text          0x0000000000004752       0x10 /Applications/Simplicity Studio.app/Contents/Eclipse/developer/toolchains/gnu_arm/7.2_2017q4/bin/../lib/gcc/arm-none-eabi/7.2.1/../../../../arm-none-eabi/lib/thumb/v7-m/libc_nano.a(lib_a-strlen.o)
                0x0000000000004752                strlen
 *fill*         0x0000000000004762        0x2 
 .text.time     0x0000000000004764       0x34 /Applications/Simplicity Studio.app/Contents/Eclipse/developer/toolchains/gnu_arm/7.2_2017q4/bin/../lib/gcc/arm-none-eabi/7.2.1/../../../../arm-none-eabi/lib/thumb/v7-m/libc_nano.a(lib_a-time.o)
                0x0000000000004764                time
 .text._gettimeofday_r
                0x0000000000004798       0x24 /Applications/Simplicity Studio.app/Contents/Eclipse/developer/toolchains/gnu_arm/7.2_2017q4/bin/../lib/gcc/arm-none-eabi/7.2.1/../../../../arm-none-eabi/lib/thumb/v7-m/libc_nano.a(lib_a-gettimeofdayr.o)
                0x0000000000004798                _gettimeofday_r
 .text.malloc   0x00000000000047bc       0x10 /Applications/Simplicity Studio.app/Contents/Eclipse/developer/toolchains/gnu_arm/7.2_2017q4/bin/../lib/gcc/arm-none-eabi/7.2.1/../../../../arm-none-eabi/lib/thumb/v7-m/libc_nano.a(lib_a-malloc.o)
                0x00000000000047bc                malloc
 .text._free_r  0x00000000000047cc       0x98 /Applications/Simplicity Studio.app/Contents/Eclipse/developer/toolchains/gnu_arm/7.2_2017q4/bin/../lib/gcc/arm-none-eabi/7.2.1/../../../../arm-none-eabi/lib/thumb/v7-m/libc_nano.a(lib_a-nano-freer.o)
                0x00000000000047cc                _free_r
 .text._malloc_r
                0x0000000000004864       0xb4 /Applications/Simplicity Studio.app/Contents/Eclipse/developer/toolchains/gnu_arm/7.2_2017q4/bin/../lib/gcc/arm-none-eabi/7.2.1/../../../../arm-none-eabi/lib/thumb/v7-m/libc_nano.a(lib_a-nano-mallocr.o)
                0x0000000000004864                _malloc_r
 .text.__ssputs_r
                0x0000000000004918       0xb4 /Applications/Simplicity Studio.app/Contents/Eclipse/developer/toolchains/gnu_arm/7.2_2017q4/bin/../lib/gcc/arm-none-eabi/7.2.1/../../../../arm-none-eabi/lib/thumb/v7-m/libc_nano.a(lib_a-nano-svfprintf.o)
                0x0000000000004918                __ssputs_r
 .text._svfprintf_r
                0x00000000000049cc      0x1ec /Applications/Simplicity Studio.app/Contents/Eclipse/developer/toolchains/gnu_arm/7.2_2017q4/bin/../lib/gcc/arm-none-eabi/7.2.1/../../../../arm-none-eabi/lib/thumb/v7-m/libc_nano.a(lib_a-nano-svfprintf.o)
                0x00000000000049cc                _svfprintf_r
                0x00000000000049cc                _svfiprintf_r
 .text._printf_common
                0x0000000000004bb8       0xec /Applications/Simplicity Studio.app/Contents/Eclipse/developer/toolchains/gnu_arm/7.2_2017q4/bin/../lib/gcc/arm-none-eabi/7.2.1/../../../../arm-none-eabi/lib/thumb/v7-m/libc_nano.a(lib_a-nano-vfprintf_i.o)
                0x0000000000004bb8                _printf_common
 .text._printf_i
                0x0000000000004ca4      0x224 /Applications/Simplicity Studio.app/Contents/Eclipse/developer/toolchains/gnu_arm/7.2_2017q4/bin/../lib/gcc/arm-none-eabi/7.2.1/../../../../arm-none-eabi/lib/thumb/v7-m/libc_nano.a(lib_a-nano-vfprintf_i.o)
                0x0000000000004ca4                _printf_i
 .text._sbrk_r  0x0000000000004ec8       0x20 /Applications/Simplicity Studio.app/Contents/Eclipse/developer/toolchains/gnu_arm/7.2_2017q4/bin/../lib/gcc/arm-none-eabi/7.2.1/../../../../arm-none-eabi/lib/thumb/v7-m/libc_nano.a(lib_a-sbrkr.o)
                0x0000000000004ec8                _sbrk_r
 .text.memchr   0x0000000000004ee8       0x1c /Applications/Simplicity Studio.app/Contents/Eclipse/developer/toolchains/gnu_arm/7.2_2017q4/bin/../lib/gcc/arm-none-eabi/7.2.1/../../../../arm-none-eabi/lib/thumb/v7-m/libc_nano.a(lib_a-memchr-stub.o)
                0x0000000000004ee8                memchr
 .text.memcpy   0x0000000000004f04       0x16 /Applications/Simplicity Studio.app/Contents/Eclipse/developer/toolchains/gnu_arm/7.2_2017q4/bin/../lib/gcc/arm-none-eabi/7.2.1/../../../../arm-none-eabi/lib/thumb/v7-m/libc_nano.a(lib_a-memcpy-stub.o)
                0x0000000000004f04                memcpy
 .text.memmove  0x0000000000004f1a       0x32 /Applications/Simplicity Studio.app/Contents/Eclipse/developer/toolchains/gnu_arm/7.2_2017q4/bin/../lib/gcc/arm-none-eabi/7.2.1/../../../../arm-none-eabi/lib/thumb/v7-m/libc_nano.a(lib_a-memmove.o)
                0x0000000000004f1a                memmove
 .text.__malloc_lock
                0x0000000000004f4c        0x2 /Applications/Simplicity Studio.app/Contents/Eclipse/developer/toolchains/gnu_arm/7.2_2017q4/bin/../lib/gcc/arm-none-eabi/7.2.1/../../../../arm-none-eabi/lib/thumb/v7-m/libc_nano.a(lib_a-mlock.o)
                0x0000000000004f4c                __malloc_lock
 .text.__malloc_unlock
                0x0000000000004f4e        0x2 /Applications/Simplicity Studio.app/Contents/Eclipse/developer/toolchains/gnu_arm/7.2_2017q4/bin/../lib/gcc/arm-none-eabi/7.2.1/../../../../arm-none-eabi/lib/thumb/v7-m/libc_nano.a(lib_a-mlock.o)
                0x0000000000004f4e                __malloc_unlock
 .text._realloc_r
                0x0000000000004f50       0x4c /Applications/Simplicity Studio.app/Contents/Eclipse/developer/toolchains/gnu_arm/7.2_2017q4/bin/../lib/gcc/arm-none-eabi/7.2.1/../../../../arm-none-eabi/lib/thumb/v7-m/libc_nano.a(lib_a-nano-reallocr.o)
                0x0000000000004f50                _realloc_r
 .text._malloc_usable_size_r
                0x0000000000004f9c       0x10 /Applications/Simplicity Studio.app/Contents/Eclipse/developer/toolchains/gnu_arm/7.2_2017q4/bin/../lib/gcc/arm-none-eabi/7.2.1/../../../../arm-none-eabi/lib/thumb/v7-m/libc_nano.a(lib_a-nano-msizer.o)
                0x0000000000004f9c                _malloc_usable_size_r
 .text._gettimeofday
                0x0000000000004fac       0x10 /Applications/Simplicity Studio.app/Contents/Eclipse/developer/toolchains/gnu_arm/7.2_2017q4/bin/../lib/gcc/arm-none-eabi/7.2.1/../../../../arm-none-eabi/lib/thumb/v7-m/libnosys.a(gettod.o)
                0x0000000000004fac                _gettimeofday
 .text._sbrk    0x0000000000004fbc       0x1c /Applications/Simplicity Studio.app/Contents/Eclipse/developer/toolchains/gnu_arm/7.2_2017q4/bin/../lib/gcc/arm-none-eabi/7.2.1/../../../../arm-none-eabi/lib/thumb/v7-m/libnosys.a(sbrk.o)
                0x0000000000004fbc                _sbrk
 .text._exit    0x0000000000004fd8        0x4 /Applications/Simplicity Studio.app/Contents/Eclipse/developer/toolchains/gnu_arm/7.2_2017q4/bin/../lib/gcc/arm-none-eabi/7.2.1/../../../../arm-none-eabi/lib/thumb/v7-m/libnosys.a(_exit.o)
                0x0000000000004fd8                _exit
 *(.init)
 .init          0x0000000000004fdc        0x4 /Applications/Simplicity Studio.app/Contents/Eclipse/developer/toolchains/gnu_arm/7.2_2017q4/bin/../lib/gcc/arm-none-eabi/7.2.1/thumb/v7-m/crti.o
                0x0000000000004fdc                _init
 .init          0x0000000000004fe0        0x8 /Applications/Simplicity Studio.app/Contents/Eclipse/developer/toolchains/gnu_arm/7.2_2017q4/bin/../lib/gcc/arm-none-eabi/7.2.1/thumb/v7-m/crtn.o
 *(.fini)
 .fini          0x0000000000004fe8        0x4 /Applications/Simplicity Studio.app/Contents/Eclipse/developer/toolchains/gnu_arm/7.2_2017q4/bin/../lib/gcc/arm-none-eabi/7.2.1/thumb/v7-m/crti.o
                0x0000000000004fe8                _fini
 .fini          0x0000000000004fec        0x8 /Applications/Simplicity Studio.app/Contents/Eclipse/developer/toolchains/gnu_arm/7.2_2017q4/bin/../lib/gcc/arm-none-eabi/7.2.1/thumb/v7-m/crtn.o
 *crtbegin.o(.ctors)
 *crtbegin?.o(.ctors)
 *(EXCLUDE_FILE(*crtend.o *crtend?.o) .ctors)
 *(SORT_BY_NAME(.ctors.*))
 *(.ctors)
 *crtbegin.o(.dtors)
 *crtbegin?.o(.dtors)
 *(EXCLUDE_FILE(*crtend.o *crtend?.o) .dtors)
 *(SORT_BY_NAME(.dtors.*))
 *(.dtors)
 *(.rodata*)
 .rodata.channelsInUse
                0x0000000000004ff4       0x10 ./Drivers/caplesense.o
 .rodata        0x0000000000005004       0x2c ./Drivers/caplesense.o
 .rodata.initACMP.6224
                0x0000000000005030       0x14 ./Drivers/caplesense.o
 .rodata.initLESENSE.6234
                0x0000000000005044       0x40 ./Drivers/caplesense.o
 .rodata.initChsSleep.6233
                0x0000000000005084      0x200 ./Drivers/caplesense.o
 .rodata.initChsSense.6232
                0x0000000000005284      0x200 ./Drivers/caplesense.o
 .rodata.EFM_Display
                0x0000000000005484      0x1fe ./Drivers/segmentlcd.o
 *fill*         0x0000000000005682        0x2 
 .rodata.Segment_Alphabet
                0x0000000000005684       0xb8 ./Drivers/segmentlcd.o
 .rodata.Segment_Numbers
                0x000000000000573c       0x22 ./Drivers/segmentlcd.o
 *fill*         0x000000000000575e        0x2 
 .rodata.lcdInit
                0x0000000000005760       0x14 ./Drivers/segmentlcd.o
 .rodata.EFM_Display
                0x0000000000005774      0x1fe ./src/My_Segment_functions.o
 *fill*         0x0000000000005972        0x2 
 .rodata        0x0000000000005974       0x34 ./src/My_Segment_functions.o
 .rodata._global_impure_ptr
                0x00000000000059a8        0x4 /Applications/Simplicity Studio.app/Contents/Eclipse/developer/toolchains/gnu_arm/7.2_2017q4/bin/../lib/gcc/arm-none-eabi/7.2.1/../../../../arm-none-eabi/lib/thumb/v7-m/libc_nano.a(lib_a-impure.o)
                0x00000000000059a8                _global_impure_ptr
 .rodata._svfprintf_r.str1.1
                0x00000000000059ac       0x11 /Applications/Simplicity Studio.app/Contents/Eclipse/developer/toolchains/gnu_arm/7.2_2017q4/bin/../lib/gcc/arm-none-eabi/7.2.1/../../../../arm-none-eabi/lib/thumb/v7-m/libc_nano.a(lib_a-nano-svfprintf.o)
 .rodata._printf_i.str1.1
                0x00000000000059bd       0x22 /Applications/Simplicity Studio.app/Contents/Eclipse/developer/toolchains/gnu_arm/7.2_2017q4/bin/../lib/gcc/arm-none-eabi/7.2.1/../../../../arm-none-eabi/lib/thumb/v7-m/libc_nano.a(lib_a-nano-vfprintf_i.o)
 *(.eh_frame*)
 *fill*         0x00000000000059df        0x1 
 .eh_frame      0x00000000000059e0        0x0 /Applications/Simplicity Studio.app/Contents/Eclipse/developer/toolchains/gnu_arm/7.2_2017q4/bin/../lib/gcc/arm-none-eabi/7.2.1/thumb/v7-m/crtbegin.o
 .eh_frame      0x00000000000059e0        0x4 /Applications/Simplicity Studio.app/Contents/Eclipse/developer/toolchains/gnu_arm/7.2_2017q4/bin/../lib/gcc/arm-none-eabi/7.2.1/thumb/v7-m/crtend.o

.glue_7         0x00000000000059e4        0x0
 .glue_7        0x00000000000059e4        0x0 linker stubs

.glue_7t        0x00000000000059e4        0x0
 .glue_7t       0x00000000000059e4        0x0 linker stubs

.vfp11_veneer   0x00000000000059e4        0x0
 .vfp11_veneer  0x00000000000059e4        0x0 linker stubs

.v4_bx          0x00000000000059e4        0x0
 .v4_bx         0x00000000000059e4        0x0 linker stubs

.iplt           0x00000000000059e4        0x0
 .iplt          0x00000000000059e4        0x0 /Applications/Simplicity Studio.app/Contents/Eclipse/developer/toolchains/gnu_arm/7.2_2017q4/bin/../lib/gcc/arm-none-eabi/7.2.1/thumb/v7-m/crtbegin.o

.ARM.extab
 *(.ARM.extab* .gnu.linkonce.armextab.*)
                0x00000000000059e4                __exidx_start = .

.ARM.exidx      0x00000000000059e4        0x8
 *(.ARM.exidx* .gnu.linkonce.armexidx.*)
 .ARM.exidx     0x00000000000059e4        0x8 /Applications/Simplicity Studio.app/Contents/Eclipse/developer/toolchains/gnu_arm/7.2_2017q4/bin/../lib/gcc/arm-none-eabi/7.2.1/../../../../arm-none-eabi/lib/thumb/v7-m/crt0.o
                0x00000000000059ec                __exidx_end = .
                0x00000000000059ec                __etext = .

.rel.dyn        0x00000000000059ec        0x0
 .rel.iplt      0x00000000000059ec        0x0 /Applications/Simplicity Studio.app/Contents/Eclipse/developer/toolchains/gnu_arm/7.2_2017q4/bin/../lib/gcc/arm-none-eabi/7.2.1/thumb/v7-m/crtbegin.o

.data           0x0000000020000000       0xc8 load address 0x00000000000059ec
                0x0000000020000000                __data_start__ = .
 *(vtable)
 *(.data*)
 .data.SystemHFXOClock
                0x0000000020000000        0x4 ./CMSIS/EFM32GG/system_efm32gg.o
 .data.SystemLFXOClock
                0x0000000020000004        0x4 ./CMSIS/EFM32GG/system_efm32gg.o
 .data.SystemCoreClock
                0x0000000020000008        0x4 ./CMSIS/EFM32GG/system_efm32gg.o
                0x0000000020000008                SystemCoreClock
 .data.channelMaxValues
                0x000000002000000c       0x40 ./Drivers/caplesense.o
 .data.init.6230
                0x000000002000004c        0x1 ./Drivers/caplesense.o
 .data.comp_int_disabled
                0x000000002000004d        0x1 ./service/sl_sleeptimer_hal_rtc.o
 *fill*         0x000000002000004e        0x2 
 .data.first_enter_difficulty_ring
                0x0000000020000050        0x4 ./src/My_Segment_functions.o
                0x0000000020000050                first_enter_difficulty_ring
 .data.Diff_Time_Elapsed
                0x0000000020000054        0x1 ./src/My_Segment_functions.o
                0x0000000020000054                Diff_Time_Elapsed
 .data.Diff_Time_Start
                0x0000000020000055        0x1 ./src/My_Segment_functions.o
                0x0000000020000055                Diff_Time_Start
 .data.Time_Elapsed
                0x0000000020000056        0x1 ./src/My_Segment_functions.o
                0x0000000020000056                Time_Elapsed
 .data.Start_Ducks
                0x0000000020000057        0x1 ./src/My_Segment_functions.o
                0x0000000020000057                Start_Ducks
 .data.msg      0x0000000020000058        0x4 ./src/My_Segment_functions.o
                0x0000000020000058                msg
 .data._impure_ptr
                0x000000002000005c        0x4 /Applications/Simplicity Studio.app/Contents/Eclipse/developer/toolchains/gnu_arm/7.2_2017q4/bin/../lib/gcc/arm-none-eabi/7.2.1/../../../../arm-none-eabi/lib/thumb/v7-m/libc_nano.a(lib_a-impure.o)
                0x000000002000005c                _impure_ptr
 .data.impure_data
                0x0000000020000060       0x60 /Applications/Simplicity Studio.app/Contents/Eclipse/developer/toolchains/gnu_arm/7.2_2017q4/bin/../lib/gcc/arm-none-eabi/7.2.1/../../../../arm-none-eabi/lib/thumb/v7-m/libc_nano.a(lib_a-impure.o)
                0x00000000200000c0                . = ALIGN (0x4)
                [!provide]                        PROVIDE (__ram_func_section_start, .)
 *(.ram)
                [!provide]                        PROVIDE (__ram_func_section_end, .)
                0x00000000200000c0                . = ALIGN (0x4)
                0x00000000200000c0                PROVIDE (__preinit_array_start, .)
 *(.preinit_array)
                0x00000000200000c0                PROVIDE (__preinit_array_end, .)
                0x00000000200000c0                . = ALIGN (0x4)
                0x00000000200000c0                PROVIDE (__init_array_start, .)
 *(SORT_BY_NAME(.init_array.*))
 *(.init_array)
 .init_array    0x00000000200000c0        0x4 /Applications/Simplicity Studio.app/Contents/Eclipse/developer/toolchains/gnu_arm/7.2_2017q4/bin/../lib/gcc/arm-none-eabi/7.2.1/thumb/v7-m/crtbegin.o
                0x00000000200000c4                PROVIDE (__init_array_end, .)
                0x00000000200000c4                . = ALIGN (0x4)
                [!provide]                        PROVIDE (__fini_array_start, .)
 *(SORT_BY_NAME(.fini_array.*))
 *(.fini_array)
 .fini_array    0x00000000200000c4        0x4 /Applications/Simplicity Studio.app/Contents/Eclipse/developer/toolchains/gnu_arm/7.2_2017q4/bin/../lib/gcc/arm-none-eabi/7.2.1/thumb/v7-m/crtbegin.o
                [!provide]                        PROVIDE (__fini_array_end, .)
 *(.jcr*)
                0x00000000200000c8                . = ALIGN (0x4)
                0x00000000200000c8                __data_end__ = .

.igot.plt       0x00000000200000c8        0x0 load address 0x0000000000005ab4
 .igot.plt      0x00000000200000c8        0x0 /Applications/Simplicity Studio.app/Contents/Eclipse/developer/toolchains/gnu_arm/7.2_2017q4/bin/../lib/gcc/arm-none-eabi/7.2.1/thumb/v7-m/crtbegin.o

.bss            0x00000000200000c8       0xcc load address 0x0000000000005ab4
                0x00000000200000c8                . = ALIGN (0x4)
                0x00000000200000c8                __bss_start__ = .
 *(.bss*)
 .bss           0x00000000200000c8       0x1c /Applications/Simplicity Studio.app/Contents/Eclipse/developer/toolchains/gnu_arm/7.2_2017q4/bin/../lib/gcc/arm-none-eabi/7.2.1/thumb/v7-m/crtbegin.o
 .bss.channelValues
                0x00000000200000e4       0x40 ./Drivers/caplesense.o
 .bss.lesenseScanCb
                0x0000000020000124        0x4 ./Drivers/caplesense.o
 .bss.lesenseChCb
                0x0000000020000128        0x4 ./Drivers/caplesense.o
 .bss.currentChannel
                0x000000002000012c        0x1 ./Drivers/caplesense.o
 *fill*         0x000000002000012d        0x3 
 .bss.capsenseCalibrateVals.6231
                0x0000000020000130        0x8 ./Drivers/caplesense.o
 .bss.cmuStatus.5798
                0x0000000020000138        0x4 ./emlib/em_emu.o
 .bss.hfClock.5799
                0x000000002000013c        0x1 ./emlib/em_emu.o
 *fill*         0x000000002000013d        0x1 
 .bss.overflow_counter
                0x000000002000013e        0x2 ./service/sl_sleeptimer.o
 .bss.timer_head
                0x0000000020000140        0x4 ./service/sl_sleeptimer.o
 .bss.last_delta_update_count
                0x0000000020000144        0x4 ./service/sl_sleeptimer.o
 .bss.rtc_overflow_count
                0x0000000020000148        0x1 ./service/sl_sleeptimer_hal_rtc.o
 *fill*         0x0000000020000149        0x3 
 .bss.compare_value_32
                0x000000002000014c        0x4 ./service/sl_sleeptimer_hal_rtc.o
 .bss.segment_to_light_prev
                0x0000000020000150        0x4 ./src/My_Segment_functions.o
                0x0000000020000150                segment_to_light_prev
 .bss.difficulty
                0x0000000020000154        0x4 ./src/My_Segment_functions.o
                0x0000000020000154                difficulty
 .bss.Num_Of_Ducks
                0x0000000020000158        0x4 ./src/My_Segment_functions.o
                0x0000000020000158                Num_Of_Ducks
 .bss.Ducks_Hit
                0x000000002000015c        0x4 ./src/My_Segment_functions.o
                0x000000002000015c                Ducks_Hit
 .bss.duckPos   0x0000000020000160        0x4 ./src/My_Segment_functions.o
                0x0000000020000160                duckPos
 .bss.diffOffset
                0x0000000020000164        0x4 ./src/My_Segment_functions.o
                0x0000000020000164                diffOffset
 .bss.start     0x0000000020000168        0x4 ./src/My_Segment_functions.o
                0x0000000020000168                start
 .bss.stop      0x000000002000016c        0x4 ./src/My_Segment_functions.o
                0x000000002000016c                stop
 .bss.diff_start
                0x0000000020000170        0x4 ./src/My_Segment_functions.o
                0x0000000020000170                diff_start
 .bss.diff_stop
                0x0000000020000174        0x4 ./src/My_Segment_functions.o
                0x0000000020000174                diff_stop
 .bss.msTicks   0x0000000020000178        0x4 ./src/My_Segment_functions.o
                0x0000000020000178                msTicks
 .bss.difficultySet
                0x000000002000017c        0x1 ./src/My_Segment_functions.o
                0x000000002000017c                difficultySet
 .bss.outOfDucks
                0x000000002000017d        0x1 ./src/My_Segment_functions.o
                0x000000002000017d                outOfDucks
 .bss.gameState
                0x000000002000017e        0x1 ./src/main.o
 *fill*         0x000000002000017f        0x1 
 .bss.__malloc_free_list
                0x0000000020000180        0x4 /Applications/Simplicity Studio.app/Contents/Eclipse/developer/toolchains/gnu_arm/7.2_2017q4/bin/../lib/gcc/arm-none-eabi/7.2.1/../../../../arm-none-eabi/lib/thumb/v7-m/libc_nano.a(lib_a-nano-mallocr.o)
                0x0000000020000180                __malloc_free_list
 .bss.__malloc_sbrk_start
                0x0000000020000184        0x4 /Applications/Simplicity Studio.app/Contents/Eclipse/developer/toolchains/gnu_arm/7.2_2017q4/bin/../lib/gcc/arm-none-eabi/7.2.1/../../../../arm-none-eabi/lib/thumb/v7-m/libc_nano.a(lib_a-nano-mallocr.o)
                0x0000000020000184                __malloc_sbrk_start
 .bss.heap_end.4102
                0x0000000020000188        0x4 /Applications/Simplicity Studio.app/Contents/Eclipse/developer/toolchains/gnu_arm/7.2_2017q4/bin/../lib/gcc/arm-none-eabi/7.2.1/../../../../arm-none-eabi/lib/thumb/v7-m/libnosys.a(sbrk.o)
 *(COMMON)
 COMMON         0x000000002000018c        0x2 ./src/main.o
                0x000000002000018c                shoot
                0x000000002000018d                hunterState
 *fill*         0x000000002000018e        0x2 
 COMMON         0x0000000020000190        0x4 /Applications/Simplicity Studio.app/Contents/Eclipse/developer/toolchains/gnu_arm/7.2_2017q4/bin/../lib/gcc/arm-none-eabi/7.2.1/../../../../arm-none-eabi/lib/thumb/v7-m/libc_nano.a(lib_a-reent.o)
                0x0000000020000190                errno
                0x0000000020000194                . = ALIGN (0x4)
                0x0000000020000194                __bss_end__ = .

.heap           0x0000000020000198      0xc00
                0x0000000020000198                __HeapBase = .
                0x0000000020000198                __end__ = .
                0x0000000020000198                end = __end__
                0x0000000020000198                _end = __end__
 *(.heap*)
 .heap          0x0000000020000198      0xc00 ./CMSIS/EFM32GG/startup_gcc_efm32gg.o
                0x0000000020000d98                __HeapLimit = .

.stack_dummy    0x0000000020000198      0x400
 *(.stack*)
 .stack         0x0000000020000198      0x400 ./CMSIS/EFM32GG/startup_gcc_efm32gg.o
                0x0000000020020000                __StackTop = (ORIGIN (RAM) + LENGTH (RAM))
                0x000000002001fc00                __StackLimit = (__StackTop - SIZEOF (.stack_dummy))
                0x0000000020020000                PROVIDE (__stack, __StackTop)
                0x0000000000000001                ASSERT ((__StackLimit >= __HeapLimit), region RAM overflowed with stack)
                0x0000000000000001                ASSERT ((LENGTH (FLASH) >= (__etext + SIZEOF (.data))), FLASH memory overflowed !)
OUTPUT(hazi.axf elf32-littlearm)

.ARM.attributes
                0x0000000000000000       0x29
 .ARM.attributes
                0x0000000000000000       0x1d /Applications/Simplicity Studio.app/Contents/Eclipse/developer/toolchains/gnu_arm/7.2_2017q4/bin/../lib/gcc/arm-none-eabi/7.2.1/thumb/v7-m/crti.o
 .ARM.attributes
                0x000000000000001d       0x2d /Applications/Simplicity Studio.app/Contents/Eclipse/developer/toolchains/gnu_arm/7.2_2017q4/bin/../lib/gcc/arm-none-eabi/7.2.1/thumb/v7-m/crtbegin.o
 .ARM.attributes
                0x000000000000004a       0x1b /Applications/Simplicity Studio.app/Contents/Eclipse/developer/toolchains/gnu_arm/7.2_2017q4/bin/../lib/gcc/arm-none-eabi/7.2.1/../../../../arm-none-eabi/lib/thumb/v7-m/crt0.o
 .ARM.attributes
                0x0000000000000065       0x1b ./CMSIS/EFM32GG/startup_gcc_efm32gg.o
 .ARM.attributes
                0x0000000000000080       0x33 ./CMSIS/EFM32GG/system_efm32gg.o
 .ARM.attributes
                0x00000000000000b3       0x33 ./Drivers/caplesense.o
 .ARM.attributes
                0x00000000000000e6       0x33 ./Drivers/segmentlcd.o
 .ARM.attributes
                0x0000000000000119       0x33 ./emlib/em_acmp.o
 .ARM.attributes
                0x000000000000014c       0x33 ./emlib/em_cmu.o
 .ARM.attributes
                0x000000000000017f       0x33 ./emlib/em_core.o
 .ARM.attributes
                0x00000000000001b2       0x33 ./emlib/em_emu.o
 .ARM.attributes
                0x00000000000001e5       0x33 ./emlib/em_gpio.o
 .ARM.attributes
                0x0000000000000218       0x33 ./emlib/em_lcd.o
 .ARM.attributes
                0x000000000000024b       0x33 ./emlib/em_lesense.o
 .ARM.attributes
                0x000000000000027e       0x33 ./emlib/em_rtc.o
 .ARM.attributes
                0x00000000000002b1       0x33 ./emlib/em_system.o
 .ARM.attributes
                0x00000000000002e4       0x33 ./service/sl_sleeptimer.o
 .ARM.attributes
                0x0000000000000317       0x33 ./service/sl_sleeptimer_hal_rtc.o
 .ARM.attributes
                0x000000000000034a       0x33 ./src/My_Segment_functions.o
 .ARM.attributes
                0x000000000000037d       0x33 ./src/main.o
 .ARM.attributes
                0x00000000000003b0       0x2d /Applications/Simplicity Studio.app/Contents/Eclipse/developer/toolchains/gnu_arm/7.2_2017q4/bin/../lib/gcc/arm-none-eabi/7.2.1/../../../../arm-none-eabi/lib/thumb/v7-m/libc_nano.a(lib_a-abs.o)
 .ARM.attributes
                0x00000000000003dd       0x2d /Applications/Simplicity Studio.app/Contents/Eclipse/developer/toolchains/gnu_arm/7.2_2017q4/bin/../lib/gcc/arm-none-eabi/7.2.1/../../../../arm-none-eabi/lib/thumb/v7-m/libc_nano.a(lib_a-exit.o)
 .ARM.attributes
                0x000000000000040a       0x2d /Applications/Simplicity Studio.app/Contents/Eclipse/developer/toolchains/gnu_arm/7.2_2017q4/bin/../lib/gcc/arm-none-eabi/7.2.1/../../../../arm-none-eabi/lib/thumb/v7-m/libc_nano.a(lib_a-impure.o)
 .ARM.attributes
                0x0000000000000437       0x2d /Applications/Simplicity Studio.app/Contents/Eclipse/developer/toolchains/gnu_arm/7.2_2017q4/bin/../lib/gcc/arm-none-eabi/7.2.1/../../../../arm-none-eabi/lib/thumb/v7-m/libc_nano.a(lib_a-init.o)
 .ARM.attributes
                0x0000000000000464       0x2d /Applications/Simplicity Studio.app/Contents/Eclipse/developer/toolchains/gnu_arm/7.2_2017q4/bin/../lib/gcc/arm-none-eabi/7.2.1/../../../../arm-none-eabi/lib/thumb/v7-m/libc_nano.a(lib_a-memset.o)
 .ARM.attributes
                0x0000000000000491       0x2d /Applications/Simplicity Studio.app/Contents/Eclipse/developer/toolchains/gnu_arm/7.2_2017q4/bin/../lib/gcc/arm-none-eabi/7.2.1/../../../../arm-none-eabi/lib/thumb/v7-m/libc_nano.a(lib_a-rand.o)
 .ARM.attributes
                0x00000000000004be       0x2d /Applications/Simplicity Studio.app/Contents/Eclipse/developer/toolchains/gnu_arm/7.2_2017q4/bin/../lib/gcc/arm-none-eabi/7.2.1/../../../../arm-none-eabi/lib/thumb/v7-m/libc_nano.a(lib_a-snprintf.o)
 .ARM.attributes
                0x00000000000004eb       0x2d /Applications/Simplicity Studio.app/Contents/Eclipse/developer/toolchains/gnu_arm/7.2_2017q4/bin/../lib/gcc/arm-none-eabi/7.2.1/../../../../arm-none-eabi/lib/thumb/v7-m/libc_nano.a(lib_a-sprintf.o)
 .ARM.attributes
                0x0000000000000518       0x2d /Applications/Simplicity Studio.app/Contents/Eclipse/developer/toolchains/gnu_arm/7.2_2017q4/bin/../lib/gcc/arm-none-eabi/7.2.1/../../../../arm-none-eabi/lib/thumb/v7-m/libc_nano.a(lib_a-strcat.o)
 .ARM.attributes
                0x0000000000000545       0x2d /Applications/Simplicity Studio.app/Contents/Eclipse/developer/toolchains/gnu_arm/7.2_2017q4/bin/../lib/gcc/arm-none-eabi/7.2.1/../../../../arm-none-eabi/lib/thumb/v7-m/libc_nano.a(lib_a-strcpy.o)
 .ARM.attributes
                0x0000000000000572       0x17 /Applications/Simplicity Studio.app/Contents/Eclipse/developer/toolchains/gnu_arm/7.2_2017q4/bin/../lib/gcc/arm-none-eabi/7.2.1/../../../../arm-none-eabi/lib/thumb/v7-m/libc_nano.a(lib_a-strlen.o)
 .ARM.attributes
                0x0000000000000589       0x2d /Applications/Simplicity Studio.app/Contents/Eclipse/developer/toolchains/gnu_arm/7.2_2017q4/bin/../lib/gcc/arm-none-eabi/7.2.1/../../../../arm-none-eabi/lib/thumb/v7-m/libc_nano.a(lib_a-time.o)
 .ARM.attributes
                0x00000000000005b6       0x2d /Applications/Simplicity Studio.app/Contents/Eclipse/developer/toolchains/gnu_arm/7.2_2017q4/bin/../lib/gcc/arm-none-eabi/7.2.1/../../../../arm-none-eabi/lib/thumb/v7-m/libc_nano.a(lib_a-gettimeofdayr.o)
 .ARM.attributes
                0x00000000000005e3       0x2d /Applications/Simplicity Studio.app/Contents/Eclipse/developer/toolchains/gnu_arm/7.2_2017q4/bin/../lib/gcc/arm-none-eabi/7.2.1/../../../../arm-none-eabi/lib/thumb/v7-m/libc_nano.a(lib_a-malloc.o)
 .ARM.attributes
                0x0000000000000610       0x2d /Applications/Simplicity Studio.app/Contents/Eclipse/developer/toolchains/gnu_arm/7.2_2017q4/bin/../lib/gcc/arm-none-eabi/7.2.1/../../../../arm-none-eabi/lib/thumb/v7-m/libc_nano.a(lib_a-nano-freer.o)
 .ARM.attributes
                0x000000000000063d       0x2d /Applications/Simplicity Studio.app/Contents/Eclipse/developer/toolchains/gnu_arm/7.2_2017q4/bin/../lib/gcc/arm-none-eabi/7.2.1/../../../../arm-none-eabi/lib/thumb/v7-m/libc_nano.a(lib_a-nano-mallocr.o)
 .ARM.attributes
                0x000000000000066a       0x2d /Applications/Simplicity Studio.app/Contents/Eclipse/developer/toolchains/gnu_arm/7.2_2017q4/bin/../lib/gcc/arm-none-eabi/7.2.1/../../../../arm-none-eabi/lib/thumb/v7-m/libc_nano.a(lib_a-nano-svfprintf.o)
 .ARM.attributes
                0x0000000000000697       0x2d /Applications/Simplicity Studio.app/Contents/Eclipse/developer/toolchains/gnu_arm/7.2_2017q4/bin/../lib/gcc/arm-none-eabi/7.2.1/../../../../arm-none-eabi/lib/thumb/v7-m/libc_nano.a(lib_a-nano-vfprintf_i.o)
 .ARM.attributes
                0x00000000000006c4       0x2d /Applications/Simplicity Studio.app/Contents/Eclipse/developer/toolchains/gnu_arm/7.2_2017q4/bin/../lib/gcc/arm-none-eabi/7.2.1/../../../../arm-none-eabi/lib/thumb/v7-m/libc_nano.a(lib_a-reent.o)
 .ARM.attributes
                0x00000000000006f1       0x2d /Applications/Simplicity Studio.app/Contents/Eclipse/developer/toolchains/gnu_arm/7.2_2017q4/bin/../lib/gcc/arm-none-eabi/7.2.1/../../../../arm-none-eabi/lib/thumb/v7-m/libc_nano.a(lib_a-sbrkr.o)
 .ARM.attributes
                0x000000000000071e       0x2d /Applications/Simplicity Studio.app/Contents/Eclipse/developer/toolchains/gnu_arm/7.2_2017q4/bin/../lib/gcc/arm-none-eabi/7.2.1/../../../../arm-none-eabi/lib/thumb/v7-m/libc_nano.a(lib_a-memchr-stub.o)
 .ARM.attributes
                0x000000000000074b       0x2d /Applications/Simplicity Studio.app/Contents/Eclipse/developer/toolchains/gnu_arm/7.2_2017q4/bin/../lib/gcc/arm-none-eabi/7.2.1/../../../../arm-none-eabi/lib/thumb/v7-m/libc_nano.a(lib_a-memcpy-stub.o)
 .ARM.attributes
                0x0000000000000778       0x2d /Applications/Simplicity Studio.app/Contents/Eclipse/developer/toolchains/gnu_arm/7.2_2017q4/bin/../lib/gcc/arm-none-eabi/7.2.1/../../../../arm-none-eabi/lib/thumb/v7-m/libc_nano.a(lib_a-memmove.o)
 .ARM.attributes
                0x00000000000007a5       0x2d /Applications/Simplicity Studio.app/Contents/Eclipse/developer/toolchains/gnu_arm/7.2_2017q4/bin/../lib/gcc/arm-none-eabi/7.2.1/../../../../arm-none-eabi/lib/thumb/v7-m/libc_nano.a(lib_a-mlock.o)
 .ARM.attributes
                0x00000000000007d2       0x2d /Applications/Simplicity Studio.app/Contents/Eclipse/developer/toolchains/gnu_arm/7.2_2017q4/bin/../lib/gcc/arm-none-eabi/7.2.1/../../../../arm-none-eabi/lib/thumb/v7-m/libc_nano.a(lib_a-nano-reallocr.o)
 .ARM.attributes
                0x00000000000007ff       0x2d /Applications/Simplicity Studio.app/Contents/Eclipse/developer/toolchains/gnu_arm/7.2_2017q4/bin/../lib/gcc/arm-none-eabi/7.2.1/../../../../arm-none-eabi/lib/thumb/v7-m/libc_nano.a(lib_a-nano-msizer.o)
 .ARM.attributes
                0x000000000000082c       0x2d /Applications/Simplicity Studio.app/Contents/Eclipse/developer/toolchains/gnu_arm/7.2_2017q4/bin/../lib/gcc/arm-none-eabi/7.2.1/../../../../arm-none-eabi/lib/thumb/v7-m/libnosys.a(gettod.o)
 .ARM.attributes
                0x0000000000000859       0x2d /Applications/Simplicity Studio.app/Contents/Eclipse/developer/toolchains/gnu_arm/7.2_2017q4/bin/../lib/gcc/arm-none-eabi/7.2.1/../../../../arm-none-eabi/lib/thumb/v7-m/libnosys.a(sbrk.o)
 .ARM.attributes
                0x0000000000000886       0x2d /Applications/Simplicity Studio.app/Contents/Eclipse/developer/toolchains/gnu_arm/7.2_2017q4/bin/../lib/gcc/arm-none-eabi/7.2.1/../../../../arm-none-eabi/lib/thumb/v7-m/libnosys.a(_exit.o)
 .ARM.attributes
                0x00000000000008b3       0x2d /Applications/Simplicity Studio.app/Contents/Eclipse/developer/toolchains/gnu_arm/7.2_2017q4/bin/../lib/gcc/arm-none-eabi/7.2.1/thumb/v7-m/crtend.o
 .ARM.attributes
                0x00000000000008e0       0x1d /Applications/Simplicity Studio.app/Contents/Eclipse/developer/toolchains/gnu_arm/7.2_2017q4/bin/../lib/gcc/arm-none-eabi/7.2.1/thumb/v7-m/crtn.o

.comment        0x0000000000000000       0x7e
 .comment       0x0000000000000000       0x7e ./CMSIS/EFM32GG/system_efm32gg.o
                                         0x7f (size before relaxing)
 .comment       0x000000000000007e       0x7f ./Drivers/caplesense.o
 .comment       0x000000000000007e       0x7f ./Drivers/segmentlcd.o
 .comment       0x000000000000007e       0x7f ./emlib/em_acmp.o
 .comment       0x000000000000007e       0x7f ./emlib/em_cmu.o
 .comment       0x000000000000007e       0x7f ./emlib/em_core.o
 .comment       0x000000000000007e       0x7f ./emlib/em_emu.o
 .comment       0x000000000000007e       0x7f ./emlib/em_gpio.o
 .comment       0x000000000000007e       0x7f ./emlib/em_lcd.o
 .comment       0x000000000000007e       0x7f ./emlib/em_lesense.o
 .comment       0x000000000000007e       0x7f ./emlib/em_rtc.o
 .comment       0x000000000000007e       0x7f ./emlib/em_system.o
 .comment       0x000000000000007e       0x7f ./service/sl_sleeptimer.o
 .comment       0x000000000000007e       0x7f ./service/sl_sleeptimer_hal_rtc.o
 .comment       0x000000000000007e       0x7f ./src/My_Segment_functions.o
 .comment       0x000000000000007e       0x7f ./src/main.o

.debug_line     0x0000000000000000     0xbc26
 .debug_line    0x0000000000000000       0x72 ./CMSIS/EFM32GG/startup_gcc_efm32gg.o
 .debug_line    0x0000000000000072      0x8a3 ./CMSIS/EFM32GG/system_efm32gg.o
 .debug_line    0x0000000000000915      0xc13 ./Drivers/caplesense.o
 .debug_line    0x0000000000001528      0xe1f ./Drivers/segmentlcd.o
 .debug_line    0x0000000000002347      0x994 ./emlib/em_acmp.o
 .debug_line    0x0000000000002cdb     0x113e ./emlib/em_cmu.o
 .debug_line    0x0000000000003e19      0xbae ./emlib/em_core.o
 .debug_line    0x00000000000049c7      0xc96 ./emlib/em_emu.o
 .debug_line    0x000000000000565d      0xa38 ./emlib/em_gpio.o
 .debug_line    0x0000000000006095      0xa8c ./emlib/em_lcd.o
 .debug_line    0x0000000000006b21      0xc38 ./emlib/em_lesense.o
 .debug_line    0x0000000000007759      0x90e ./emlib/em_rtc.o
 .debug_line    0x0000000000008067      0x890 ./emlib/em_system.o
 .debug_line    0x00000000000088f7      0xea0 ./service/sl_sleeptimer.o
 .debug_line    0x0000000000009797      0xc87 ./service/sl_sleeptimer_hal_rtc.o
 .debug_line    0x000000000000a41e      0xbf2 ./src/My_Segment_functions.o
 .debug_line    0x000000000000b010      0xc16 ./src/main.o

.debug_info     0x0000000000000000     0xebb3
 .debug_info    0x0000000000000000       0x26 ./CMSIS/EFM32GG/startup_gcc_efm32gg.o
 .debug_info    0x0000000000000026      0x7a7 ./CMSIS/EFM32GG/system_efm32gg.o
 .debug_info    0x00000000000007cd     0x17ea ./Drivers/caplesense.o
 .debug_info    0x0000000000001fb7     0x1bfd ./Drivers/segmentlcd.o
 .debug_info    0x0000000000003bb4      0x6b6 ./emlib/em_acmp.o
 .debug_info    0x000000000000426a     0x1624 ./emlib/em_cmu.o
 .debug_info    0x000000000000588e      0xda0 ./emlib/em_core.o
 .debug_info    0x000000000000662e     0x118a ./emlib/em_emu.o
 .debug_info    0x00000000000077b8      0x6f4 ./emlib/em_gpio.o
 .debug_info    0x0000000000007eac      0xb0e ./emlib/em_lcd.o
 .debug_info    0x00000000000089ba     0x14fd ./emlib/em_lesense.o
 .debug_info    0x0000000000009eb7      0x39f ./emlib/em_rtc.o
 .debug_info    0x000000000000a256      0x2d6 ./emlib/em_system.o
 .debug_info    0x000000000000a52c     0x143d ./service/sl_sleeptimer.o
 .debug_info    0x000000000000b969      0x9ae ./service/sl_sleeptimer_hal_rtc.o
 .debug_info    0x000000000000c317     0x102d ./src/My_Segment_functions.o
 .debug_info    0x000000000000d344     0x186f ./src/main.o

.debug_abbrev   0x0000000000000000     0x272f
 .debug_abbrev  0x0000000000000000       0x14 ./CMSIS/EFM32GG/startup_gcc_efm32gg.o
 .debug_abbrev  0x0000000000000014      0x1eb ./CMSIS/EFM32GG/system_efm32gg.o
 .debug_abbrev  0x00000000000001ff      0x30c ./Drivers/caplesense.o
 .debug_abbrev  0x000000000000050b      0x2ba ./Drivers/segmentlcd.o
 .debug_abbrev  0x00000000000007c5      0x1f1 ./emlib/em_acmp.o
 .debug_abbrev  0x00000000000009b6      0x307 ./emlib/em_cmu.o
 .debug_abbrev  0x0000000000000cbd      0x28f ./emlib/em_core.o
 .debug_abbrev  0x0000000000000f4c      0x2ad ./emlib/em_emu.o
 .debug_abbrev  0x00000000000011f9      0x21d ./emlib/em_gpio.o
 .debug_abbrev  0x0000000000001416      0x24b ./emlib/em_lcd.o
 .debug_abbrev  0x0000000000001661      0x28b ./emlib/em_lesense.o
 .debug_abbrev  0x00000000000018ec      0x1e0 ./emlib/em_rtc.o
 .debug_abbrev  0x0000000000001acc      0x153 ./emlib/em_system.o
 .debug_abbrev  0x0000000000001c1f      0x2eb ./service/sl_sleeptimer.o
 .debug_abbrev  0x0000000000001f0a      0x27d ./service/sl_sleeptimer_hal_rtc.o
 .debug_abbrev  0x0000000000002187      0x265 ./src/My_Segment_functions.o
 .debug_abbrev  0x00000000000023ec      0x343 ./src/main.o

.debug_aranges  0x0000000000000000      0xad0
 .debug_aranges
                0x0000000000000000       0x20 ./CMSIS/EFM32GG/startup_gcc_efm32gg.o
 .debug_aranges
                0x0000000000000020       0x70 ./CMSIS/EFM32GG/system_efm32gg.o
 .debug_aranges
                0x0000000000000090       0xc0 ./Drivers/caplesense.o
 .debug_aranges
                0x0000000000000150       0xc8 ./Drivers/segmentlcd.o
 .debug_aranges
                0x0000000000000218       0x68 ./emlib/em_acmp.o
 .debug_aranges
                0x0000000000000280      0x180 ./emlib/em_cmu.o
 .debug_aranges
                0x0000000000000400       0xe8 ./emlib/em_core.o
 .debug_aranges
                0x00000000000004e8       0xe8 ./emlib/em_emu.o
 .debug_aranges
                0x00000000000005d0       0x78 ./emlib/em_gpio.o
 .debug_aranges
                0x0000000000000648       0xa8 ./emlib/em_lcd.o
 .debug_aranges
                0x00000000000006f0       0xc8 ./emlib/em_lesense.o
 .debug_aranges
                0x00000000000007b8       0x58 ./emlib/em_rtc.o
 .debug_aranges
                0x0000000000000810       0x28 ./emlib/em_system.o
 .debug_aranges
                0x0000000000000838       0xf0 ./service/sl_sleeptimer.o
 .debug_aranges
                0x0000000000000928       0xa8 ./service/sl_sleeptimer_hal_rtc.o
 .debug_aranges
                0x00000000000009d0       0x70 ./src/My_Segment_functions.o
 .debug_aranges
                0x0000000000000a40       0x90 ./src/main.o

.debug_str      0x0000000000000000    0xe5392
 .debug_str     0x0000000000000000       0x82 ./CMSIS/EFM32GG/startup_gcc_efm32gg.o
 .debug_str     0x0000000000000082    0xd2810 ./CMSIS/EFM32GG/system_efm32gg.o
                                      0xd2e8e (size before relaxing)
 .debug_str     0x00000000000d2892     0x4c63 ./Drivers/caplesense.o
                                      0xd7823 (size before relaxing)
 .debug_str     0x00000000000d74f5     0x6c42 ./Drivers/segmentlcd.o
                                      0xdb15c (size before relaxing)
 .debug_str     0x00000000000de137      0x2c5 ./emlib/em_acmp.o
                                      0xd381a (size before relaxing)
 .debug_str     0x00000000000de3fc      0xe12 ./emlib/em_cmu.o
                                      0xd6cca (size before relaxing)
 .debug_str     0x00000000000df20e      0x372 ./emlib/em_core.o
                                      0xd3ab4 (size before relaxing)
 .debug_str     0x00000000000df580      0x69d ./emlib/em_emu.o
                                      0xd6f0d (size before relaxing)
 .debug_str     0x00000000000dfc1d      0x274 ./emlib/em_gpio.o
                                      0xd36c2 (size before relaxing)
 .debug_str     0x00000000000dfe91      0x35f ./emlib/em_lcd.o
                                      0xd3328 (size before relaxing)
 .debug_str     0x00000000000e01f0      0x55d ./emlib/em_lesense.o
                                      0xd6111 (size before relaxing)
 .debug_str     0x00000000000e074d      0x129 ./emlib/em_rtc.o
                                      0xd2cd6 (size before relaxing)
 .debug_str     0x00000000000e0876       0xac ./emlib/em_system.o
                                      0xd2f57 (size before relaxing)
 .debug_str     0x00000000000e0922     0x449d ./service/sl_sleeptimer.o
                                      0xdac46 (size before relaxing)
 .debug_str     0x00000000000e4dbf      0x2a3 ./service/sl_sleeptimer_hal_rtc.o
                                      0xd8d97 (size before relaxing)
 .debug_str     0x00000000000e5062      0x21e ./src/My_Segment_functions.o
                                      0xd937c (size before relaxing)
 .debug_str     0x00000000000e5280      0x112 ./src/main.o
                                      0xdabf2 (size before relaxing)

.debug_loc      0x0000000000000000     0x5c09
 .debug_loc     0x0000000000000000      0x31c ./CMSIS/EFM32GG/system_efm32gg.o
 .debug_loc     0x000000000000031c      0x64a ./Drivers/caplesense.o
 .debug_loc     0x0000000000000966      0x66a ./Drivers/segmentlcd.o
 .debug_loc     0x0000000000000fd0      0x368 ./emlib/em_acmp.o
 .debug_loc     0x0000000000001338      0xe4c ./emlib/em_cmu.o
 .debug_loc     0x0000000000002184      0x88c ./emlib/em_core.o
 .debug_loc     0x0000000000002a10      0x7c0 ./emlib/em_emu.o
 .debug_loc     0x00000000000031d0      0x420 ./emlib/em_gpio.o
 .debug_loc     0x00000000000035f0      0x648 ./emlib/em_lcd.o
 .debug_loc     0x0000000000003c38      0x710 ./emlib/em_lesense.o
 .debug_loc     0x0000000000004348      0x28c ./emlib/em_rtc.o
 .debug_loc     0x00000000000045d4       0xb8 ./emlib/em_system.o
 .debug_loc     0x000000000000468c      0x8a1 ./service/sl_sleeptimer.o
 .debug_loc     0x0000000000004f2d      0x5ac ./service/sl_sleeptimer_hal_rtc.o
 .debug_loc     0x00000000000054d9      0x304 ./src/My_Segment_functions.o
 .debug_loc     0x00000000000057dd      0x42c ./src/main.o

.debug_ranges   0x0000000000000000      0x9b0
 .debug_ranges  0x0000000000000000       0x60 ./CMSIS/EFM32GG/system_efm32gg.o
 .debug_ranges  0x0000000000000060       0xb0 ./Drivers/caplesense.o
 .debug_ranges  0x0000000000000110       0xb8 ./Drivers/segmentlcd.o
 .debug_ranges  0x00000000000001c8       0x58 ./emlib/em_acmp.o
 .debug_ranges  0x0000000000000220      0x170 ./emlib/em_cmu.o
 .debug_ranges  0x0000000000000390       0xd8 ./emlib/em_core.o
 .debug_ranges  0x0000000000000468       0xd8 ./emlib/em_emu.o
 .debug_ranges  0x0000000000000540       0x68 ./emlib/em_gpio.o
 .debug_ranges  0x00000000000005a8       0x98 ./emlib/em_lcd.o
 .debug_ranges  0x0000000000000640       0xb8 ./emlib/em_lesense.o
 .debug_ranges  0x00000000000006f8       0x48 ./emlib/em_rtc.o
 .debug_ranges  0x0000000000000740       0x18 ./emlib/em_system.o
 .debug_ranges  0x0000000000000758       0xe0 ./service/sl_sleeptimer.o
 .debug_ranges  0x0000000000000838       0x98 ./service/sl_sleeptimer_hal_rtc.o
 .debug_ranges  0x00000000000008d0       0x60 ./src/My_Segment_functions.o
 .debug_ranges  0x0000000000000930       0x80 ./src/main.o

.debug_macro    0x0000000000000000     0x552f
 .debug_macro   0x0000000000000000      0x28e ./CMSIS/EFM32GG/system_efm32gg.o
 .debug_macro   0x000000000000028e      0x2fe ./Drivers/caplesense.o
 .debug_macro   0x000000000000058c       0x19 ./Drivers/caplesense.o
 .debug_macro   0x00000000000005a5       0x12 ./Drivers/caplesense.o
 .debug_macro   0x00000000000005b7       0xc0 ./Drivers/caplesense.o
 .debug_macro   0x0000000000000677       0x63 ./Drivers/caplesense.o
 .debug_macro   0x00000000000006da       0x9d ./Drivers/caplesense.o
 .debug_macro   0x0000000000000777      0x432 ./Drivers/segmentlcd.o
 .debug_macro   0x0000000000000ba9       0x52 ./Drivers/segmentlcd.o
 .debug_macro   0x0000000000000bfb       0x17 ./Drivers/segmentlcd.o
 .debug_macro   0x0000000000000c12       0x55 ./Drivers/segmentlcd.o
 .debug_macro   0x0000000000000c67       0x35 ./Drivers/segmentlcd.o
 .debug_macro   0x0000000000000c9c       0x9c ./Drivers/segmentlcd.o
 .debug_macro   0x0000000000000d38       0x16 ./Drivers/segmentlcd.o
 .debug_macro   0x0000000000000d4e       0x57 ./Drivers/segmentlcd.o
 .debug_macro   0x0000000000000da5       0x97 ./Drivers/segmentlcd.o
 .debug_macro   0x0000000000000e3c      0x353 ./Drivers/segmentlcd.o
 .debug_macro   0x000000000000118f       0xf6 ./Drivers/segmentlcd.o
 .debug_macro   0x0000000000001285       0x10 ./Drivers/segmentlcd.o
 .debug_macro   0x0000000000001295       0x58 ./Drivers/segmentlcd.o
 .debug_macro   0x00000000000012ed       0x1f ./Drivers/segmentlcd.o
 .debug_macro   0x000000000000130c       0x43 ./Drivers/segmentlcd.o
 .debug_macro   0x000000000000134f       0x20 ./Drivers/segmentlcd.o
 .debug_macro   0x000000000000136f      0x18e ./Drivers/segmentlcd.o
 .debug_macro   0x00000000000014fd       0x10 ./Drivers/segmentlcd.o
 .debug_macro   0x000000000000150d       0xb6 ./Drivers/segmentlcd.o
 .debug_macro   0x00000000000015c3       0x16 ./Drivers/segmentlcd.o
 .debug_macro   0x00000000000015d9      0x129 ./Drivers/segmentlcd.o
 .debug_macro   0x0000000000001702       0x16 ./Drivers/segmentlcd.o
 .debug_macro   0x0000000000001718       0x35 ./Drivers/segmentlcd.o
 .debug_macro   0x000000000000174d       0x16 ./Drivers/segmentlcd.o
 .debug_macro   0x0000000000001763       0x22 ./Drivers/segmentlcd.o
 .debug_macro   0x0000000000001785       0xbd ./Drivers/segmentlcd.o
 .debug_macro   0x0000000000001842       0xcc ./Drivers/segmentlcd.o
 .debug_macro   0x000000000000190e       0x1d ./Drivers/segmentlcd.o
 .debug_macro   0x000000000000192b      0x117 ./Drivers/segmentlcd.o
 .debug_macro   0x0000000000001a42       0x22 ./Drivers/segmentlcd.o
 .debug_macro   0x0000000000001a64      0x2c8 ./emlib/em_acmp.o
 .debug_macro   0x0000000000001d2c      0x367 ./emlib/em_cmu.o
 .debug_macro   0x0000000000002093      0x16d ./emlib/em_cmu.o
 .debug_macro   0x0000000000002200       0x58 ./emlib/em_cmu.o
 .debug_macro   0x0000000000002258      0x34d ./emlib/em_cmu.o
 .debug_macro   0x00000000000025a5       0x25 ./emlib/em_cmu.o
 .debug_macro   0x00000000000025ca       0xee ./emlib/em_cmu.o
 .debug_macro   0x00000000000026b8       0x1f ./emlib/em_cmu.o
 .debug_macro   0x00000000000026d7      0x2c0 ./emlib/em_core.o
 .debug_macro   0x0000000000002997       0x63 ./emlib/em_core.o
 .debug_macro   0x00000000000029fa       0xba ./emlib/em_core.o
 .debug_macro   0x0000000000002ab4      0x370 ./emlib/em_emu.o
 .debug_macro   0x0000000000002e24       0x34 ./emlib/em_emu.o
 .debug_macro   0x0000000000002e58      0x2a7 ./emlib/em_gpio.o
 .debug_macro   0x00000000000030ff      0x29b ./emlib/em_lcd.o
 .debug_macro   0x000000000000339a       0x17 ./emlib/em_lcd.o
 .debug_macro   0x00000000000033b1      0x2d0 ./emlib/em_lesense.o
 .debug_macro   0x0000000000003681       0x5d ./emlib/em_lesense.o
 .debug_macro   0x00000000000036de      0x2a1 ./emlib/em_rtc.o
 .debug_macro   0x000000000000397f       0x10 ./emlib/em_rtc.o
 .debug_macro   0x000000000000398f      0x295 ./emlib/em_system.o
 .debug_macro   0x0000000000003c24      0x453 ./service/sl_sleeptimer.o
 .debug_macro   0x0000000000004077       0x10 ./service/sl_sleeptimer.o
 .debug_macro   0x0000000000004087       0x10 ./service/sl_sleeptimer.o
 .debug_macro   0x0000000000004097       0x10 ./service/sl_sleeptimer.o
 .debug_macro   0x00000000000040a7       0x2e ./service/sl_sleeptimer.o
 .debug_macro   0x00000000000040d5       0x3a ./service/sl_sleeptimer.o
 .debug_macro   0x000000000000410f      0x6de ./service/sl_sleeptimer.o
 .debug_macro   0x00000000000047ed       0x10 ./service/sl_sleeptimer.o
 .debug_macro   0x00000000000047fd       0x1c ./service/sl_sleeptimer.o
 .debug_macro   0x0000000000004819      0x32c ./service/sl_sleeptimer_hal_rtc.o
 .debug_macro   0x0000000000004b45      0x3e3 ./src/My_Segment_functions.o
 .debug_macro   0x0000000000004f28      0x10e ./src/My_Segment_functions.o
 .debug_macro   0x0000000000005036       0x86 ./src/My_Segment_functions.o
 .debug_macro   0x00000000000050bc       0x1c ./src/My_Segment_functions.o
 .debug_macro   0x00000000000050d8       0x2e ./src/My_Segment_functions.o
 .debug_macro   0x0000000000005106      0x413 ./src/main.o
 .debug_macro   0x0000000000005519       0x16 ./src/main.o

.debug_frame    0x0000000000000000     0x30e4
 .debug_frame   0x0000000000000000      0x180 ./CMSIS/EFM32GG/system_efm32gg.o
 .debug_frame   0x0000000000000180      0x304 ./Drivers/caplesense.o
 .debug_frame   0x0000000000000484      0x318 ./Drivers/segmentlcd.o
 .debug_frame   0x000000000000079c      0x190 ./emlib/em_acmp.o
 .debug_frame   0x000000000000092c      0x690 ./emlib/em_cmu.o
 .debug_frame   0x0000000000000fbc      0x3dc ./emlib/em_core.o
 .debug_frame   0x0000000000001398      0x3a8 ./emlib/em_emu.o
 .debug_frame   0x0000000000001740      0x1e0 ./emlib/em_gpio.o
 .debug_frame   0x0000000000001920      0x2d0 ./emlib/em_lcd.o
 .debug_frame   0x0000000000001bf0      0x338 ./emlib/em_lesense.o
 .debug_frame   0x0000000000001f28      0x138 ./emlib/em_rtc.o
 .debug_frame   0x0000000000002060       0x60 ./emlib/em_system.o
 .debug_frame   0x00000000000020c0      0x414 ./service/sl_sleeptimer.o
 .debug_frame   0x00000000000024d4      0x2a0 ./service/sl_sleeptimer_hal_rtc.o
 .debug_frame   0x0000000000002774      0x184 ./src/My_Segment_functions.o
 .debug_frame   0x00000000000028f8      0x218 ./src/main.o
 .debug_frame   0x0000000000002b10       0x20 /Applications/Simplicity Studio.app/Contents/Eclipse/developer/toolchains/gnu_arm/7.2_2017q4/bin/../lib/gcc/arm-none-eabi/7.2.1/../../../../arm-none-eabi/lib/thumb/v7-m/libc_nano.a(lib_a-abs.o)
 .debug_frame   0x0000000000002b30       0x28 /Applications/Simplicity Studio.app/Contents/Eclipse/developer/toolchains/gnu_arm/7.2_2017q4/bin/../lib/gcc/arm-none-eabi/7.2.1/../../../../arm-none-eabi/lib/thumb/v7-m/libc_nano.a(lib_a-exit.o)
 .debug_frame   0x0000000000002b58       0x2c /Applications/Simplicity Studio.app/Contents/Eclipse/developer/toolchains/gnu_arm/7.2_2017q4/bin/../lib/gcc/arm-none-eabi/7.2.1/../../../../arm-none-eabi/lib/thumb/v7-m/libc_nano.a(lib_a-init.o)
 .debug_frame   0x0000000000002b84       0x20 /Applications/Simplicity Studio.app/Contents/Eclipse/developer/toolchains/gnu_arm/7.2_2017q4/bin/../lib/gcc/arm-none-eabi/7.2.1/../../../../arm-none-eabi/lib/thumb/v7-m/libc_nano.a(lib_a-memset.o)
 .debug_frame   0x0000000000002ba4       0x48 /Applications/Simplicity Studio.app/Contents/Eclipse/developer/toolchains/gnu_arm/7.2_2017q4/bin/../lib/gcc/arm-none-eabi/7.2.1/../../../../arm-none-eabi/lib/thumb/v7-m/libc_nano.a(lib_a-rand.o)
 .debug_frame   0x0000000000002bec       0x7c /Applications/Simplicity Studio.app/Contents/Eclipse/developer/toolchains/gnu_arm/7.2_2017q4/bin/../lib/gcc/arm-none-eabi/7.2.1/../../../../arm-none-eabi/lib/thumb/v7-m/libc_nano.a(lib_a-snprintf.o)
 .debug_frame   0x0000000000002c68       0x6c /Applications/Simplicity Studio.app/Contents/Eclipse/developer/toolchains/gnu_arm/7.2_2017q4/bin/../lib/gcc/arm-none-eabi/7.2.1/../../../../arm-none-eabi/lib/thumb/v7-m/libc_nano.a(lib_a-sprintf.o)
 .debug_frame   0x0000000000002cd4       0x28 /Applications/Simplicity Studio.app/Contents/Eclipse/developer/toolchains/gnu_arm/7.2_2017q4/bin/../lib/gcc/arm-none-eabi/7.2.1/../../../../arm-none-eabi/lib/thumb/v7-m/libc_nano.a(lib_a-strcat.o)
 .debug_frame   0x0000000000002cfc       0x20 /Applications/Simplicity Studio.app/Contents/Eclipse/developer/toolchains/gnu_arm/7.2_2017q4/bin/../lib/gcc/arm-none-eabi/7.2.1/../../../../arm-none-eabi/lib/thumb/v7-m/libc_nano.a(lib_a-strcpy.o)
 .debug_frame   0x0000000000002d1c       0x2c /Applications/Simplicity Studio.app/Contents/Eclipse/developer/toolchains/gnu_arm/7.2_2017q4/bin/../lib/gcc/arm-none-eabi/7.2.1/../../../../arm-none-eabi/lib/thumb/v7-m/libc_nano.a(lib_a-time.o)
 .debug_frame   0x0000000000002d48       0x2c /Applications/Simplicity Studio.app/Contents/Eclipse/developer/toolchains/gnu_arm/7.2_2017q4/bin/../lib/gcc/arm-none-eabi/7.2.1/../../../../arm-none-eabi/lib/thumb/v7-m/libc_nano.a(lib_a-gettimeofdayr.o)
 .debug_frame   0x0000000000002d74       0x30 /Applications/Simplicity Studio.app/Contents/Eclipse/developer/toolchains/gnu_arm/7.2_2017q4/bin/../lib/gcc/arm-none-eabi/7.2.1/../../../../arm-none-eabi/lib/thumb/v7-m/libc_nano.a(lib_a-malloc.o)
 .debug_frame   0x0000000000002da4       0x38 /Applications/Simplicity Studio.app/Contents/Eclipse/developer/toolchains/gnu_arm/7.2_2017q4/bin/../lib/gcc/arm-none-eabi/7.2.1/../../../../arm-none-eabi/lib/thumb/v7-m/libc_nano.a(lib_a-nano-freer.o)
 .debug_frame   0x0000000000002ddc       0x2c /Applications/Simplicity Studio.app/Contents/Eclipse/developer/toolchains/gnu_arm/7.2_2017q4/bin/../lib/gcc/arm-none-eabi/7.2.1/../../../../arm-none-eabi/lib/thumb/v7-m/libc_nano.a(lib_a-nano-mallocr.o)
 .debug_frame   0x0000000000002e08       0x90 /Applications/Simplicity Studio.app/Contents/Eclipse/developer/toolchains/gnu_arm/7.2_2017q4/bin/../lib/gcc/arm-none-eabi/7.2.1/../../../../arm-none-eabi/lib/thumb/v7-m/libc_nano.a(lib_a-nano-svfprintf.o)
 .debug_frame   0x0000000000002e98       0x60 /Applications/Simplicity Studio.app/Contents/Eclipse/developer/toolchains/gnu_arm/7.2_2017q4/bin/../lib/gcc/arm-none-eabi/7.2.1/../../../../arm-none-eabi/lib/thumb/v7-m/libc_nano.a(lib_a-nano-vfprintf_i.o)
 .debug_frame   0x0000000000002ef8       0x5c /Applications/Simplicity Studio.app/Contents/Eclipse/developer/toolchains/gnu_arm/7.2_2017q4/bin/../lib/gcc/arm-none-eabi/7.2.1/../../../../arm-none-eabi/lib/thumb/v7-m/libc_nano.a(lib_a-reent.o)
 .debug_frame   0x0000000000002f54       0x2c /Applications/Simplicity Studio.app/Contents/Eclipse/developer/toolchains/gnu_arm/7.2_2017q4/bin/../lib/gcc/arm-none-eabi/7.2.1/../../../../arm-none-eabi/lib/thumb/v7-m/libc_nano.a(lib_a-sbrkr.o)
 .debug_frame   0x0000000000002f80       0x28 /Applications/Simplicity Studio.app/Contents/Eclipse/developer/toolchains/gnu_arm/7.2_2017q4/bin/../lib/gcc/arm-none-eabi/7.2.1/../../../../arm-none-eabi/lib/thumb/v7-m/libc_nano.a(lib_a-memchr-stub.o)
 .debug_frame   0x0000000000002fa8       0x28 /Applications/Simplicity Studio.app/Contents/Eclipse/developer/toolchains/gnu_arm/7.2_2017q4/bin/../lib/gcc/arm-none-eabi/7.2.1/../../../../arm-none-eabi/lib/thumb/v7-m/libc_nano.a(lib_a-memcpy-stub.o)
 .debug_frame   0x0000000000002fd0       0x28 /Applications/Simplicity Studio.app/Contents/Eclipse/developer/toolchains/gnu_arm/7.2_2017q4/bin/../lib/gcc/arm-none-eabi/7.2.1/../../../../arm-none-eabi/lib/thumb/v7-m/libc_nano.a(lib_a-memmove.o)
 .debug_frame   0x0000000000002ff8       0x30 /Applications/Simplicity Studio.app/Contents/Eclipse/developer/toolchains/gnu_arm/7.2_2017q4/bin/../lib/gcc/arm-none-eabi/7.2.1/../../../../arm-none-eabi/lib/thumb/v7-m/libc_nano.a(lib_a-mlock.o)
 .debug_frame   0x0000000000003028       0x3c /Applications/Simplicity Studio.app/Contents/Eclipse/developer/toolchains/gnu_arm/7.2_2017q4/bin/../lib/gcc/arm-none-eabi/7.2.1/../../../../arm-none-eabi/lib/thumb/v7-m/libc_nano.a(lib_a-nano-reallocr.o)
 .debug_frame   0x0000000000003064       0x20 /Applications/Simplicity Studio.app/Contents/Eclipse/developer/toolchains/gnu_arm/7.2_2017q4/bin/../lib/gcc/arm-none-eabi/7.2.1/../../../../arm-none-eabi/lib/thumb/v7-m/libc_nano.a(lib_a-nano-msizer.o)
 .debug_frame   0x0000000000003084       0x20 /Applications/Simplicity Studio.app/Contents/Eclipse/developer/toolchains/gnu_arm/7.2_2017q4/bin/../lib/gcc/arm-none-eabi/7.2.1/../../../../arm-none-eabi/lib/thumb/v7-m/libnosys.a(gettod.o)
 .debug_frame   0x00000000000030a4       0x20 /Applications/Simplicity Studio.app/Contents/Eclipse/developer/toolchains/gnu_arm/7.2_2017q4/bin/../lib/gcc/arm-none-eabi/7.2.1/../../../../arm-none-eabi/lib/thumb/v7-m/libnosys.a(sbrk.o)
 .debug_frame   0x00000000000030c4       0x20 /Applications/Simplicity Studio.app/Contents/Eclipse/developer/toolchains/gnu_arm/7.2_2017q4/bin/../lib/gcc/arm-none-eabi/7.2.1/../../../../arm-none-eabi/lib/thumb/v7-m/libnosys.a(_exit.o)

.stab           0x0000000000000000       0x24
 .stab          0x0000000000000000       0x24 /Applications/Simplicity Studio.app/Contents/Eclipse/developer/toolchains/gnu_arm/7.2_2017q4/bin/../lib/gcc/arm-none-eabi/7.2.1/../../../../arm-none-eabi/lib/thumb/v7-m/libnosys.a(gettod.o)

.stabstr        0x0000000000000000       0x4e
 .stabstr       0x0000000000000000       0x4e /Applications/Simplicity Studio.app/Contents/Eclipse/developer/toolchains/gnu_arm/7.2_2017q4/bin/../lib/gcc/arm-none-eabi/7.2.1/../../../../arm-none-eabi/lib/thumb/v7-m/libnosys.a(gettod.o)
