Archive member included to satisfy reference by file (symbol)

c:/siliconlabs/simplicitystudio/v4/developer/toolchains/gnu_arm/7.2_2017q4/bin/../lib/gcc/arm-none-eabi/7.2.1/thumb/v7-m\libgcc.a(_arm_addsubsf3.o)
                              ./Drivers/vddcheck.o (__aeabi_fsub)
c:/siliconlabs/simplicitystudio/v4/developer/toolchains/gnu_arm/7.2_2017q4/bin/../lib/gcc/arm-none-eabi/7.2.1/thumb/v7-m\libgcc.a(_arm_muldivsf3.o)
                              ./Drivers/vddcheck.o (__aeabi_fdiv)
c:/siliconlabs/simplicitystudio/v4/developer/toolchains/gnu_arm/7.2_2017q4/bin/../lib/gcc/arm-none-eabi/7.2.1/thumb/v7-m\libgcc.a(_arm_fixunssfsi.o)
                              ./Drivers/vddcheck.o (__aeabi_f2uiz)
c:/siliconlabs/simplicitystudio/v4/developer/toolchains/gnu_arm/7.2_2017q4/bin/../lib/gcc/arm-none-eabi/7.2.1/thumb/v7-m\libgcc.a(_aeabi_uldivmod.o)
                              ./service/sl_sleeptimer.o (__aeabi_uldivmod)
c:/siliconlabs/simplicitystudio/v4/developer/toolchains/gnu_arm/7.2_2017q4/bin/../lib/gcc/arm-none-eabi/7.2.1/thumb/v7-m\libgcc.a(_udivmoddi4.o)
                              c:/siliconlabs/simplicitystudio/v4/developer/toolchains/gnu_arm/7.2_2017q4/bin/../lib/gcc/arm-none-eabi/7.2.1/thumb/v7-m\libgcc.a(_aeabi_uldivmod.o) (__udivmoddi4)
c:/siliconlabs/simplicitystudio/v4/developer/toolchains/gnu_arm/7.2_2017q4/bin/../lib/gcc/arm-none-eabi/7.2.1/thumb/v7-m\libgcc.a(_dvmd_tls.o)
                              c:/siliconlabs/simplicitystudio/v4/developer/toolchains/gnu_arm/7.2_2017q4/bin/../lib/gcc/arm-none-eabi/7.2.1/thumb/v7-m\libgcc.a(_aeabi_uldivmod.o) (__aeabi_ldiv0)
c:/siliconlabs/simplicitystudio/v4/developer/toolchains/gnu_arm/7.2_2017q4/bin/../lib/gcc/arm-none-eabi/7.2.1/../../../../arm-none-eabi/lib/thumb/v7-m\libc_nano.a(lib_a-abs.o)
                              ./Drivers/segmentlcd.o (abs)
c:/siliconlabs/simplicitystudio/v4/developer/toolchains/gnu_arm/7.2_2017q4/bin/../lib/gcc/arm-none-eabi/7.2.1/../../../../arm-none-eabi/lib/thumb/v7-m\libc_nano.a(lib_a-exit.o)
                              c:/siliconlabs/simplicitystudio/v4/developer/toolchains/gnu_arm/7.2_2017q4/bin/../lib/gcc/arm-none-eabi/7.2.1/../../../../arm-none-eabi/lib/thumb/v7-m/crt0.o (exit)
c:/siliconlabs/simplicitystudio/v4/developer/toolchains/gnu_arm/7.2_2017q4/bin/../lib/gcc/arm-none-eabi/7.2.1/../../../../arm-none-eabi/lib/thumb/v7-m\libc_nano.a(lib_a-impure.o)
                              c:/siliconlabs/simplicitystudio/v4/developer/toolchains/gnu_arm/7.2_2017q4/bin/../lib/gcc/arm-none-eabi/7.2.1/../../../../arm-none-eabi/lib/thumb/v7-m\libc_nano.a(lib_a-exit.o) (_global_impure_ptr)
c:/siliconlabs/simplicitystudio/v4/developer/toolchains/gnu_arm/7.2_2017q4/bin/../lib/gcc/arm-none-eabi/7.2.1/../../../../arm-none-eabi/lib/thumb/v7-m\libc_nano.a(lib_a-init.o)
                              c:/siliconlabs/simplicitystudio/v4/developer/toolchains/gnu_arm/7.2_2017q4/bin/../lib/gcc/arm-none-eabi/7.2.1/../../../../arm-none-eabi/lib/thumb/v7-m/crt0.o (__libc_init_array)
c:/siliconlabs/simplicitystudio/v4/developer/toolchains/gnu_arm/7.2_2017q4/bin/../lib/gcc/arm-none-eabi/7.2.1/../../../../arm-none-eabi/lib/thumb/v7-m\libc_nano.a(lib_a-memset.o)
                              c:/siliconlabs/simplicitystudio/v4/developer/toolchains/gnu_arm/7.2_2017q4/bin/../lib/gcc/arm-none-eabi/7.2.1/../../../../arm-none-eabi/lib/thumb/v7-m/crt0.o (memset)
c:/siliconlabs/simplicitystudio/v4/developer/toolchains/gnu_arm/7.2_2017q4/bin/../lib/gcc/arm-none-eabi/7.2.1/../../../../arm-none-eabi/lib/thumb/v7-m\libc_nano.a(lib_a-rand.o)
                              ./src/touchdemo.o (srand)
c:/siliconlabs/simplicitystudio/v4/developer/toolchains/gnu_arm/7.2_2017q4/bin/../lib/gcc/arm-none-eabi/7.2.1/../../../../arm-none-eabi/lib/thumb/v7-m\libc_nano.a(lib_a-sprintf.o)
                              ./src/touchdemo.o (sprintf)
c:/siliconlabs/simplicitystudio/v4/developer/toolchains/gnu_arm/7.2_2017q4/bin/../lib/gcc/arm-none-eabi/7.2.1/../../../../arm-none-eabi/lib/thumb/v7-m\libc_nano.a(lib_a-strcat.o)
                              ./src/touchdemo.o (strcat)
c:/siliconlabs/simplicitystudio/v4/developer/toolchains/gnu_arm/7.2_2017q4/bin/../lib/gcc/arm-none-eabi/7.2.1/../../../../arm-none-eabi/lib/thumb/v7-m\libc_nano.a(lib_a-strcpy.o)
                              ./src/touchdemo.o (strcpy)
c:/siliconlabs/simplicitystudio/v4/developer/toolchains/gnu_arm/7.2_2017q4/bin/../lib/gcc/arm-none-eabi/7.2.1/../../../../arm-none-eabi/lib/thumb/v7-m\libc_nano.a(lib_a-strlen.o)
                              ./Drivers/segmentlcd.o (strlen)
c:/siliconlabs/simplicitystudio/v4/developer/toolchains/gnu_arm/7.2_2017q4/bin/../lib/gcc/arm-none-eabi/7.2.1/../../../../arm-none-eabi/lib/thumb/v7-m\libc_nano.a(lib_a-time.o)
                              ./src/touchdemo.o (time)
[...]
Memory Configuration

Name             Origin             Length             Attributes
FLASH            0x00000000         0x00100000         xr
RAM              0x20000000         0x00020000         xrw
*default*        0x00000000         0xffffffff

Linker script and memory map

LOAD c:/siliconlabs/simplicitystudio/v4/developer/toolchains/gnu_arm/7.2_2017q4/bin/../lib/gcc/arm-none-eabi/7.2.1/thumb/v7-m/crti.o
LOAD c:/siliconlabs/simplicitystudio/v4/developer/toolchains/gnu_arm/7.2_2017q4/bin/../lib/gcc/arm-none-eabi/7.2.1/thumb/v7-m/crtbegin.o
LOAD c:/siliconlabs/simplicitystudio/v4/developer/toolchains/gnu_arm/7.2_2017q4/bin/../lib/gcc/arm-none-eabi/7.2.1/../../../../arm-none-eabi/lib/thumb/v7-m/crt0.o
LOAD ./BSP/bsp_trace.o
LOAD ./CMSIS/EFM32GG/startup_gcc_efm32gg.o
LOAD ./CMSIS/EFM32GG/system_efm32gg.o
LOAD ./Drivers/caplesense.o
LOAD ./Drivers/segmentlcd.o
LOAD ./Drivers/vddcheck.o
LOAD ./emlib/em_acmp.o
LOAD ./emlib/em_assert.o
LOAD ./emlib/em_cmu.o
LOAD ./emlib/em_core.o
LOAD ./emlib/em_emu.o
LOAD ./emlib/em_gpio.o
LOAD ./emlib/em_lcd.o
LOAD ./emlib/em_lesense.o
LOAD ./emlib/em_rtc.o
LOAD ./emlib/em_system.o
LOAD ./emlib/em_vcmp.o
LOAD ./service/sl_sleeptimer.o
LOAD ./service/sl_sleeptimer_hal_rtc.o
LOAD ./src/touchdemo.o
START GROUP
LOAD c:/siliconlabs/simplicitystudio/v4/developer/toolchains/gnu_arm/7.2_2017q4/bin/../lib/gcc/arm-none-eabi/7.2.1/thumb/v7-m\libgcc.a
LOAD c:/siliconlabs/simplicitystudio/v4/developer/toolchains/gnu_arm/7.2_2017q4/bin/../lib/gcc/arm-none-eabi/7.2.1/../../../../arm-none-eabi/lib/thumb/v7-m\libc_nano.a
LOAD c:/siliconlabs/simplicitystudio/v4/developer/toolchains/gnu_arm/7.2_2017q4/bin/../lib/gcc/arm-none-eabi/7.2.1/../../../../arm-none-eabi/lib/thumb/v7-m\libnosys.a
END GROUP
START GROUP
LOAD c:/siliconlabs/simplicitystudio/v4/developer/toolchains/gnu_arm/7.2_2017q4/bin/../lib/gcc/arm-none-eabi/7.2.1/thumb/v7-m\libgcc.a
LOAD c:/siliconlabs/simplicitystudio/v4/developer/toolchains/gnu_arm/7.2_2017q4/bin/../lib/gcc/arm-none-eabi/7.2.1/../../../../arm-none-eabi/lib/thumb/v7-m\libg_nano.a
LOAD c:/siliconlabs/simplicitystudio/v4/developer/toolchains/gnu_arm/7.2_2017q4/bin/../lib/gcc/arm-none-eabi/7.2.1/../../../../arm-none-eabi/lib/thumb/v7-m\libc_nano.a
END GROUP
START GROUP
LOAD c:/siliconlabs/simplicitystudio/v4/developer/toolchains/gnu_arm/7.2_2017q4/bin/../lib/gcc/arm-none-eabi/7.2.1/thumb/v7-m\libgcc.a
LOAD c:/siliconlabs/simplicitystudio/v4/developer/toolchains/gnu_arm/7.2_2017q4/bin/../lib/gcc/arm-none-eabi/7.2.1/../../../../arm-none-eabi/lib/thumb/v7-m\libc_nano.a
END GROUP
LOAD c:/siliconlabs/simplicitystudio/v4/developer/toolchains/gnu_arm/7.2_2017q4/bin/../lib/gcc/arm-none-eabi/7.2.1/thumb/v7-m/crtend.o
LOAD c:/siliconlabs/simplicitystudio/v4/developer/toolchains/gnu_arm/7.2_2017q4/bin/../lib/gcc/arm-none-eabi/7.2.1/thumb/v7-m/crtn.o

.text           0x00000000     0x6b8c
 *(.vectors)
 .vectors       0x00000000       0xdc ./CMSIS/EFM32GG/startup_gcc_efm32gg.o
                0x00000000                __Vectors
                0x000000dc                __Vectors_End = .
                0x000000dc                __Vectors_Size = (__Vectors_End - __Vectors)
                0x000000dc                __end__ = .
 *(.text*)
 .text          0x000000dc       0x40 c:/siliconlabs/simplicitystudio/v4/developer/toolchains/gnu_arm/7.2_2017q4/bin/../lib/gcc/arm-none-eabi/7.2.1/thumb/v7-m/crtbegin.o
 .text          0x0000011c       0x74 c:/siliconlabs/simplicitystudio/v4/developer/toolchains/gnu_arm/7.2_2017q4/bin/../lib/gcc/arm-none-eabi/7.2.1/../../../../arm-none-eabi/lib/thumb/v7-m/crt0.o
                0x0000011c                _start
                0x0000011c                _mainCRTStartup
 .text.BSP_TraceProfilerSetup
                0x00000190      0x118 ./BSP/bsp_trace.o
                0x00000190                BSP_TraceProfilerSetup
 .text          0x000002a8       0x30 ./CMSIS/EFM32GG/startup_gcc_efm32gg.o
                0x000002a8                Reset_Handler
                0x000002d4                DebugMon_Handler
                0x000002d4                USART0_TX_IRQHandler
                0x000002d4                I2C0_IRQHandler
                0x000002d4                HardFault_Handler
                0x000002d4                LEUART1_IRQHandler
                0x000002d4                USART1_RX_IRQHandler
                0x000002d4                PendSV_Handler
                0x000002d4                NMI_Handler
                0x000002d4                I2C1_IRQHandler
                0x000002d4                TIMER3_IRQHandler
                0x000002d4                USART1_TX_IRQHandler
                0x000002d4                MSC_IRQHandler
                0x000002d4                ADC0_IRQHandler
                0x000002d4                UsageFault_Handler
                0x000002d4                LEUART0_IRQHandler
                0x000002d4                UART0_TX_IRQHandler
                0x000002d4                UART1_TX_IRQHandler
                0x000002d4                TIMER0_IRQHandler
                0x000002d4                TIMER2_IRQHandler
                0x000002d4                LCD_IRQHandler
                0x000002d4                PCNT2_IRQHandler
                0x000002d4                UART0_RX_IRQHandler
                0x000002d4                LETIMER0_IRQHandler
                0x000002d4                TIMER1_IRQHandler
                0x000002d4                USART2_RX_IRQHandler
                0x000002d4                Default_Handler
                0x000002d4                EMU_IRQHandler
                0x000002d4                PCNT0_IRQHandler
                0x000002d4                sl_app_properties
                0x000002d4                USB_IRQHandler
                0x000002d4                BURTC_IRQHandler
                0x000002d4                PCNT1_IRQHandler
                0x000002d4                ACMP0_IRQHandler
                0x000002d4                USART0_RX_IRQHandler
                0x000002d4                MemManage_Handler
                0x000002d4                SVC_Handler
                0x000002d4                DAC0_IRQHandler
                0x000002d4                UART1_RX_IRQHandler
                0x000002d4                CMU_IRQHandler
                0x000002d4                EBI_IRQHandler
                0x000002d4                AES_IRQHandler
                0x000002d4                VCMP_IRQHandler
                0x000002d4                DMA_IRQHandler
                0x000002d4                BusFault_Handler
                0x000002d4                USART2_TX_IRQHandler
 .text.GetProdRev
                0x000002d8       0x18 ./CMSIS/EFM32GG/system_efm32gg.o
 .text.SystemCoreClockGet
                0x000002f0       0x34 ./CMSIS/EFM32GG/system_efm32gg.o
                0x000002f0                SystemCoreClockGet
 .text.SystemMaxCoreClockGet
                0x00000324       0x14 ./CMSIS/EFM32GG/system_efm32gg.o
                0x00000324                SystemMaxCoreClockGet
 .text.SystemHFClockGet
                0x00000338      0x100 ./CMSIS/EFM32GG/system_efm32gg.o
                0x00000338                SystemHFClockGet
 .text.SystemHFXOClockGet
                0x00000438       0x14 ./CMSIS/EFM32GG/system_efm32gg.o
                0x00000438                SystemHFXOClockGet
 .text.SystemInit
                0x0000044c       0x1c ./CMSIS/EFM32GG/system_efm32gg.o
                0x0000044c                SystemInit
 .text.SystemLFRCOClockGet
                0x00000468       0x10 ./CMSIS/EFM32GG/system_efm32gg.o
                0x00000468                SystemLFRCOClockGet
 .text.SystemULFRCOClockGet
                0x00000478       0x10 ./CMSIS/EFM32GG/system_efm32gg.o
                0x00000478                SystemULFRCOClockGet
 .text.SystemLFXOClockGet
                0x00000488       0x14 ./CMSIS/EFM32GG/system_efm32gg.o
                0x00000488                SystemLFXOClockGet
 .text.__NVIC_EnableIRQ
                0x0000049c       0x38 ./Drivers/caplesense.o
 .text.SystemCoreClockUpdate
                0x000004d4        0xc ./Drivers/caplesense.o
 .text.LESENSE_StatusGet
                0x000004e0       0x14 ./Drivers/caplesense.o
 .text.LESENSE_ScanResultDataGet
                0x000004f4       0x14 ./Drivers/caplesense.o
 .text.LESENSE_ScanResultDataBufferGet
                0x00000508       0x24 ./Drivers/caplesense.o
 .text.LESENSE_IntClear
                0x0000052c       0x1c ./Drivers/caplesense.o
 .text.LESENSE_IntEnable
                0x00000548       0x24 ./Drivers/caplesense.o
 .text.LESENSE_IntDisable
                0x0000056c       0x24 ./Drivers/caplesense.o
 .text.LESENSE_IntGetEnabled
                0x00000590       0x24 ./Drivers/caplesense.o
 .text.CAPLESENSE_setupCMU
                0x000005b4       0x7c ./Drivers/caplesense.o
                0x000005b4                CAPLESENSE_setupCMU
 .text.CAPLESENSE_setupGPIO
                0x00000630       0x40 ./Drivers/caplesense.o
                0x00000630                CAPLESENSE_setupGPIO
 .text.CAPLESENSE_setupACMP
                0x00000670       0x3c ./Drivers/caplesense.o
                0x00000670                CAPLESENSE_setupACMP
 .text.CAPLESENSE_setupLESENSE
                0x000006ac      0x194 ./Drivers/caplesense.o
                0x000006ac                CAPLESENSE_setupLESENSE
 .text.CAPLESENSE_setupCallbacks
                0x00000840       0x28 ./Drivers/caplesense.o
                0x00000840                CAPLESENSE_setupCallbacks
 .text.LESENSE_IRQHandler
                0x00000868       0xe4 ./Drivers/caplesense.o
                0x00000868                LESENSE_IRQHandler
 .text.CAPLESENSE_getSliderPosition
                0x0000094c      0x160 ./Drivers/caplesense.o
                0x0000094c                CAPLESENSE_getSliderPosition
 .text.CAPLESENSE_Sleep
                0x00000aac        0xe ./Drivers/caplesense.o
                0x00000aac                CAPLESENSE_Sleep
 .text.CAPLESENSE_Init
                0x00000aba       0x32 ./Drivers/caplesense.o
                0x00000aba                CAPLESENSE_Init
 .text.LCD_Enable
                0x00000aec       0x38 ./Drivers/segmentlcd.o
 .text.LCD_FreezeEnable
                0x00000b24       0x2c ./Drivers/segmentlcd.o
 .text.LCD_SyncBusyDelay
                0x00000b50       0x24 ./Drivers/segmentlcd.o
 .text.LCD_IntDisable
                0x00000b74       0x24 ./Drivers/segmentlcd.o
 .text.SegmentLCD_AllOff
                0x00000b98       0xac ./Drivers/segmentlcd.o
                0x00000b98                SegmentLCD_AllOff
 .text.SegmentLCD_AllOn
                0x00000c44       0xcc ./Drivers/segmentlcd.o
                0x00000c44                SegmentLCD_AllOn
 .text.SegmentLCD_AlphaNumberOff
                0x00000d10       0xa8 ./Drivers/segmentlcd.o
                0x00000d10                SegmentLCD_AlphaNumberOff
 .text.SegmentLCD_Disable
                0x00000db8       0x2c ./Drivers/segmentlcd.o
                0x00000db8                SegmentLCD_Disable
 .text.SegmentLCD_Init
                0x00000de4       0xb8 ./Drivers/segmentlcd.o
                0x00000de4                SegmentLCD_Init
 .text.SegmentLCD_Number
                0x00000e9c      0x128 ./Drivers/segmentlcd.o
                0x00000e9c                SegmentLCD_Number
 .text.SegmentLCD_NumberOff
                0x00000fc4       0x4e ./Drivers/segmentlcd.o
                0x00000fc4                SegmentLCD_NumberOff
 *fill*         0x00001012        0x2 
 .text.SegmentLCD_Symbol
                0x00001014      0x118 ./Drivers/segmentlcd.o
                0x00001014                SegmentLCD_Symbol
 .text.SegmentLCD_Write
                0x0000112c       0xd8 ./Drivers/segmentlcd.o
                0x0000112c                SegmentLCD_Write
 .text.SegmentLCD_ARing
                0x00001204       0x54 ./Drivers/segmentlcd.o
                0x00001204                SegmentLCD_ARing
 .text.VCMP_Disable
                0x00001258       0x1c ./Drivers/vddcheck.o
 .text.VCMP_VoltageToLevel
                0x00001274       0x34 ./Drivers/vddcheck.o
 .text.VCMP_VDDHigher
                0x000012a8       0x20 ./Drivers/vddcheck.o
 .text.VCMP_Ready
                0x000012c8       0x20 ./Drivers/vddcheck.o
 .text.VDDCHECK_Init
                0x000012e8       0x20 ./Drivers/vddcheck.o
                0x000012e8                VDDCHECK_Init
 .text.VDDCHECK_Disable
                0x00001308       0x18 ./Drivers/vddcheck.o
                0x00001308                VDDCHECK_Disable
 .text.VDDCHECK_LowVoltage
                0x00001320       0x6c ./Drivers/vddcheck.o
                0x00001320                VDDCHECK_LowVoltage
 .text.BUS_RegBitWrite
                0x0000138c       0x2c ./emlib/em_acmp.o
 .text.BUS_RegMaskedWrite
                0x000013b8       0x28 ./emlib/em_acmp.o
 .text.ACMP_CapsenseInit
                0x000013e0       0x88 ./emlib/em_acmp.o
                0x000013e0                ACMP_CapsenseInit
 .text.ACMP_GPIOSetup
                0x00001468       0x50 ./emlib/em_acmp.o
                0x00001468                ACMP_GPIOSetup
 .text.BUS_RegBitWrite
                0x000014b8       0x2c ./emlib/em_cmu.o
 .text.BUS_RegBitRead
                0x000014e4       0x28 ./emlib/em_cmu.o
 .text.SL_Log2ToDiv
                0x0000150c       0x1a ./emlib/em_cmu.o
 .text.CMU_DivToLog2
                0x00001526       0x30 ./emlib/em_cmu.o
 *fill*         0x00001556        0x2 
 .text.SYSTEM_GetProdRev
                0x00001558       0x18 ./emlib/em_cmu.o
 .text.SYSTEM_GetFamily
                0x00001570       0x18 ./emlib/em_cmu.o
 .text.maxFreqHfle
                0x00001588       0x7c ./emlib/em_cmu.o
 .text.setHfLeConfig
                0x00001604       0x64 ./emlib/em_cmu.o
 .text.getHfLeConfig
                0x00001668       0x20 ./emlib/em_cmu.o
 .text.auxClkGet
                0x00001688       0xb0 ./emlib/em_cmu.o
 .text.dbgClkGet
                0x00001738       0x40 ./emlib/em_cmu.o
 .text.flashWaitStateControl
                0x00001778       0x98 ./emlib/em_cmu.o
 .text.flashWaitStateMax
                0x00001810       0x44 ./emlib/em_cmu.o
 .text.CMU_UpdateWaitStates
                0x00001854       0x40 ./emlib/em_cmu.o
                0x00001854                CMU_UpdateWaitStates
 .text.lfClkGet
                0x00001894       0xec ./emlib/em_cmu.o
 .text.syncReg  0x00001980       0x34 ./emlib/em_cmu.o
 .text.usbCClkGet
                0x000019b4       0x4c ./emlib/em_cmu.o
 .text.hfperClkSafePrescaler
                0x00001a00        0xc ./emlib/em_cmu.o
 .text.hfperClkOptimizedPrescaler
                0x00001a0c        0xc ./emlib/em_cmu.o
 .text.CMU_ClockDivGet
                0x00001a18      0x1a4 ./emlib/em_cmu.o
                0x00001a18                CMU_ClockDivGet
 .text.CMU_ClockDivSet
                0x00001bbc      0x264 ./emlib/em_cmu.o
                0x00001bbc                CMU_ClockDivSet
 .text.CMU_ClockEnable
                0x00001e20       0xc8 ./emlib/em_cmu.o
                0x00001e20                CMU_ClockEnable
 .text.CMU_ClockFreqGet
                0x00001ee8      0x200 ./emlib/em_cmu.o
                0x00001ee8                CMU_ClockFreqGet
 .text.CMU_ClockSelectGet
                0x000020e8      0x15c ./emlib/em_cmu.o
                0x000020e8                CMU_ClockSelectGet
 .text.CMU_ClockSelectSet
                0x00002244      0x298 ./emlib/em_cmu.o
                0x00002244                CMU_ClockSelectSet
 .text.CMU_LCDClkFDIVSet
                0x000024dc       0x3c ./emlib/em_cmu.o
                0x000024dc                CMU_LCDClkFDIVSet
 .text.CMU_OscillatorEnable
                0x00002518       0xbc ./emlib/em_cmu.o
                0x00002518                CMU_OscillatorEnable
 .text.CORE_EnterAtomic
                0x000025d4       0x1e ./emlib/em_core.o
                0x000025d4                CORE_EnterAtomic
 .text.CORE_ExitAtomic
                0x000025f2       0x1a ./emlib/em_core.o
                0x000025f2                CORE_ExitAtomic
 .text.SystemCoreClockUpdate
                0x0000260c        0xc ./emlib/em_emu.o
 .text.CMU_Lock
                0x00002618       0x18 ./emlib/em_emu.o
 .text.CMU_Unlock
                0x00002630       0x1c ./emlib/em_emu.o
 .text.emState  0x0000264c       0xcc ./emlib/em_emu.o
 .text.getErrataFixEmuE107En
                0x00002718       0x68 ./emlib/em_emu.o
 .text.EMU_EM23PresleepHook
                0x00002780        0xc ./emlib/em_emu.o
                0x00002780                EMU_EM23PresleepHook
 .text.EMU_EM23PostsleepHook
                0x0000278c        0xc ./emlib/em_emu.o
                0x0000278c                EMU_EM23PostsleepHook
 .text.EMU_EnterEM2
                0x00002798       0xa0 ./emlib/em_emu.o
                0x00002798                EMU_EnterEM2
 .text.BUS_RegBitWrite
                0x00002838       0x2c ./emlib/em_gpio.o
 .text.BUS_RegMaskedWrite
                0x00002864       0x28 ./emlib/em_gpio.o
 .text.GPIO_IntClear
                0x0000288c       0x20 ./emlib/em_gpio.o
 .text.GPIO_PinOutClear
                0x000028ac       0x58 ./emlib/em_gpio.o
 .text.GPIO_PinOutSet
                0x00002904       0x58 ./emlib/em_gpio.o
 .text.GPIO_DriveModeSet
                0x0000295c       0x70 ./emlib/em_gpio.o
                0x0000295c                GPIO_DriveModeSet
 .text.GPIO_ExtIntConfig
                0x000029cc       0xd4 ./emlib/em_gpio.o
                0x000029cc                GPIO_ExtIntConfig
 .text.GPIO_PinModeSet
                0x00002aa0      0x118 ./emlib/em_gpio.o
                0x00002aa0                GPIO_PinModeSet
 .text.LCD_Enable
                0x00002bb8       0x38 ./emlib/em_lcd.o
 .text.BUS_RegBitWrite
                0x00002bf0       0x2c ./emlib/em_lcd.o
 .text.LCD_Init
                0x00002c1c       0x78 ./emlib/em_lcd.o
                0x00002c1c                LCD_Init
 .text.LCD_VLCDSelect
                0x00002c94       0x44 ./emlib/em_lcd.o
                0x00002c94                LCD_VLCDSelect
 .text.LCD_SegmentRangeEnable
                0x00002cd8       0x40 ./emlib/em_lcd.o
                0x00002cd8                LCD_SegmentRangeEnable
 .text.LCD_SegmentSet
                0x00002d18      0x1c8 ./emlib/em_lcd.o
                0x00002d18                LCD_SegmentSet
 .text.LCD_SegmentSetLow
                0x00002ee0      0x17c ./emlib/em_lcd.o
                0x00002ee0                LCD_SegmentSetLow
 .text.LCD_SegmentSetHigh
                0x0000305c      0x17c ./emlib/em_lcd.o
                0x0000305c                LCD_SegmentSetHigh
 .text.LCD_VBoostSet
                0x000031d8       0x28 ./emlib/em_lcd.o
                0x000031d8                LCD_VBoostSet
 .text.BUS_RegBitWrite
                0x00003200       0x2c ./emlib/em_lesense.o
 .text.LESENSE_Init
                0x0000322c      0x168 ./emlib/em_lesense.o
                0x0000322c                LESENSE_Init
 .text.LESENSE_ScanFreqSet
                0x00003394       0xbc ./emlib/em_lesense.o
                0x00003394                LESENSE_ScanFreqSet
 .text.LESENSE_ScanModeSet
                0x00003450       0x40 ./emlib/em_lesense.o
                0x00003450                LESENSE_ScanModeSet
 .text.LESENSE_StartDelaySet
                0x00003490       0x34 ./emlib/em_lesense.o
                0x00003490                LESENSE_StartDelaySet
 .text.LESENSE_ClkDivSet
                0x000034c4       0x60 ./emlib/em_lesense.o
                0x000034c4                LESENSE_ClkDivSet
 .text.LESENSE_ChannelAllConfig
                0x00003524       0x32 ./emlib/em_lesense.o
                0x00003524                LESENSE_ChannelAllConfig
 *fill*         0x00003556        0x2 
 .text.LESENSE_ChannelConfig
                0x00003558      0x148 ./emlib/em_lesense.o
                0x00003558                LESENSE_ChannelConfig
 .text.LESENSE_ChannelTimingSet
                0x000036a0       0x48 ./emlib/em_lesense.o
                0x000036a0                LESENSE_ChannelTimingSet
 .text.LESENSE_ChannelThresSet
                0x000036e8       0x7c ./emlib/em_lesense.o
                0x000036e8                LESENSE_ChannelThresSet
 .text.LESENSE_DecoderStateSet
                0x00003764       0x20 ./emlib/em_lesense.o
                0x00003764                LESENSE_DecoderStateSet
 .text.LESENSE_ScanStart
                0x00003784       0x34 ./emlib/em_lesense.o
                0x00003784                LESENSE_ScanStart
 .text.LESENSE_ScanStop
                0x000037b8       0x34 ./emlib/em_lesense.o
                0x000037b8                LESENSE_ScanStop
 .text.LESENSE_ResultBufferClear
                0x000037ec       0x34 ./emlib/em_lesense.o
                0x000037ec                LESENSE_ResultBufferClear
 .text.LESENSE_Reset
                0x00003820       0xf0 ./emlib/em_lesense.o
                0x00003820                LESENSE_Reset
 .text.RTC_CompareSet
                0x00003910       0x38 ./emlib/em_rtc.o
                0x00003910                RTC_CompareSet
 .text.RTC_Init
                0x00003948       0x50 ./emlib/em_rtc.o
                0x00003948                RTC_Init
 .text.SYSTEM_ChipRevisionGet
                0x00003998       0x78 ./emlib/em_system.o
                0x00003998                SYSTEM_ChipRevisionGet
 .text.VCMP_Ready
                0x00003a10       0x20 ./emlib/em_vcmp.o
 .text.VCMP_IntClear
                0x00003a30       0x1a ./emlib/em_vcmp.o
 .text.VCMP_Init
                0x00003a4a      0x1a8 ./emlib/em_vcmp.o
                0x00003a4a                VCMP_Init
 .text.VCMP_LowPowerRefSet
                0x00003bf2       0x3c ./emlib/em_vcmp.o
                0x00003bf2                VCMP_LowPowerRefSet
 .text.VCMP_TriggerSet
                0x00003c2e       0x32 ./emlib/em_vcmp.o
                0x00003c2e                VCMP_TriggerSet
 .text.sl_sleeptimer_init
                0x00003c60       0x94 ./service/sl_sleeptimer.o
                0x00003c60                sl_sleeptimer_init
 .text.sl_sleeptimer_start_timer
                0x00003cf4       0x56 ./service/sl_sleeptimer.o
                0x00003cf4                sl_sleeptimer_start_timer
 *fill*         0x00003d4a        0x2 
 .text.sl_sleeptimer_stop_timer
                0x00003d4c       0x7c ./service/sl_sleeptimer.o
                0x00003d4c                sl_sleeptimer_stop_timer
 .text.sl_sleeptimer_is_timer_running
                0x00003dc8       0x6c ./service/sl_sleeptimer.o
                0x00003dc8                sl_sleeptimer_is_timer_running
 .text.sl_sleeptimer_ms32_to_tick
                0x00003e34       0x64 ./service/sl_sleeptimer.o
                0x00003e34                sl_sleeptimer_ms32_to_tick
 .text.process_timer_irq
                0x00003e98      0x174 ./service/sl_sleeptimer.o
                0x00003e98                process_timer_irq
 .text.delta_list_insert_timer
                0x0000400c       0xb8 ./service/sl_sleeptimer.o
 .text.delta_list_remove_timer
                0x000040c4       0x7c ./service/sl_sleeptimer.o
 .text.set_comparator_for_next_timer
                0x00004140       0x30 ./service/sl_sleeptimer.o
 .text.update_first_timer_delta
                0x00004170       0x70 ./service/sl_sleeptimer.o
 .text.create_timer
                0x000041e0       0x9c ./service/sl_sleeptimer.o
 .text.__NVIC_EnableIRQ
                0x0000427c       0x38 ./service/sl_sleeptimer_hal_rtc.o
 .text.__NVIC_ClearPendingIRQ
                0x000042b4       0x3c ./service/sl_sleeptimer_hal_rtc.o
 .text.RTC_CounterGet
                0x000042f0       0x14 ./service/sl_sleeptimer_hal_rtc.o
 .text.RTC_CounterSet
                0x00004304       0x1c ./service/sl_sleeptimer_hal_rtc.o
 .text.RTC_IntClear
                0x00004320       0x1c ./service/sl_sleeptimer_hal_rtc.o
 .text.RTC_IntDisable
                0x0000433c       0x24 ./service/sl_sleeptimer_hal_rtc.o
 .text.RTC_IntEnable
                0x00004360       0x24 ./service/sl_sleeptimer_hal_rtc.o
 .text.RTC_IntGet
                0x00004384       0x14 ./service/sl_sleeptimer_hal_rtc.o
 .text.sleeptimer_hal_init_timer
                0x00004398       0x54 ./service/sl_sleeptimer_hal_rtc.o
                0x00004398                sleeptimer_hal_init_timer
 .text.sleeptimer_hal_get_counter
                0x000043ec       0x44 ./service/sl_sleeptimer_hal_rtc.o
                0x000043ec                sleeptimer_hal_get_counter
 .text.sleeptimer_hal_set_compare
                0x00004430       0x90 ./service/sl_sleeptimer_hal_rtc.o
                0x00004430                sleeptimer_hal_set_compare
 .text.sleeptimer_hal_enable_int
                0x000044c0       0x58 ./service/sl_sleeptimer_hal_rtc.o
                0x000044c0                sleeptimer_hal_enable_int
 .text.sleeptimer_hal_disable_int
                0x00004518       0x4c ./service/sl_sleeptimer_hal_rtc.o
                0x00004518                sleeptimer_hal_disable_int
 .text.sleeptimer_hal_get_timer_frequency
                0x00004564       0x14 ./service/sl_sleeptimer_hal_rtc.o
                0x00004564                sleeptimer_hal_get_timer_frequency
 .text.RTC_IRQHandler
                0x00004578       0xb8 ./service/sl_sleeptimer_hal_rtc.o
                0x00004578                RTC_IRQHandler
 .text.get_time_diff
                0x00004630       0x1a ./service/sl_sleeptimer_hal_rtc.o
 *fill*         0x0000464a        0x2 
 .text.__NVIC_EnableIRQ
                0x0000464c       0x38 ./src/touchdemo.o
 .text.__NVIC_ClearPendingIRQ
                0x00004684       0x3c ./src/touchdemo.o
 .text.__NVIC_SetPriority
                0x000046c0       0x54 ./src/touchdemo.o
 .text.SysTick_Config
                0x00004714       0x44 ./src/touchdemo.o
 .text.SystemCoreClockUpdate
                0x00004758        0xc ./src/touchdemo.o
 .text.SYSTEM_GetProdRev
                0x00004764       0x18 ./src/touchdemo.o
 .text.GPIO_IntClear
                0x0000477c       0x20 ./src/touchdemo.o
 .text.GPIO_IntConfig
                0x0000479c       0x36 ./src/touchdemo.o
 *fill*         0x000047d2        0x2 
 .text.CHIP_Init
                0x000047d4       0x48 ./src/touchdemo.o
 .text.sl_sleeptimer_start_timer_ms
                0x0000481c       0x46 ./src/touchdemo.o
 .text.capSenseTimerCallback
                0x00004862       0x14 ./src/touchdemo.o
                0x00004862                capSenseTimerCallback
 *fill*         0x00004876        0x2 
 .text.GPIO_ODD_IRQHandler
                0x00004878       0x1c ./src/touchdemo.o
                0x00004878                GPIO_ODD_IRQHandler
 .text.GPIO_EVEN_IRQHandler
                0x00004894       0x2c ./src/touchdemo.o
                0x00004894                GPIO_EVEN_IRQHandler
 .text.gpioSetup
                0x000048c0       0x68 ./src/touchdemo.o
                0x000048c0                gpioSetup
 .text.SysTick_Handler
                0x00004928       0x1c ./src/touchdemo.o
                0x00004928                SysTick_Handler
 .text.Delay    0x00004944       0x2c ./src/touchdemo.o
                0x00004944                Delay
 .text.duck_generator
                0x00004970       0xcc ./src/touchdemo.o
                0x00004970                duck_generator
 .text.Diffculty_ring
                0x00004a3c       0x6c ./src/touchdemo.o
                0x00004a3c                Diffculty_ring
 .text.Led_with_Touch
                0x00004aa8      0x104 ./src/touchdemo.o
                0x00004aa8                Led_with_Touch
 .text.hunter_duck_same_segment
                0x00004bac       0x28 ./src/touchdemo.o
                0x00004bac                hunter_duck_same_segment
 .text.check_if_hit
                0x00004bd4      0x128 ./src/touchdemo.o
                0x00004bd4                check_if_hit
 .text.Print_Percentage
                0x00004cfc       0x30 ./src/touchdemo.o
                0x00004cfc                Print_Percentage
 .text.Game_Over
                0x00004d2c       0xa0 ./src/touchdemo.o
                0x00004d2c                Game_Over
 .text.Display_Standing
                0x00004dcc       0x3c ./src/touchdemo.o
                0x00004dcc                Display_Standing
 .text.shoot_left
                0x00004e08       0x46 ./src/touchdemo.o
                0x00004e08                shoot_left
 .text.shoot_second_left
                0x00004e4e       0x46 ./src/touchdemo.o
                0x00004e4e                shoot_second_left
 .text.shoot_second_right
                0x00004e94       0x46 ./src/touchdemo.o
                0x00004e94                shoot_second_right
 .text.shoot_right
                0x00004eda       0x46 ./src/touchdemo.o
                0x00004eda                shoot_right
 .text.capSenseScanComplete
                0x00004f20        0xc ./src/touchdemo.o
                0x00004f20                capSenseScanComplete
 .text.capSenseChTrigger
                0x00004f2c       0x18 ./src/touchdemo.o
                0x00004f2c                capSenseChTrigger
 .text.Lsense_duck
                0x00004f44      0x188 ./src/touchdemo.o
                0x00004f44                Lsense_duck
 .text.main     0x000050cc       0x80 ./src/touchdemo.o
                0x000050cc                main
 .text          0x0000514c      0x21c c:/siliconlabs/simplicitystudio/v4/developer/toolchains/gnu_arm/7.2_2017q4/bin/../lib/gcc/arm-none-eabi/7.2.1/thumb/v7-m\libgcc.a(_arm_addsubsf3.o)
                0x0000514c                __aeabi_frsub
                0x00005154                __subsf3
                0x00005154                __aeabi_fsub
                0x00005158                __aeabi_fadd
                0x00005158                __addsf3
                0x000052b8                __aeabi_ui2f
                0x000052b8                __floatunsisf
                0x000052c0                __aeabi_i2f
                0x000052c0                __floatsisf
                0x000052dc                __aeabi_ul2f
                0x000052dc                __floatundisf
                0x000052ec                __aeabi_l2f
                0x000052ec                __floatdisf
 .text          0x00005368      0x2a0 c:/siliconlabs/simplicitystudio/v4/developer/toolchains/gnu_arm/7.2_2017q4/bin/../lib/gcc/arm-none-eabi/7.2.1/thumb/v7-m\libgcc.a(_arm_muldivsf3.o)
                0x00005368                __mulsf3
                0x00005368                __aeabi_fmul
                0x000054d0                __aeabi_fdiv
                0x000054d0                __divsf3
 .text          0x00005608       0x40 c:/siliconlabs/simplicitystudio/v4/developer/toolchains/gnu_arm/7.2_2017q4/bin/../lib/gcc/arm-none-eabi/7.2.1/thumb/v7-m\libgcc.a(_arm_fixunssfsi.o)
                0x00005608                __fixunssfsi
                0x00005608                __aeabi_f2uiz
 .text          0x00005648       0x30 c:/siliconlabs/simplicitystudio/v4/developer/toolchains/gnu_arm/7.2_2017q4/bin/../lib/gcc/arm-none-eabi/7.2.1/thumb/v7-m\libgcc.a(_aeabi_uldivmod.o)
                0x00005648                __aeabi_uldivmod
 .text          0x00005678      0x2d0 c:/siliconlabs/simplicitystudio/v4/developer/toolchains/gnu_arm/7.2_2017q4/bin/../lib/gcc/arm-none-eabi/7.2.1/thumb/v7-m\libgcc.a(_udivmoddi4.o)
                0x00005678                __udivmoddi4
 .text          0x00005948        0x4 c:/siliconlabs/simplicitystudio/v4/developer/toolchains/gnu_arm/7.2_2017q4/bin/../lib/gcc/arm-none-eabi/7.2.1/thumb/v7-m\libgcc.a(_dvmd_tls.o)
                0x00005948                __aeabi_idiv0
                0x00005948                __aeabi_ldiv0
 .text.abs      0x0000594c        0x8 c:/siliconlabs/simplicitystudio/v4/developer/toolchains/gnu_arm/7.2_2017q4/bin/../lib/gcc/arm-none-eabi/7.2.1/../../../../arm-none-eabi/lib/thumb/v7-m\libc_nano.a(lib_a-abs.o)
                0x0000594c                abs
 .text.exit     0x00005954       0x28 c:/siliconlabs/simplicitystudio/v4/developer/toolchains/gnu_arm/7.2_2017q4/bin/../lib/gcc/arm-none-eabi/7.2.1/../../../../arm-none-eabi/lib/thumb/v7-m\libc_nano.a(lib_a-exit.o)
                0x00005954                exit
 .text.__libc_init_array
                0x0000597c       0x48 c:/siliconlabs/simplicitystudio/v4/developer/toolchains/gnu_arm/7.2_2017q4/bin/../lib/gcc/arm-none-eabi/7.2.1/../../../../arm-none-eabi/lib/thumb/v7-m\libc_nano.a(lib_a-init.o)
                0x0000597c                __libc_init_array
 .text.memset   0x000059c4       0x10 c:/siliconlabs/simplicitystudio/v4/developer/toolchains/gnu_arm/7.2_2017q4/bin/../lib/gcc/arm-none-eabi/7.2.1/../../../../arm-none-eabi/lib/thumb/v7-m\libc_nano.a(lib_a-memset.o)
                0x000059c4                memset
 .text.srand    0x000059d4       0x48 c:/siliconlabs/simplicitystudio/v4/developer/toolchains/gnu_arm/7.2_2017q4/bin/../lib/gcc/arm-none-eabi/7.2.1/../../../../arm-none-eabi/lib/thumb/v7-m\libc_nano.a(lib_a-rand.o)
                0x000059d4                srand
 .text.rand     0x00005a1c       0x68 c:/siliconlabs/simplicitystudio/v4/developer/toolchains/gnu_arm/7.2_2017q4/bin/../lib/gcc/arm-none-eabi/7.2.1/../../../../arm-none-eabi/lib/thumb/v7-m\libc_nano.a(lib_a-rand.o)
                0x00005a1c                rand
 .text.sprintf  0x00005a84       0x40 c:/siliconlabs/simplicitystudio/v4/developer/toolchains/gnu_arm/7.2_2017q4/bin/../lib/gcc/arm-none-eabi/7.2.1/../../../../arm-none-eabi/lib/thumb/v7-m\libc_nano.a(lib_a-sprintf.o)
                0x00005a84                siprintf
                0x00005a84                sprintf
 .text.strcat   0x00005ac4       0x1e c:/siliconlabs/simplicitystudio/v4/developer/toolchains/gnu_arm/7.2_2017q4/bin/../lib/gcc/arm-none-eabi/7.2.1/../../../../arm-none-eabi/lib/thumb/v7-m\libc_nano.a(lib_a-strcat.o)
                0x00005ac4                strcat
 .text.strcpy   0x00005ae2       0x10 c:/siliconlabs/simplicitystudio/v4/developer/toolchains/gnu_arm/7.2_2017q4/bin/../lib/gcc/arm-none-eabi/7.2.1/../../../../arm-none-eabi/lib/thumb/v7-m\libc_nano.a(lib_a-strcpy.o)
                0x00005ae2                strcpy
 .text          0x00005af2       0x10 c:/siliconlabs/simplicitystudio/v4/developer/toolchains/gnu_arm/7.2_2017q4/bin/../lib/gcc/arm-none-eabi/7.2.1/../../../../arm-none-eabi/lib/thumb/v7-m\libc_nano.a(lib_a-strlen.o)
                0x00005af2                strlen
 *fill*         0x00005b02        0x2 
 .text.time     0x00005b04       0x34 c:/siliconlabs/simplicitystudio/v4/developer/toolchains/gnu_arm/7.2_2017q4/bin/../lib/gcc/arm-none-eabi/7.2.1/../../../../arm-none-eabi/lib/thumb/v7-m\libc_nano.a(lib_a-time.o)
                0x00005b04                time
 .text._gettimeofday_r
                0x00005b38       0x24 c:/siliconlabs/simplicitystudio/v4/developer/toolchains/gnu_arm/7.2_2017q4/bin/../lib/gcc/arm-none-eabi/7.2.1/../../../../arm-none-eabi/lib/thumb/v7-m\libc_nano.a(lib_a-gettimeofdayr.o)
                0x00005b38                _gettimeofday_r
 .text.malloc   0x00005b5c       0x10 c:/siliconlabs/simplicitystudio/v4/developer/toolchains/gnu_arm/7.2_2017q4/bin/../lib/gcc/arm-none-eabi/7.2.1/../../../../arm-none-eabi/lib/thumb/v7-m\libc_nano.a(lib_a-malloc.o)
                0x00005b5c                malloc
 .text._free_r  0x00005b6c       0x98 c:/siliconlabs/simplicitystudio/v4/developer/toolchains/gnu_arm/7.2_2017q4/bin/../lib/gcc/arm-none-eabi/7.2.1/../../../../arm-none-eabi/lib/thumb/v7-m\libc_nano.a(lib_a-nano-freer.o)
                0x00005b6c                _free_r
 .text._malloc_r
                0x00005c04       0xb4 c:/siliconlabs/simplicitystudio/v4/developer/toolchains/gnu_arm/7.2_2017q4/bin/../lib/gcc/arm-none-eabi/7.2.1/../../../../arm-none-eabi/lib/thumb/v7-m\libc_nano.a(lib_a-nano-mallocr.o)
                0x00005c04                _malloc_r
 .text.__ssputs_r
                0x00005cb8       0xb4 c:/siliconlabs/simplicitystudio/v4/developer/toolchains/gnu_arm/7.2_2017q4/bin/../lib/gcc/arm-none-eabi/7.2.1/../../../../arm-none-eabi/lib/thumb/v7-m\libc_nano.a(lib_a-nano-svfprintf.o)
                0x00005cb8                __ssputs_r
 .text._svfprintf_r
                0x00005d6c      0x1ec c:/siliconlabs/simplicitystudio/v4/developer/toolchains/gnu_arm/7.2_2017q4/bin/../lib/gcc/arm-none-eabi/7.2.1/../../../../arm-none-eabi/lib/thumb/v7-m\libc_nano.a(lib_a-nano-svfprintf.o)
                0x00005d6c                _svfiprintf_r
                0x00005d6c                _svfprintf_r
 .text._printf_common
                0x00005f58       0xec c:/siliconlabs/simplicitystudio/v4/developer/toolchains/gnu_arm/7.2_2017q4/bin/../lib/gcc/arm-none-eabi/7.2.1/../../../../arm-none-eabi/lib/thumb/v7-m\libc_nano.a(lib_a-nano-vfprintf_i.o)
                0x00005f58                _printf_common
 .text._printf_i
                0x00006044      0x224 c:/siliconlabs/simplicitystudio/v4/developer/toolchains/gnu_arm/7.2_2017q4/bin/../lib/gcc/arm-none-eabi/7.2.1/../../../../arm-none-eabi/lib/thumb/v7-m\libc_nano.a(lib_a-nano-vfprintf_i.o)
                0x00006044                _printf_i
 .text._sbrk_r  0x00006268       0x20 c:/siliconlabs/simplicitystudio/v4/developer/toolchains/gnu_arm/7.2_2017q4/bin/../lib/gcc/arm-none-eabi/7.2.1/../../../../arm-none-eabi/lib/thumb/v7-m\libc_nano.a(lib_a-sbrkr.o)
                0x00006268                _sbrk_r
 .text.memchr   0x00006288       0x1c c:/siliconlabs/simplicitystudio/v4/developer/toolchains/gnu_arm/7.2_2017q4/bin/../lib/gcc/arm-none-eabi/7.2.1/../../../../arm-none-eabi/lib/thumb/v7-m\libc_nano.a(lib_a-memchr-stub.o)
                0x00006288                memchr
 .text.memcpy   0x000062a4       0x16 c:/siliconlabs/simplicitystudio/v4/developer/toolchains/gnu_arm/7.2_2017q4/bin/../lib/gcc/arm-none-eabi/7.2.1/../../../../arm-none-eabi/lib/thumb/v7-m\libc_nano.a(lib_a-memcpy-stub.o)
                0x000062a4                memcpy
 .text.memmove  0x000062ba       0x32 c:/siliconlabs/simplicitystudio/v4/developer/toolchains/gnu_arm/7.2_2017q4/bin/../lib/gcc/arm-none-eabi/7.2.1/../../../../arm-none-eabi/lib/thumb/v7-m\libc_nano.a(lib_a-memmove.o)
                0x000062ba                memmove
 .text.__malloc_lock
                0x000062ec        0x2 c:/siliconlabs/simplicitystudio/v4/developer/toolchains/gnu_arm/7.2_2017q4/bin/../lib/gcc/arm-none-eabi/7.2.1/../../../../arm-none-eabi/lib/thumb/v7-m\libc_nano.a(lib_a-mlock.o)
                0x000062ec                __malloc_lock
 .text.__malloc_unlock
                0x000062ee        0x2 c:/siliconlabs/simplicitystudio/v4/developer/toolchains/gnu_arm/7.2_2017q4/bin/../lib/gcc/arm-none-eabi/7.2.1/../../../../arm-none-eabi/lib/thumb/v7-m\libc_nano.a(lib_a-mlock.o)
                0x000062ee                __malloc_unlock
 .text._realloc_r
                0x000062f0       0x4c c:/siliconlabs/simplicitystudio/v4/developer/toolchains/gnu_arm/7.2_2017q4/bin/../lib/gcc/arm-none-eabi/7.2.1/../../../../arm-none-eabi/lib/thumb/v7-m\libc_nano.a(lib_a-nano-reallocr.o)
                0x000062f0                _realloc_r
 .text._malloc_usable_size_r
                0x0000633c       0x10 c:/siliconlabs/simplicitystudio/v4/developer/toolchains/gnu_arm/7.2_2017q4/bin/../lib/gcc/arm-none-eabi/7.2.1/../../../../arm-none-eabi/lib/thumb/v7-m\libc_nano.a(lib_a-nano-msizer.o)
                0x0000633c                _malloc_usable_size_r
 .text._gettimeofday
                0x0000634c       0x10 c:/siliconlabs/simplicitystudio/v4/developer/toolchains/gnu_arm/7.2_2017q4/bin/../lib/gcc/arm-none-eabi/7.2.1/../../../../arm-none-eabi/lib/thumb/v7-m\libnosys.a(gettod.o)
                0x0000634c                _gettimeofday
 .text._sbrk    0x0000635c       0x1c c:/siliconlabs/simplicitystudio/v4/developer/toolchains/gnu_arm/7.2_2017q4/bin/../lib/gcc/arm-none-eabi/7.2.1/../../../../arm-none-eabi/lib/thumb/v7-m\libnosys.a(sbrk.o)
                0x0000635c                _sbrk
 .text._exit    0x00006378        0x4 c:/siliconlabs/simplicitystudio/v4/developer/toolchains/gnu_arm/7.2_2017q4/bin/../lib/gcc/arm-none-eabi/7.2.1/../../../../arm-none-eabi/lib/thumb/v7-m\libnosys.a(_exit.o)
                0x00006378                _exit
 *(.init)
 .init          0x0000637c        0x4 c:/siliconlabs/simplicitystudio/v4/developer/toolchains/gnu_arm/7.2_2017q4/bin/../lib/gcc/arm-none-eabi/7.2.1/thumb/v7-m/crti.o
                0x0000637c                _init
 .init          0x00006380        0x8 c:/siliconlabs/simplicitystudio/v4/developer/toolchains/gnu_arm/7.2_2017q4/bin/../lib/gcc/arm-none-eabi/7.2.1/thumb/v7-m/crtn.o
 *(.fini)
 .fini          0x00006388        0x4 c:/siliconlabs/simplicitystudio/v4/developer/toolchains/gnu_arm/7.2_2017q4/bin/../lib/gcc/arm-none-eabi/7.2.1/thumb/v7-m/crti.o
                0x00006388                _fini
 .fini          0x0000638c        0x8 c:/siliconlabs/simplicitystudio/v4/developer/toolchains/gnu_arm/7.2_2017q4/bin/../lib/gcc/arm-none-eabi/7.2.1/thumb/v7-m/crtn.o
 *crtbegin.o(.ctors)
 *crtbegin?.o(.ctors)
 *(EXCLUDE_FILE(*crtend.o *crtend?.o) .ctors)
 *(SORT_BY_NAME(.ctors.*))
 *(.ctors)
 *crtbegin.o(.dtors)
 *crtbegin?.o(.dtors)
 *(EXCLUDE_FILE(*crtend.o *crtend?.o) .dtors)
 *(SORT_BY_NAME(.dtors.*))
 *(.dtors)
 *(.rodata*)
 .rodata.channelsInUse
                0x00006394       0x10 ./Drivers/caplesense.o
 .rodata        0x000063a4       0x2c ./Drivers/caplesense.o
 .rodata.initACMP.6224
                0x000063d0       0x14 ./Drivers/caplesense.o
 .rodata.initLESENSE.6234
                0x000063e4       0x40 ./Drivers/caplesense.o
 .rodata.initChsSleep.6233
                0x00006424      0x200 ./Drivers/caplesense.o
 .rodata.initChsSense.6232
                0x00006624      0x200 ./Drivers/caplesense.o
 .rodata.EFM_Display
                0x00006824      0x1fe ./Drivers/segmentlcd.o
 *fill*         0x00006a22        0x2 
 .rodata.Segment_Alphabet
                0x00006a24       0xb8 ./Drivers/segmentlcd.o
 .rodata.Segment_Numbers
                0x00006adc       0x22 ./Drivers/segmentlcd.o
 *fill*         0x00006afe        0x2 
 .rodata.lcdInit
                0x00006b00       0x14 ./Drivers/segmentlcd.o
 .rodata        0x00006b14       0x1c ./Drivers/vddcheck.o
 .rodata        0x00006b30       0x1d ./src/touchdemo.o
 *fill*         0x00006b4d        0x3 
 .rodata._global_impure_ptr
                0x00006b50        0x4 c:/siliconlabs/simplicitystudio/v4/developer/toolchains/gnu_arm/7.2_2017q4/bin/../lib/gcc/arm-none-eabi/7.2.1/../../../../arm-none-eabi/lib/thumb/v7-m\libc_nano.a(lib_a-impure.o)
                0x00006b50                _global_impure_ptr
 .rodata._svfprintf_r.str1.1
                0x00006b54       0x11 c:/siliconlabs/simplicitystudio/v4/developer/toolchains/gnu_arm/7.2_2017q4/bin/../lib/gcc/arm-none-eabi/7.2.1/../../../../arm-none-eabi/lib/thumb/v7-m\libc_nano.a(lib_a-nano-svfprintf.o)
 .rodata._printf_i.str1.1
                0x00006b65       0x22 c:/siliconlabs/simplicitystudio/v4/developer/toolchains/gnu_arm/7.2_2017q4/bin/../lib/gcc/arm-none-eabi/7.2.1/../../../../arm-none-eabi/lib/thumb/v7-m\libc_nano.a(lib_a-nano-vfprintf_i.o)
 *(.eh_frame*)
 *fill*         0x00006b87        0x1 
 .eh_frame      0x00006b88        0x0 c:/siliconlabs/simplicitystudio/v4/developer/toolchains/gnu_arm/7.2_2017q4/bin/../lib/gcc/arm-none-eabi/7.2.1/thumb/v7-m/crtbegin.o
 .eh_frame      0x00006b88        0x4 c:/siliconlabs/simplicitystudio/v4/developer/toolchains/gnu_arm/7.2_2017q4/bin/../lib/gcc/arm-none-eabi/7.2.1/thumb/v7-m/crtend.o

.glue_7         0x00006b8c        0x0
 .glue_7        0x00006b8c        0x0 linker stubs

.glue_7t        0x00006b8c        0x0
 .glue_7t       0x00006b8c        0x0 linker stubs

.vfp11_veneer   0x00006b8c        0x0
 .vfp11_veneer  0x00006b8c        0x0 linker stubs

.v4_bx          0x00006b8c        0x0
 .v4_bx         0x00006b8c        0x0 linker stubs

.iplt           0x00006b8c        0x0
 .iplt          0x00006b8c        0x0 c:/siliconlabs/simplicitystudio/v4/developer/toolchains/gnu_arm/7.2_2017q4/bin/../lib/gcc/arm-none-eabi/7.2.1/thumb/v7-m/crtbegin.o

.ARM.extab
 *(.ARM.extab* .gnu.linkonce.armextab.*)
                0x00006b8c                __exidx_start = .

.ARM.exidx      0x00006b8c        0x8
 *(.ARM.exidx* .gnu.linkonce.armexidx.*)
 .ARM.exidx     0x00006b8c        0x8 c:/siliconlabs/simplicitystudio/v4/developer/toolchains/gnu_arm/7.2_2017q4/bin/../lib/gcc/arm-none-eabi/7.2.1/../../../../arm-none-eabi/lib/thumb/v7-m/crt0.o
 .ARM.exidx     0x00006b94        0x0 c:/siliconlabs/simplicitystudio/v4/developer/toolchains/gnu_arm/7.2_2017q4/bin/../lib/gcc/arm-none-eabi/7.2.1/thumb/v7-m\libgcc.a(_udivmoddi4.o)
                                  0x8 (size before relaxing)
                0x00006b94                __exidx_end = .
                0x00006b94                __etext = .

.rel.dyn        0x00006b94        0x0
 .rel.iplt      0x00006b94        0x0 c:/siliconlabs/simplicitystudio/v4/developer/toolchains/gnu_arm/7.2_2017q4/bin/../lib/gcc/arm-none-eabi/7.2.1/thumb/v7-m/crtbegin.o

.data           0x20000000       0xc0 load address 0x00006b94
                0x20000000                __data_start__ = .
 *(vtable)
 *(.data*)
 .data.SystemHFXOClock
                0x20000000        0x4 ./CMSIS/EFM32GG/system_efm32gg.o
 .data.SystemLFXOClock
                0x20000004        0x4 ./CMSIS/EFM32GG/system_efm32gg.o
 .data.SystemCoreClock
                0x20000008        0x4 ./CMSIS/EFM32GG/system_efm32gg.o
                0x20000008                SystemCoreClock
 .data.channelMaxValues
                0x2000000c       0x40 ./Drivers/caplesense.o
 .data.init.6230
                0x2000004c        0x1 ./Drivers/caplesense.o
 .data.comp_int_disabled
                0x2000004d        0x1 ./service/sl_sleeptimer_hal_rtc.o
 .data.Time_Elapsed
                0x2000004e        0x1 ./src/touchdemo.o
                0x2000004e                Time_Elapsed
 .data.Start_Ducks
                0x2000004f        0x1 ./src/touchdemo.o
                0x2000004f                Start_Ducks
 .data.gameState
                0x20000050        0x1 ./src/touchdemo.o
 *fill*         0x20000051        0x3 
 .data._impure_ptr
                0x20000054        0x4 c:/siliconlabs/simplicitystudio/v4/developer/toolchains/gnu_arm/7.2_2017q4/bin/../lib/gcc/arm-none-eabi/7.2.1/../../../../arm-none-eabi/lib/thumb/v7-m\libc_nano.a(lib_a-impure.o)
                0x20000054                _impure_ptr
 .data.impure_data
                0x20000058       0x60 c:/siliconlabs/simplicitystudio/v4/developer/toolchains/gnu_arm/7.2_2017q4/bin/../lib/gcc/arm-none-eabi/7.2.1/../../../../arm-none-eabi/lib/thumb/v7-m\libc_nano.a(lib_a-impure.o)
                0x200000b8                . = ALIGN (0x4)
                [!provide]                PROVIDE (__ram_func_section_start, .)
 *(.ram)
                [!provide]                PROVIDE (__ram_func_section_end, .)
                0x200000b8                . = ALIGN (0x4)
                0x200000b8                PROVIDE (__preinit_array_start, .)
 *(.preinit_array)
                0x200000b8                PROVIDE (__preinit_array_end, .)
                0x200000b8                . = ALIGN (0x4)
                0x200000b8                PROVIDE (__init_array_start, .)
 *(SORT_BY_NAME(.init_array.*))
 *(.init_array)
 .init_array    0x200000b8        0x4 c:/siliconlabs/simplicitystudio/v4/developer/toolchains/gnu_arm/7.2_2017q4/bin/../lib/gcc/arm-none-eabi/7.2.1/thumb/v7-m/crtbegin.o
                0x200000bc                PROVIDE (__init_array_end, .)
                0x200000bc                . = ALIGN (0x4)
                [!provide]                PROVIDE (__fini_array_start, .)
 *(SORT_BY_NAME(.fini_array.*))
 *(.fini_array)
 .fini_array    0x200000bc        0x4 c:/siliconlabs/simplicitystudio/v4/developer/toolchains/gnu_arm/7.2_2017q4/bin/../lib/gcc/arm-none-eabi/7.2.1/thumb/v7-m/crtbegin.o
                [!provide]                PROVIDE (__fini_array_end, .)
 *(.jcr*)
                0x200000c0                . = ALIGN (0x4)
                0x200000c0                __data_end__ = .

.igot.plt       0x200000c0        0x0 load address 0x00006c54
 .igot.plt      0x200000c0        0x0 c:/siliconlabs/simplicitystudio/v4/developer/toolchains/gnu_arm/7.2_2017q4/bin/../lib/gcc/arm-none-eabi/7.2.1/thumb/v7-m/crtbegin.o

.bss            0x200000c0       0xe8 load address 0x00006c54
                0x200000c0                . = ALIGN (0x4)
                0x200000c0                __bss_start__ = .
 *(.bss*)
 .bss           0x200000c0       0x1c c:/siliconlabs/simplicitystudio/v4/developer/toolchains/gnu_arm/7.2_2017q4/bin/../lib/gcc/arm-none-eabi/7.2.1/thumb/v7-m/crtbegin.o
 .bss.channelValues
                0x200000dc       0x40 ./Drivers/caplesense.o
 .bss.lesenseScanCb
                0x2000011c        0x4 ./Drivers/caplesense.o
 .bss.lesenseChCb
                0x20000120        0x4 ./Drivers/caplesense.o
 .bss.currentChannel
                0x20000124        0x1 ./Drivers/caplesense.o
 *fill*         0x20000125        0x3 
 .bss.capsenseCalibrateVals.6231
                0x20000128        0x8 ./Drivers/caplesense.o
 .bss.cmuStatus.5798
                0x20000130        0x4 ./emlib/em_emu.o
 .bss.hfClock.5799
                0x20000134        0x1 ./emlib/em_emu.o
 *fill*         0x20000135        0x1 
 .bss.overflow_counter
                0x20000136        0x2 ./service/sl_sleeptimer.o
 .bss.timer_frequency
                0x20000138        0x4 ./service/sl_sleeptimer.o
 .bss.timer_head
                0x2000013c        0x4 ./service/sl_sleeptimer.o
 .bss.last_delta_update_count
                0x20000140        0x4 ./service/sl_sleeptimer.o
 .bss.is_sleeptimer_initialized
                0x20000144        0x1 ./service/sl_sleeptimer.o
 *fill*         0x20000145        0x3 
 .bss.max_millisecond_conversion
                0x20000148        0x4 ./service/sl_sleeptimer.o
 .bss.rtc_overflow_count
                0x2000014c        0x1 ./service/sl_sleeptimer_hal_rtc.o
 *fill*         0x2000014d        0x3 
 .bss.compare_value_32
                0x20000150        0x4 ./service/sl_sleeptimer_hal_rtc.o
 .bss.xTimerForSleep
                0x20000154       0x18 ./src/touchdemo.o
 .bss.Num_Of_Ducks
                0x2000016c        0x4 ./src/touchdemo.o
                0x2000016c                Num_Of_Ducks
 .bss.Ducks_Hit
                0x20000170        0x4 ./src/touchdemo.o
                0x20000170                Ducks_Hit
 .bss.hunterState
                0x20000174        0x1 ./src/touchdemo.o
 .bss.difficultySet
                0x20000175        0x1 ./src/touchdemo.o
                0x20000175                difficultySet
 *fill*         0x20000176        0x2 
 .bss.difficulty
                0x20000178        0x4 ./src/touchdemo.o
                0x20000178                difficulty
 .bss.start     0x2000017c        0x4 ./src/touchdemo.o
                0x2000017c                start
 .bss.stop      0x20000180        0x4 ./src/touchdemo.o
                0x20000180                stop
 .bss.vboost    0x20000184        0x1 ./src/touchdemo.o
                0x20000184                vboost
 *fill*         0x20000185        0x3 
 .bss.__malloc_free_list
                0x20000188        0x4 c:/siliconlabs/simplicitystudio/v4/developer/toolchains/gnu_arm/7.2_2017q4/bin/../lib/gcc/arm-none-eabi/7.2.1/../../../../arm-none-eabi/lib/thumb/v7-m\libc_nano.a(lib_a-nano-mallocr.o)
                0x20000188                __malloc_free_list
 .bss.__malloc_sbrk_start
                0x2000018c        0x4 c:/siliconlabs/simplicitystudio/v4/developer/toolchains/gnu_arm/7.2_2017q4/bin/../lib/gcc/arm-none-eabi/7.2.1/../../../../arm-none-eabi/lib/thumb/v7-m\libc_nano.a(lib_a-nano-mallocr.o)
                0x2000018c                __malloc_sbrk_start
 .bss.heap_end.4102
                0x20000190        0x4 c:/siliconlabs/simplicitystudio/v4/developer/toolchains/gnu_arm/7.2_2017q4/bin/../lib/gcc/arm-none-eabi/7.2.1/../../../../arm-none-eabi/lib/thumb/v7-m\libnosys.a(sbrk.o)
 *(COMMON)
 COMMON         0x20000194       0x10 ./src/touchdemo.o
                0x20000194                slider
                0x20000198                shoot
                0x2000019c                duckPos
                0x200001a0                msTicks
 COMMON         0x200001a4        0x4 c:/siliconlabs/simplicitystudio/v4/developer/toolchains/gnu_arm/7.2_2017q4/bin/../lib/gcc/arm-none-eabi/7.2.1/../../../../arm-none-eabi/lib/thumb/v7-m\libc_nano.a(lib_a-reent.o)
                0x200001a4                errno
                0x200001a8                . = ALIGN (0x4)
                0x200001a8                __bss_end__ = .

.heap           0x200001a8      0xc00
                0x200001a8                __HeapBase = .
                0x200001a8                __end__ = .
                0x200001a8                end = __end__
                0x200001a8                _end = __end__
 *(.heap*)
 .heap          0x200001a8      0xc00 ./CMSIS/EFM32GG/startup_gcc_efm32gg.o
                0x20000da8                __HeapLimit = .

.stack_dummy    0x200001a8      0x400
 *(.stack*)
 .stack         0x200001a8      0x400 ./CMSIS/EFM32GG/startup_gcc_efm32gg.o
                0x20020000                __StackTop = (ORIGIN (RAM) + LENGTH (RAM))
                0x2001fc00                __StackLimit = (__StackTop - SIZEOF (.stack_dummy))
                0x20020000                PROVIDE (__stack, __StackTop)
                0x00000001                ASSERT ((__StackLimit >= __HeapLimit), region RAM overflowed with stack)
                0x00000001                ASSERT ((LENGTH (FLASH) >= (__etext + SIZEOF (.data))), FLASH memory overflowed !)
OUTPUT(STK3700_touch_2.axf elf32-littlearm)

.ARM.attributes
                0x00000000       0x29
 .ARM.attributes
                0x00000000       0x1d c:/siliconlabs/simplicitystudio/v4/developer/toolchains/gnu_arm/7.2_2017q4/bin/../lib/gcc/arm-none-eabi/7.2.1/thumb/v7-m/crti.o
 .ARM.attributes
                0x0000001d       0x2d c:/siliconlabs/simplicitystudio/v4/developer/toolchains/gnu_arm/7.2_2017q4/bin/../lib/gcc/arm-none-eabi/7.2.1/thumb/v7-m/crtbegin.o
 .ARM.attributes
                0x0000004a       0x1b c:/siliconlabs/simplicitystudio/v4/developer/toolchains/gnu_arm/7.2_2017q4/bin/../lib/gcc/arm-none-eabi/7.2.1/../../../../arm-none-eabi/lib/thumb/v7-m/crt0.o
 .ARM.attributes
                0x00000065       0x33 ./BSP/bsp_trace.o
 .ARM.attributes
                0x00000098       0x1b ./CMSIS/EFM32GG/startup_gcc_efm32gg.o
 .ARM.attributes
                0x000000b3       0x33 ./CMSIS/EFM32GG/system_efm32gg.o
 .ARM.attributes
                0x000000e6       0x33 ./Drivers/caplesense.o
 .ARM.attributes
                0x00000119       0x33 ./Drivers/segmentlcd.o
 .ARM.attributes
                0x0000014c       0x33 ./Drivers/vddcheck.o
 .ARM.attributes
                0x0000017f       0x33 ./emlib/em_acmp.o
 .ARM.attributes
                0x000001b2       0x33 ./emlib/em_cmu.o
 .ARM.attributes
                0x000001e5       0x33 ./emlib/em_core.o
 .ARM.attributes
                0x00000218       0x33 ./emlib/em_emu.o
 .ARM.attributes
                0x0000024b       0x33 ./emlib/em_gpio.o
 .ARM.attributes
                0x0000027e       0x33 ./emlib/em_lcd.o
 .ARM.attributes
                0x000002b1       0x33 ./emlib/em_lesense.o
 .ARM.attributes
                0x000002e4       0x33 ./emlib/em_rtc.o
 .ARM.attributes
                0x00000317       0x33 ./emlib/em_system.o
 .ARM.attributes
                0x0000034a       0x33 ./emlib/em_vcmp.o
 .ARM.attributes
                0x0000037d       0x33 ./service/sl_sleeptimer.o
 .ARM.attributes
                0x000003b0       0x33 ./service/sl_sleeptimer_hal_rtc.o
 .ARM.attributes
                0x000003e3       0x33 ./src/touchdemo.o
 .ARM.attributes
                0x00000416       0x1d c:/siliconlabs/simplicitystudio/v4/developer/toolchains/gnu_arm/7.2_2017q4/bin/../lib/gcc/arm-none-eabi/7.2.1/thumb/v7-m\libgcc.a(_arm_addsubsf3.o)
 .ARM.attributes
                0x00000433       0x1d c:/siliconlabs/simplicitystudio/v4/developer/toolchains/gnu_arm/7.2_2017q4/bin/../lib/gcc/arm-none-eabi/7.2.1/thumb/v7-m\libgcc.a(_arm_muldivsf3.o)
 .ARM.attributes
                0x00000450       0x1d c:/siliconlabs/simplicitystudio/v4/developer/toolchains/gnu_arm/7.2_2017q4/bin/../lib/gcc/arm-none-eabi/7.2.1/thumb/v7-m\libgcc.a(_arm_fixunssfsi.o)
 .ARM.attributes
                0x0000046d       0x1d c:/siliconlabs/simplicitystudio/v4/developer/toolchains/gnu_arm/7.2_2017q4/bin/../lib/gcc/arm-none-eabi/7.2.1/thumb/v7-m\libgcc.a(_aeabi_uldivmod.o)
 .ARM.attributes
                0x0000048a       0x2d c:/siliconlabs/simplicitystudio/v4/developer/toolchains/gnu_arm/7.2_2017q4/bin/../lib/gcc/arm-none-eabi/7.2.1/thumb/v7-m\libgcc.a(_udivmoddi4.o)
 .ARM.attributes
                0x000004b7       0x1d c:/siliconlabs/simplicitystudio/v4/developer/toolchains/gnu_arm/7.2_2017q4/bin/../lib/gcc/arm-none-eabi/7.2.1/thumb/v7-m\libgcc.a(_dvmd_tls.o)
 .ARM.attributes
                0x000004d4       0x2d c:/siliconlabs/simplicitystudio/v4/developer/toolchains/gnu_arm/7.2_2017q4/bin/../lib/gcc/arm-none-eabi/7.2.1/../../../../arm-none-eabi/lib/thumb/v7-m\libc_nano.a(lib_a-abs.o)
 .ARM.attributes
                0x00000501       0x2d c:/siliconlabs/simplicitystudio/v4/developer/toolchains/gnu_arm/7.2_2017q4/bin/../lib/gcc/arm-none-eabi/7.2.1/../../../../arm-none-eabi/lib/thumb/v7-m\libc_nano.a(lib_a-exit.o)
 .ARM.attributes
                0x0000052e       0x2d c:/siliconlabs/simplicitystudio/v4/developer/toolchains/gnu_arm/7.2_2017q4/bin/../lib/gcc/arm-none-eabi/7.2.1/../../../../arm-none-eabi/lib/thumb/v7-m\libc_nano.a(lib_a-impure.o)
 .ARM.attributes
                0x0000055b       0x2d c:/siliconlabs/simplicitystudio/v4/developer/toolchains/gnu_arm/7.2_2017q4/bin/../lib/gcc/arm-none-eabi/7.2.1/../../../../arm-none-eabi/lib/thumb/v7-m\libc_nano.a(lib_a-init.o)
 .ARM.attributes
                0x00000588       0x2d c:/siliconlabs/simplicitystudio/v4/developer/toolchains/gnu_arm/7.2_2017q4/bin/../lib/gcc/arm-none-eabi/7.2.1/../../../../arm-none-eabi/lib/thumb/v7-m\libc_nano.a(lib_a-memset.o)
 .ARM.attributes
                0x000005b5       0x2d c:/siliconlabs/simplicitystudio/v4/developer/toolchains/gnu_arm/7.2_2017q4/bin/../lib/gcc/arm-none-eabi/7.2.1/../../../../arm-none-eabi/lib/thumb/v7-m\libc_nano.a(lib_a-rand.o)
 .ARM.attributes
                0x000005e2       0x2d c:/siliconlabs/simplicitystudio/v4/developer/toolchains/gnu_arm/7.2_2017q4/bin/../lib/gcc/arm-none-eabi/7.2.1/../../../../arm-none-eabi/lib/thumb/v7-m\libc_nano.a(lib_a-sprintf.o)
 .ARM.attributes
                0x0000060f       0x2d c:/siliconlabs/simplicitystudio/v4/developer/toolchains/gnu_arm/7.2_2017q4/bin/../lib/gcc/arm-none-eabi/7.2.1/../../../../arm-none-eabi/lib/thumb/v7-m\libc_nano.a(lib_a-strcat.o)
 .ARM.attributes
                0x0000063c       0x2d c:/siliconlabs/simplicitystudio/v4/developer/toolchains/gnu_arm/7.2_2017q4/bin/../lib/gcc/arm-none-eabi/7.2.1/../../../../arm-none-eabi/lib/thumb/v7-m\libc_nano.a(lib_a-strcpy.o)
 .ARM.attributes
                0x00000669       0x17 c:/siliconlabs/simplicitystudio/v4/developer/toolchains/gnu_arm/7.2_2017q4/bin/../lib/gcc/arm-none-eabi/7.2.1/../../../../arm-none-eabi/lib/thumb/v7-m\libc_nano.a(lib_a-strlen.o)
 .ARM.attributes
                0x00000680       0x2d c:/siliconlabs/simplicitystudio/v4/developer/toolchains/gnu_arm/7.2_2017q4/bin/../lib/gcc/arm-none-eabi/7.2.1/../../../../arm-none-eabi/lib/thumb/v7-m\libc_nano.a(lib_a-time.o)
 .ARM.attributes
                0x000006ad       0x2d c:/siliconlabs/simplicitystudio/v4/developer/toolchains/gnu_arm/7.2_2017q4/bin/../lib/gcc/arm-none-eabi/7.2.1/../../../../arm-none-eabi/lib/thumb/v7-m\libc_nano.a(lib_a-gettimeofdayr.o)
 .ARM.attributes
                0x000006da       0x2d c:/siliconlabs/simplicitystudio/v4/developer/toolchains/gnu_arm/7.2_2017q4/bin/../lib/gcc/arm-none-eabi/7.2.1/../../../../arm-none-eabi/lib/thumb/v7-m\libc_nano.a(lib_a-malloc.o)
 .ARM.attributes
                0x00000707       0x2d c:/siliconlabs/simplicitystudio/v4/developer/toolchains/gnu_arm/7.2_2017q4/bin/../lib/gcc/arm-none-eabi/7.2.1/../../../../arm-none-eabi/lib/thumb/v7-m\libc_nano.a(lib_a-nano-freer.o)
 .ARM.attributes
                0x00000734       0x2d c:/siliconlabs/simplicitystudio/v4/developer/toolchains/gnu_arm/7.2_2017q4/bin/../lib/gcc/arm-none-eabi/7.2.1/../../../../arm-none-eabi/lib/thumb/v7-m\libc_nano.a(lib_a-nano-mallocr.o)
 .ARM.attributes
                0x00000761       0x2d c:/siliconlabs/simplicitystudio/v4/developer/toolchains/gnu_arm/7.2_2017q4/bin/../lib/gcc/arm-none-eabi/7.2.1/../../../../arm-none-eabi/lib/thumb/v7-m\libc_nano.a(lib_a-nano-svfprintf.o)
 .ARM.attributes
                0x0000078e       0x2d c:/siliconlabs/simplicitystudio/v4/developer/toolchains/gnu_arm/7.2_2017q4/bin/../lib/gcc/arm-none-eabi/7.2.1/../../../../arm-none-eabi/lib/thumb/v7-m\libc_nano.a(lib_a-nano-vfprintf_i.o)
 .ARM.attributes
                0x000007bb       0x2d c:/siliconlabs/simplicitystudio/v4/developer/toolchains/gnu_arm/7.2_2017q4/bin/../lib/gcc/arm-none-eabi/7.2.1/../../../../arm-none-eabi/lib/thumb/v7-m\libc_nano.a(lib_a-reent.o)
 .ARM.attributes
                0x000007e8       0x2d c:/siliconlabs/simplicitystudio/v4/developer/toolchains/gnu_arm/7.2_2017q4/bin/../lib/gcc/arm-none-eabi/7.2.1/../../../../arm-none-eabi/lib/thumb/v7-m\libc_nano.a(lib_a-sbrkr.o)
 .ARM.attributes
                0x00000815       0x2d c:/siliconlabs/simplicitystudio/v4/developer/toolchains/gnu_arm/7.2_2017q4/bin/../lib/gcc/arm-none-eabi/7.2.1/../../../../arm-none-eabi/lib/thumb/v7-m\libc_nano.a(lib_a-memchr-stub.o)
 .ARM.attributes
                0x00000842       0x2d c:/siliconlabs/simplicitystudio/v4/developer/toolchains/gnu_arm/7.2_2017q4/bin/../lib/gcc/arm-none-eabi/7.2.1/../../../../arm-none-eabi/lib/thumb/v7-m\libc_nano.a(lib_a-memcpy-stub.o)
 .ARM.attributes
                0x0000086f       0x2d c:/siliconlabs/simplicitystudio/v4/developer/toolchains/gnu_arm/7.2_2017q4/bin/../lib/gcc/arm-none-eabi/7.2.1/../../../../arm-none-eabi/lib/thumb/v7-m\libc_nano.a(lib_a-memmove.o)
 .ARM.attributes
                0x0000089c       0x2d c:/siliconlabs/simplicitystudio/v4/developer/toolchains/gnu_arm/7.2_2017q4/bin/../lib/gcc/arm-none-eabi/7.2.1/../../../../arm-none-eabi/lib/thumb/v7-m\libc_nano.a(lib_a-mlock.o)
 .ARM.attributes
                0x000008c9       0x2d c:/siliconlabs/simplicitystudio/v4/developer/toolchains/gnu_arm/7.2_2017q4/bin/../lib/gcc/arm-none-eabi/7.2.1/../../../../arm-none-eabi/lib/thumb/v7-m\libc_nano.a(lib_a-nano-reallocr.o)
 .ARM.attributes
                0x000008f6       0x2d c:/siliconlabs/simplicitystudio/v4/developer/toolchains/gnu_arm/7.2_2017q4/bin/../lib/gcc/arm-none-eabi/7.2.1/../../../../arm-none-eabi/lib/thumb/v7-m\libc_nano.a(lib_a-nano-msizer.o)
 .ARM.attributes
                0x00000923       0x2d c:/siliconlabs/simplicitystudio/v4/developer/toolchains/gnu_arm/7.2_2017q4/bin/../lib/gcc/arm-none-eabi/7.2.1/../../../../arm-none-eabi/lib/thumb/v7-m\libnosys.a(gettod.o)
 .ARM.attributes
                0x00000950       0x2d c:/siliconlabs/simplicitystudio/v4/developer/toolchains/gnu_arm/7.2_2017q4/bin/../lib/gcc/arm-none-eabi/7.2.1/../../../../arm-none-eabi/lib/thumb/v7-m\libnosys.a(sbrk.o)
 .ARM.attributes
                0x0000097d       0x2d c:/siliconlabs/simplicitystudio/v4/developer/toolchains/gnu_arm/7.2_2017q4/bin/../lib/gcc/arm-none-eabi/7.2.1/../../../../arm-none-eabi/lib/thumb/v7-m\libnosys.a(_exit.o)
 .ARM.attributes
                0x000009aa       0x2d c:/siliconlabs/simplicitystudio/v4/developer/toolchains/gnu_arm/7.2_2017q4/bin/../lib/gcc/arm-none-eabi/7.2.1/thumb/v7-m/crtend.o
 .ARM.attributes
                0x000009d7       0x1d c:/siliconlabs/simplicitystudio/v4/developer/toolchains/gnu_arm/7.2_2017q4/bin/../lib/gcc/arm-none-eabi/7.2.1/thumb/v7-m/crtn.o

.comment        0x00000000       0x7e
 .comment       0x00000000       0x7e ./BSP/bsp_trace.o
                                 0x7f (size before relaxing)
 .comment       0x0000007e       0x7f ./CMSIS/EFM32GG/system_efm32gg.o
 .comment       0x0000007e       0x7f ./Drivers/caplesense.o
 .comment       0x0000007e       0x7f ./Drivers/segmentlcd.o
 .comment       0x0000007e       0x7f ./Drivers/vddcheck.o
 .comment       0x0000007e       0x7f ./emlib/em_acmp.o
 .comment       0x0000007e       0x7f ./emlib/em_cmu.o
 .comment       0x0000007e       0x7f ./emlib/em_core.o
 .comment       0x0000007e       0x7f ./emlib/em_emu.o
 .comment       0x0000007e       0x7f ./emlib/em_gpio.o
 .comment       0x0000007e       0x7f ./emlib/em_lcd.o
 .comment       0x0000007e       0x7f ./emlib/em_lesense.o
 .comment       0x0000007e       0x7f ./emlib/em_rtc.o
 .comment       0x0000007e       0x7f ./emlib/em_system.o
 .comment       0x0000007e       0x7f ./emlib/em_vcmp.o
 .comment       0x0000007e       0x7f ./service/sl_sleeptimer.o
 .comment       0x0000007e       0x7f ./service/sl_sleeptimer_hal_rtc.o
 .comment       0x0000007e       0x7f ./src/touchdemo.o

.debug_info     0x00000000     0xf668
 .debug_info    0x00000000      0xcfd ./BSP/bsp_trace.o
 .debug_info    0x00000cfd       0x26 ./CMSIS/EFM32GG/startup_gcc_efm32gg.o
 .debug_info    0x00000d23      0x7a7 ./CMSIS/EFM32GG/system_efm32gg.o
 .debug_info    0x000014ca     0x17ea ./Drivers/caplesense.o
 .debug_info    0x00002cb4     0x1bfd ./Drivers/segmentlcd.o
 .debug_info    0x000048b1      0x506 ./Drivers/vddcheck.o
 .debug_info    0x00004db7      0x6b6 ./emlib/em_acmp.o
 .debug_info    0x0000546d     0x1624 ./emlib/em_cmu.o
 .debug_info    0x00006a91      0xda0 ./emlib/em_core.o
 .debug_info    0x00007831     0x118a ./emlib/em_emu.o
 .debug_info    0x000089bb      0x6f4 ./emlib/em_gpio.o
 .debug_info    0x000090af      0xb0e ./emlib/em_lcd.o
 .debug_info    0x00009bbd     0x14fd ./emlib/em_lesense.o
 .debug_info    0x0000b0ba      0x39f ./emlib/em_rtc.o
 .debug_info    0x0000b459      0x2d6 ./emlib/em_system.o
 .debug_info    0x0000b72f      0x371 ./emlib/em_vcmp.o
 .debug_info    0x0000baa0     0x143d ./service/sl_sleeptimer.o
 .debug_info    0x0000cedd      0x9ae ./service/sl_sleeptimer_hal_rtc.o
 .debug_info    0x0000d88b     0x1ddd ./src/touchdemo.o

.debug_abbrev   0x00000000     0x2a66
 .debug_abbrev  0x00000000      0x1c7 ./BSP/bsp_trace.o
 .debug_abbrev  0x000001c7       0x14 ./CMSIS/EFM32GG/startup_gcc_efm32gg.o
 .debug_abbrev  0x000001db      0x1eb ./CMSIS/EFM32GG/system_efm32gg.o
 .debug_abbrev  0x000003c6      0x30c ./Drivers/caplesense.o
 .debug_abbrev  0x000006d2      0x2ba ./Drivers/segmentlcd.o
 .debug_abbrev  0x0000098c      0x1a4 ./Drivers/vddcheck.o
 .debug_abbrev  0x00000b30      0x1f1 ./emlib/em_acmp.o
 .debug_abbrev  0x00000d21      0x307 ./emlib/em_cmu.o
 .debug_abbrev  0x00001028      0x28f ./emlib/em_core.o
 .debug_abbrev  0x000012b7      0x2ad ./emlib/em_emu.o
 .debug_abbrev  0x00001564      0x21d ./emlib/em_gpio.o
 .debug_abbrev  0x00001781      0x24b ./emlib/em_lcd.o
 .debug_abbrev  0x000019cc      0x28b ./emlib/em_lesense.o
 .debug_abbrev  0x00001c57      0x1e0 ./emlib/em_rtc.o
 .debug_abbrev  0x00001e37      0x153 ./emlib/em_system.o
 .debug_abbrev  0x00001f8a      0x163 ./emlib/em_vcmp.o
 .debug_abbrev  0x000020ed      0x2eb ./service/sl_sleeptimer.o
 .debug_abbrev  0x000023d8      0x27d ./service/sl_sleeptimer_hal_rtc.o
 .debug_abbrev  0x00002655      0x411 ./src/touchdemo.o

.debug_loc      0x00000000     0x6159
 .debug_loc     0x00000000       0x7c ./BSP/bsp_trace.o
 .debug_loc     0x0000007c      0x31c ./CMSIS/EFM32GG/system_efm32gg.o
 .debug_loc     0x00000398      0x64a ./Drivers/caplesense.o
 .debug_loc     0x000009e2      0x66a ./Drivers/segmentlcd.o
 .debug_loc     0x0000104c      0x1c4 ./Drivers/vddcheck.o
 .debug_loc     0x00001210      0x368 ./emlib/em_acmp.o
 .debug_loc     0x00001578      0xe4c ./emlib/em_cmu.o
 .debug_loc     0x000023c4      0x88c ./emlib/em_core.o
 .debug_loc     0x00002c50      0x7c0 ./emlib/em_emu.o
 .debug_loc     0x00003410      0x420 ./emlib/em_gpio.o
 .debug_loc     0x00003830      0x648 ./emlib/em_lcd.o
 .debug_loc     0x00003e78      0x710 ./emlib/em_lesense.o
 .debug_loc     0x00004588      0x28c ./emlib/em_rtc.o
 .debug_loc     0x00004814       0xb8 ./emlib/em_system.o
 .debug_loc     0x000048cc      0x1a8 ./emlib/em_vcmp.o
 .debug_loc     0x00004a74      0x8a1 ./service/sl_sleeptimer.o
 .debug_loc     0x00005315      0x5ac ./service/sl_sleeptimer_hal_rtc.o
 .debug_loc     0x000058c1      0x898 ./src/touchdemo.o

.debug_aranges  0x00000000      0xba0
 .debug_aranges
                0x00000000       0x28 ./BSP/bsp_trace.o
 .debug_aranges
                0x00000028       0x20 ./CMSIS/EFM32GG/startup_gcc_efm32gg.o
 .debug_aranges
                0x00000048       0x70 ./CMSIS/EFM32GG/system_efm32gg.o
 .debug_aranges
                0x000000b8       0xc0 ./Drivers/caplesense.o
 .debug_aranges
                0x00000178       0xc8 ./Drivers/segmentlcd.o
 .debug_aranges
                0x00000240       0x50 ./Drivers/vddcheck.o
 .debug_aranges
                0x00000290       0x68 ./emlib/em_acmp.o
 .debug_aranges
                0x000002f8      0x180 ./emlib/em_cmu.o
 .debug_aranges
                0x00000478       0xe8 ./emlib/em_core.o
 .debug_aranges
                0x00000560       0xe8 ./emlib/em_emu.o
 .debug_aranges
                0x00000648       0x78 ./emlib/em_gpio.o
 .debug_aranges
                0x000006c0       0xa8 ./emlib/em_lcd.o
 .debug_aranges
                0x00000768       0xc8 ./emlib/em_lesense.o
 .debug_aranges
                0x00000830       0x58 ./emlib/em_rtc.o
 .debug_aranges
                0x00000888       0x28 ./emlib/em_system.o
 .debug_aranges
                0x000008b0       0x40 ./emlib/em_vcmp.o
 .debug_aranges
                0x000008f0       0xf0 ./service/sl_sleeptimer.o
 .debug_aranges
                0x000009e0       0xa8 ./service/sl_sleeptimer_hal_rtc.o
 .debug_aranges
                0x00000a88      0x118 ./src/touchdemo.o

.debug_ranges   0x00000000      0xa60
 .debug_ranges  0x00000000       0x18 ./BSP/bsp_trace.o
 .debug_ranges  0x00000018       0x60 ./CMSIS/EFM32GG/system_efm32gg.o
 .debug_ranges  0x00000078       0xb0 ./Drivers/caplesense.o
 .debug_ranges  0x00000128       0xb8 ./Drivers/segmentlcd.o
 .debug_ranges  0x000001e0       0x40 ./Drivers/vddcheck.o
 .debug_ranges  0x00000220       0x58 ./emlib/em_acmp.o
 .debug_ranges  0x00000278      0x170 ./emlib/em_cmu.o
 .debug_ranges  0x000003e8       0xd8 ./emlib/em_core.o
 .debug_ranges  0x000004c0       0xd8 ./emlib/em_emu.o
 .debug_ranges  0x00000598       0x68 ./emlib/em_gpio.o
 .debug_ranges  0x00000600       0x98 ./emlib/em_lcd.o
 .debug_ranges  0x00000698       0xb8 ./emlib/em_lesense.o
 .debug_ranges  0x00000750       0x48 ./emlib/em_rtc.o
 .debug_ranges  0x00000798       0x18 ./emlib/em_system.o
 .debug_ranges  0x000007b0       0x30 ./emlib/em_vcmp.o
 .debug_ranges  0x000007e0       0xe0 ./service/sl_sleeptimer.o
 .debug_ranges  0x000008c0       0x98 ./service/sl_sleeptimer_hal_rtc.o
 .debug_ranges  0x00000958      0x108 ./src/touchdemo.o

.debug_macro    0x00000000    0x2837c
 .debug_macro   0x00000000      0x2fe ./BSP/bsp_trace.o
 .debug_macro   0x000002fe      0xa48 ./BSP/bsp_trace.o
 .debug_macro   0x00000d46       0x22 ./BSP/bsp_trace.o
 .debug_macro   0x00000d68      0x39b ./BSP/bsp_trace.o
 .debug_macro   0x00001103       0x22 ./BSP/bsp_trace.o
 .debug_macro   0x00001125       0x4f ./BSP/bsp_trace.o
 .debug_macro   0x00001174       0x51 ./BSP/bsp_trace.o
 .debug_macro   0x000011c5       0xef ./BSP/bsp_trace.o
 .debug_macro   0x000012b4       0x6a ./BSP/bsp_trace.o
 .debug_macro   0x0000131e      0x1df ./BSP/bsp_trace.o
 .debug_macro   0x000014fd       0x1c ./BSP/bsp_trace.o
 .debug_macro   0x00001519       0x22 ./BSP/bsp_trace.o
 .debug_macro   0x0000153b       0xc3 ./BSP/bsp_trace.o
 .debug_macro   0x000015fe      0xe18 ./BSP/bsp_trace.o
 .debug_macro   0x00002416       0xe2 ./BSP/bsp_trace.o
 .debug_macro   0x000024f8     0x2869 ./BSP/bsp_trace.o
 .debug_macro   0x00004d61      0x39e ./BSP/bsp_trace.o
 .debug_macro   0x000050ff     0x3f12 ./BSP/bsp_trace.o
 .debug_macro   0x00009011      0x9a4 ./BSP/bsp_trace.o
 .debug_macro   0x000099b5      0x6eb ./BSP/bsp_trace.o
 .debug_macro   0x0000a0a0      0x283 ./BSP/bsp_trace.o
 .debug_macro   0x0000a323     0x1e37 ./BSP/bsp_trace.o
 .debug_macro   0x0000c15a     0x30cb ./BSP/bsp_trace.o
 .debug_macro   0x0000f225      0x37f ./BSP/bsp_trace.o
 .debug_macro   0x0000f5a4      0x855 ./BSP/bsp_trace.o
 .debug_macro   0x0000fdf9     0x230f ./BSP/bsp_trace.o
 .debug_macro   0x00012108     0x1bf6 ./BSP/bsp_trace.o
 .debug_macro   0x00013cfe     0x1709 ./BSP/bsp_trace.o
 .debug_macro   0x00015407      0x6d8 ./BSP/bsp_trace.o
 .debug_macro   0x00015adf     0x106a ./BSP/bsp_trace.o
 .debug_macro   0x00016b49     0x1d83 ./BSP/bsp_trace.o
 .debug_macro   0x000188cc      0x33d ./BSP/bsp_trace.o
 .debug_macro   0x00018c09      0xa66 ./BSP/bsp_trace.o
 .debug_macro   0x0001966f      0xfe0 ./BSP/bsp_trace.o
 .debug_macro   0x0001a64f      0x894 ./BSP/bsp_trace.o
 .debug_macro   0x0001aee3      0xf85 ./BSP/bsp_trace.o
 .debug_macro   0x0001be68     0x12a5 ./BSP/bsp_trace.o
 .debug_macro   0x0001d10d      0xc4a ./BSP/bsp_trace.o
 .debug_macro   0x0001dd57      0x74d ./BSP/bsp_trace.o
 .debug_macro   0x0001e4a4      0x1c9 ./BSP/bsp_trace.o
 .debug_macro   0x0001e66d     0x1041 ./BSP/bsp_trace.o
 .debug_macro   0x0001f6ae      0x280 ./BSP/bsp_trace.o
 .debug_macro   0x0001f92e       0x40 ./BSP/bsp_trace.o
 .debug_macro   0x0001f96e      0x250 ./BSP/bsp_trace.o
 .debug_macro   0x0001fbbe      0x1f0 ./BSP/bsp_trace.o
 .debug_macro   0x0001fdae      0x166 ./BSP/bsp_trace.o
 .debug_macro   0x0001ff14      0x252 ./BSP/bsp_trace.o
 .debug_macro   0x00020166     0x1bd7 ./BSP/bsp_trace.o
 .debug_macro   0x00021d3d       0x2e ./BSP/bsp_trace.o
 .debug_macro   0x00021d6b      0x427 ./BSP/bsp_trace.o
 .debug_macro   0x00022192      0x427 ./BSP/bsp_trace.o
 .debug_macro   0x000225b9       0x10 ./BSP/bsp_trace.o
 .debug_macro   0x000225c9       0xc6 ./BSP/bsp_trace.o
 .debug_macro   0x0002268f       0x69 ./BSP/bsp_trace.o
 .debug_macro   0x000226f8      0x33e ./BSP/bsp_trace.o
 .debug_macro   0x00022a36       0x16 ./BSP/bsp_trace.o
 .debug_macro   0x00022a4c       0xb2 ./BSP/bsp_trace.o
 .debug_macro   0x00022afe       0x76 ./BSP/bsp_trace.o
 .debug_macro   0x00022b74       0xf1 ./BSP/bsp_trace.o
 .debug_macro   0x00022c65       0x3a ./BSP/bsp_trace.o
 .debug_macro   0x00022c9f      0x28e ./CMSIS/EFM32GG/system_efm32gg.o
 .debug_macro   0x00022f2d      0x2fe ./Drivers/caplesense.o
 .debug_macro   0x0002322b       0x19 ./Drivers/caplesense.o
 .debug_macro   0x00023244       0x12 ./Drivers/caplesense.o
 .debug_macro   0x00023256       0xc0 ./Drivers/caplesense.o
 .debug_macro   0x00023316       0x63 ./Drivers/caplesense.o
 .debug_macro   0x00023379       0x9d ./Drivers/caplesense.o
 .debug_macro   0x00023416      0x432 ./Drivers/segmentlcd.o
 .debug_macro   0x00023848       0x52 ./Drivers/segmentlcd.o
 .debug_macro   0x0002389a       0x17 ./Drivers/segmentlcd.o
 .debug_macro   0x000238b1       0x55 ./Drivers/segmentlcd.o
 .debug_macro   0x00023906       0x35 ./Drivers/segmentlcd.o
 .debug_macro   0x0002393b       0x9c ./Drivers/segmentlcd.o
 .debug_macro   0x000239d7       0x16 ./Drivers/segmentlcd.o
 .debug_macro   0x000239ed       0x57 ./Drivers/segmentlcd.o
 .debug_macro   0x00023a44       0x97 ./Drivers/segmentlcd.o
 .debug_macro   0x00023adb      0x353 ./Drivers/segmentlcd.o
 .debug_macro   0x00023e2e       0xf6 ./Drivers/segmentlcd.o
 .debug_macro   0x00023f24       0x10 ./Drivers/segmentlcd.o
 .debug_macro   0x00023f34       0x58 ./Drivers/segmentlcd.o
 .debug_macro   0x00023f8c       0x1f ./Drivers/segmentlcd.o
 .debug_macro   0x00023fab       0x43 ./Drivers/segmentlcd.o
 .debug_macro   0x00023fee       0x20 ./Drivers/segmentlcd.o
 .debug_macro   0x0002400e      0x18e ./Drivers/segmentlcd.o
 .debug_macro   0x0002419c       0x10 ./Drivers/segmentlcd.o
 .debug_macro   0x000241ac       0xb6 ./Drivers/segmentlcd.o
 .debug_macro   0x00024262       0x16 ./Drivers/segmentlcd.o
 .debug_macro   0x00024278      0x129 ./Drivers/segmentlcd.o
 .debug_macro   0x000243a1       0x16 ./Drivers/segmentlcd.o
 .debug_macro   0x000243b7       0x35 ./Drivers/segmentlcd.o
 .debug_macro   0x000243ec       0x16 ./Drivers/segmentlcd.o
 .debug_macro   0x00024402       0x22 ./Drivers/segmentlcd.o
 .debug_macro   0x00024424       0xbd ./Drivers/segmentlcd.o
 .debug_macro   0x000244e1       0xcc ./Drivers/segmentlcd.o
 .debug_macro   0x000245ad       0x1d ./Drivers/segmentlcd.o
 .debug_macro   0x000245ca      0x117 ./Drivers/segmentlcd.o
 .debug_macro   0x000246e1       0x22 ./Drivers/segmentlcd.o
 .debug_macro   0x00024703      0x2c0 ./Drivers/vddcheck.o
 .debug_macro   0x000249c3       0x10 ./Drivers/vddcheck.o
 .debug_macro   0x000249d3      0x2c8 ./emlib/em_acmp.o
 .debug_macro   0x00024c9b      0x367 ./emlib/em_cmu.o
 .debug_macro   0x00025002      0x16d ./emlib/em_cmu.o
 .debug_macro   0x0002516f       0x58 ./emlib/em_cmu.o
 .debug_macro   0x000251c7      0x34d ./emlib/em_cmu.o
 .debug_macro   0x00025514       0x25 ./emlib/em_cmu.o
 .debug_macro   0x00025539       0xee ./emlib/em_cmu.o
 .debug_macro   0x00025627       0x1f ./emlib/em_cmu.o
 .debug_macro   0x00025646      0x2c0 ./emlib/em_core.o
 .debug_macro   0x00025906       0x63 ./emlib/em_core.o
 .debug_macro   0x00025969       0xba ./emlib/em_core.o
 .debug_macro   0x00025a23      0x370 ./emlib/em_emu.o
 .debug_macro   0x00025d93       0x34 ./emlib/em_emu.o
 .debug_macro   0x00025dc7      0x2a7 ./emlib/em_gpio.o
 .debug_macro   0x0002606e      0x29b ./emlib/em_lcd.o
 .debug_macro   0x00026309       0x17 ./emlib/em_lcd.o
 .debug_macro   0x00026320      0x2d0 ./emlib/em_lesense.o
 .debug_macro   0x000265f0       0x5d ./emlib/em_lesense.o
 .debug_macro   0x0002664d      0x2a1 ./emlib/em_rtc.o
 .debug_macro   0x000268ee       0x10 ./emlib/em_rtc.o
 .debug_macro   0x000268fe      0x295 ./emlib/em_system.o
 .debug_macro   0x00026b93      0x292 ./emlib/em_vcmp.o
 .debug_macro   0x00026e25      0x453 ./service/sl_sleeptimer.o
 .debug_macro   0x00027278       0x10 ./service/sl_sleeptimer.o
 .debug_macro   0x00027288       0x10 ./service/sl_sleeptimer.o
 .debug_macro   0x00027298       0x10 ./service/sl_sleeptimer.o
 .debug_macro   0x000272a8       0x2e ./service/sl_sleeptimer.o
 .debug_macro   0x000272d6       0x3a ./service/sl_sleeptimer.o
 .debug_macro   0x00027310      0x6de ./service/sl_sleeptimer.o
 .debug_macro   0x000279ee       0x10 ./service/sl_sleeptimer.o
 .debug_macro   0x000279fe       0x1c ./service/sl_sleeptimer.o
 .debug_macro   0x00027a1a      0x32c ./service/sl_sleeptimer_hal_rtc.o
 .debug_macro   0x00027d46      0x4ed ./src/touchdemo.o
 .debug_macro   0x00028233       0x16 ./src/touchdemo.o
 .debug_macro   0x00028249       0x16 ./src/touchdemo.o
 .debug_macro   0x0002825f      0x11d ./src/touchdemo.o

.debug_line     0x00000000     0xc6be
 .debug_line    0x00000000      0x93a ./BSP/bsp_trace.o
 .debug_line    0x0000093a       0x72 ./CMSIS/EFM32GG/startup_gcc_efm32gg.o
 .debug_line    0x000009ac      0x835 ./CMSIS/EFM32GG/system_efm32gg.o
 .debug_line    0x000011e1      0xb6c ./Drivers/caplesense.o
 .debug_line    0x00001d4d      0xd78 ./Drivers/segmentlcd.o
 .debug_line    0x00002ac5      0x8fd ./Drivers/vddcheck.o
 .debug_line    0x000033c2      0x913 ./emlib/em_acmp.o
 .debug_line    0x00003cd5     0x10ab ./emlib/em_cmu.o
 .debug_line    0x00004d80      0xb2d ./emlib/em_core.o
 .debug_line    0x000058ad      0xc03 ./emlib/em_emu.o
 .debug_line    0x000064b0      0x9b7 ./emlib/em_gpio.o
 .debug_line    0x00006e67      0xa0b ./emlib/em_lcd.o
 .debug_line    0x00007872      0xbb7 ./emlib/em_lesense.o
 .debug_line    0x00008429      0x88d ./emlib/em_rtc.o
 .debug_line    0x00008cb6      0x80f ./emlib/em_system.o
 .debug_line    0x000094c5      0x864 ./emlib/em_vcmp.o
 .debug_line    0x00009d29      0xdd3 ./service/sl_sleeptimer.o
 .debug_line    0x0000aafc      0xbba ./service/sl_sleeptimer_hal_rtc.o
 .debug_line    0x0000b6b6     0x1008 ./src/touchdemo.o

.debug_str      0x00000000    0xe6343
 .debug_str     0x00000000    0xd4ac5 ./BSP/bsp_trace.o
                              0xd5104 (size before relaxing)
 .debug_str     0x000d4ac5       0x36 ./CMSIS/EFM32GG/startup_gcc_efm32gg.o
                                 0x8a (size before relaxing)
 .debug_str     0x000d4afb      0x26b ./CMSIS/EFM32GG/system_efm32gg.o
                              0xd2e96 (size before relaxing)
 .debug_str     0x000d4d66     0x34fa ./Drivers/caplesense.o
                              0xd782b (size before relaxing)
 .debug_str     0x000d8260     0x6c42 ./Drivers/segmentlcd.o
                              0xdb164 (size before relaxing)
 .debug_str     0x000deea2      0x260 ./Drivers/vddcheck.o
                              0xd44bb (size before relaxing)
 .debug_str     0x000df102      0x2c5 ./emlib/em_acmp.o
                              0xd3822 (size before relaxing)
 .debug_str     0x000df3c7      0xde5 ./emlib/em_cmu.o
                              0xd6cd2 (size before relaxing)
 .debug_str     0x000e01ac      0x372 ./emlib/em_core.o
                              0xd3abc (size before relaxing)
 .debug_str     0x000e051e      0x6a3 ./emlib/em_emu.o
                              0xd6f15 (size before relaxing)
 .debug_str     0x000e0bc1      0x1dc ./emlib/em_gpio.o
                              0xd36ca (size before relaxing)
 .debug_str     0x000e0d9d      0x35f ./emlib/em_lcd.o
                              0xd3330 (size before relaxing)
 .debug_str     0x000e10fc      0x55d ./emlib/em_lesense.o
                              0xd6119 (size before relaxing)
 .debug_str     0x000e1659      0x11d ./emlib/em_rtc.o
                              0xd2cde (size before relaxing)
 .debug_str     0x000e1776       0xac ./emlib/em_system.o
                              0xd2f5f (size before relaxing)
 .debug_str     0x000e1822       0x58 ./emlib/em_vcmp.o
                              0xd2dbc (size before relaxing)
 .debug_str     0x000e187a     0x44a2 ./service/sl_sleeptimer.o
                              0xdac4e (size before relaxing)
 .debug_str     0x000e5d1c      0x2a3 ./service/sl_sleeptimer_hal_rtc.o
                              0xd8d9f (size before relaxing)
 .debug_str     0x000e5fbf      0x384 ./src/touchdemo.o
                              0xdfc7d (size before relaxing)

.debug_frame    0x00000000     0x3430
 .debug_frame   0x00000000       0x50 ./BSP/bsp_trace.o
 .debug_frame   0x00000050      0x180 ./CMSIS/EFM32GG/system_efm32gg.o
 .debug_frame   0x000001d0      0x304 ./Drivers/caplesense.o
 .debug_frame   0x000004d4      0x318 ./Drivers/segmentlcd.o
 .debug_frame   0x000007ec       0xf4 ./Drivers/vddcheck.o
 .debug_frame   0x000008e0      0x190 ./emlib/em_acmp.o
 .debug_frame   0x00000a70      0x690 ./emlib/em_cmu.o
 .debug_frame   0x00001100      0x3dc ./emlib/em_core.o
 .debug_frame   0x000014dc      0x3a8 ./emlib/em_emu.o
 .debug_frame   0x00001884      0x1e0 ./emlib/em_gpio.o
 .debug_frame   0x00001a64      0x2d0 ./emlib/em_lcd.o
 .debug_frame   0x00001d34      0x338 ./emlib/em_lesense.o
 .debug_frame   0x0000206c      0x138 ./emlib/em_rtc.o
 .debug_frame   0x000021a4       0x60 ./emlib/em_system.o
 .debug_frame   0x00002204       0xcc ./emlib/em_vcmp.o
 .debug_frame   0x000022d0      0x414 ./service/sl_sleeptimer.o
 .debug_frame   0x000026e4      0x2a0 ./service/sl_sleeptimer_hal_rtc.o
 .debug_frame   0x00002984      0x44c ./src/touchdemo.o
 .debug_frame   0x00002dd0       0x4c c:/siliconlabs/simplicitystudio/v4/developer/toolchains/gnu_arm/7.2_2017q4/bin/../lib/gcc/arm-none-eabi/7.2.1/thumb/v7-m\libgcc.a(_arm_addsubsf3.o)
 .debug_frame   0x00002e1c       0x38 c:/siliconlabs/simplicitystudio/v4/developer/toolchains/gnu_arm/7.2_2017q4/bin/../lib/gcc/arm-none-eabi/7.2.1/thumb/v7-m\libgcc.a(_arm_muldivsf3.o)
 .debug_frame   0x00002e54       0x24 c:/siliconlabs/simplicitystudio/v4/developer/toolchains/gnu_arm/7.2_2017q4/bin/../lib/gcc/arm-none-eabi/7.2.1/thumb/v7-m\libgcc.a(_arm_fixunssfsi.o)
 .debug_frame   0x00002e78       0x2c c:/siliconlabs/simplicitystudio/v4/developer/toolchains/gnu_arm/7.2_2017q4/bin/../lib/gcc/arm-none-eabi/7.2.1/thumb/v7-m\libgcc.a(_aeabi_uldivmod.o)
 .debug_frame   0x00002ea4       0x34 c:/siliconlabs/simplicitystudio/v4/developer/toolchains/gnu_arm/7.2_2017q4/bin/../lib/gcc/arm-none-eabi/7.2.1/thumb/v7-m\libgcc.a(_udivmoddi4.o)
 .debug_frame   0x00002ed8       0x20 c:/siliconlabs/simplicitystudio/v4/developer/toolchains/gnu_arm/7.2_2017q4/bin/../lib/gcc/arm-none-eabi/7.2.1/../../../../arm-none-eabi/lib/thumb/v7-m\libc_nano.a(lib_a-abs.o)
 .debug_frame   0x00002ef8       0x28 c:/siliconlabs/simplicitystudio/v4/developer/toolchains/gnu_arm/7.2_2017q4/bin/../lib/gcc/arm-none-eabi/7.2.1/../../../../arm-none-eabi/lib/thumb/v7-m\libc_nano.a(lib_a-exit.o)
 .debug_frame   0x00002f20       0x2c c:/siliconlabs/simplicitystudio/v4/developer/toolchains/gnu_arm/7.2_2017q4/bin/../lib/gcc/arm-none-eabi/7.2.1/../../../../arm-none-eabi/lib/thumb/v7-m\libc_nano.a(lib_a-init.o)
 .debug_frame   0x00002f4c       0x20 c:/siliconlabs/simplicitystudio/v4/developer/toolchains/gnu_arm/7.2_2017q4/bin/../lib/gcc/arm-none-eabi/7.2.1/../../../../arm-none-eabi/lib/thumb/v7-m\libc_nano.a(lib_a-memset.o)
 .debug_frame   0x00002f6c       0x48 c:/siliconlabs/simplicitystudio/v4/developer/toolchains/gnu_arm/7.2_2017q4/bin/../lib/gcc/arm-none-eabi/7.2.1/../../../../arm-none-eabi/lib/thumb/v7-m\libc_nano.a(lib_a-rand.o)
 .debug_frame   0x00002fb4       0x6c c:/siliconlabs/simplicitystudio/v4/developer/toolchains/gnu_arm/7.2_2017q4/bin/../lib/gcc/arm-none-eabi/7.2.1/../../../../arm-none-eabi/lib/thumb/v7-m\libc_nano.a(lib_a-sprintf.o)
 .debug_frame   0x00003020       0x28 c:/siliconlabs/simplicitystudio/v4/developer/toolchains/gnu_arm/7.2_2017q4/bin/../lib/gcc/arm-none-eabi/7.2.1/../../../../arm-none-eabi/lib/thumb/v7-m\libc_nano.a(lib_a-strcat.o)
 .debug_frame   0x00003048       0x20 c:/siliconlabs/simplicitystudio/v4/developer/toolchains/gnu_arm/7.2_2017q4/bin/../lib/gcc/arm-none-eabi/7.2.1/../../../../arm-none-eabi/lib/thumb/v7-m\libc_nano.a(lib_a-strcpy.o)
 .debug_frame   0x00003068       0x2c c:/siliconlabs/simplicitystudio/v4/developer/toolchains/gnu_arm/7.2_2017q4/bin/../lib/gcc/arm-none-eabi/7.2.1/../../../../arm-none-eabi/lib/thumb/v7-m\libc_nano.a(lib_a-time.o)
 .debug_frame   0x00003094       0x2c c:/siliconlabs/simplicitystudio/v4/developer/toolchains/gnu_arm/7.2_2017q4/bin/../lib/gcc/arm-none-eabi/7.2.1/../../../../arm-none-eabi/lib/thumb/v7-m\libc_nano.a(lib_a-gettimeofdayr.o)
 .debug_frame   0x000030c0       0x30 c:/siliconlabs/simplicitystudio/v4/developer/toolchains/gnu_arm/7.2_2017q4/bin/../lib/gcc/arm-none-eabi/7.2.1/../../../../arm-none-eabi/lib/thumb/v7-m\libc_nano.a(lib_a-malloc.o)
 .debug_frame   0x000030f0       0x38 c:/siliconlabs/simplicitystudio/v4/developer/toolchains/gnu_arm/7.2_2017q4/bin/../lib/gcc/arm-none-eabi/7.2.1/../../../../arm-none-eabi/lib/thumb/v7-m\libc_nano.a(lib_a-nano-freer.o)
 .debug_frame   0x00003128       0x2c c:/siliconlabs/simplicitystudio/v4/developer/toolchains/gnu_arm/7.2_2017q4/bin/../lib/gcc/arm-none-eabi/7.2.1/../../../../arm-none-eabi/lib/thumb/v7-m\libc_nano.a(lib_a-nano-mallocr.o)
 .debug_frame   0x00003154       0x90 c:/siliconlabs/simplicitystudio/v4/developer/toolchains/gnu_arm/7.2_2017q4/bin/../lib/gcc/arm-none-eabi/7.2.1/../../../../arm-none-eabi/lib/thumb/v7-m\libc_nano.a(lib_a-nano-svfprintf.o)
 .debug_frame   0x000031e4       0x60 c:/siliconlabs/simplicitystudio/v4/developer/toolchains/gnu_arm/7.2_2017q4/bin/../lib/gcc/arm-none-eabi/7.2.1/../../../../arm-none-eabi/lib/thumb/v7-m\libc_nano.a(lib_a-nano-vfprintf_i.o)
 .debug_frame   0x00003244       0x5c c:/siliconlabs/simplicitystudio/v4/developer/toolchains/gnu_arm/7.2_2017q4/bin/../lib/gcc/arm-none-eabi/7.2.1/../../../../arm-none-eabi/lib/thumb/v7-m\libc_nano.a(lib_a-reent.o)
 .debug_frame   0x000032a0       0x2c c:/siliconlabs/simplicitystudio/v4/developer/toolchains/gnu_arm/7.2_2017q4/bin/../lib/gcc/arm-none-eabi/7.2.1/../../../../arm-none-eabi/lib/thumb/v7-m\libc_nano.a(lib_a-sbrkr.o)
 .debug_frame   0x000032cc       0x28 c:/siliconlabs/simplicitystudio/v4/developer/toolchains/gnu_arm/7.2_2017q4/bin/../lib/gcc/arm-none-eabi/7.2.1/../../../../arm-none-eabi/lib/thumb/v7-m\libc_nano.a(lib_a-memchr-stub.o)
 .debug_frame   0x000032f4       0x28 c:/siliconlabs/simplicitystudio/v4/developer/toolchains/gnu_arm/7.2_2017q4/bin/../lib/gcc/arm-none-eabi/7.2.1/../../../../arm-none-eabi/lib/thumb/v7-m\libc_nano.a(lib_a-memcpy-stub.o)
 .debug_frame   0x0000331c       0x28 c:/siliconlabs/simplicitystudio/v4/developer/toolchains/gnu_arm/7.2_2017q4/bin/../lib/gcc/arm-none-eabi/7.2.1/../../../../arm-none-eabi/lib/thumb/v7-m\libc_nano.a(lib_a-memmove.o)
 .debug_frame   0x00003344       0x30 c:/siliconlabs/simplicitystudio/v4/developer/toolchains/gnu_arm/7.2_2017q4/bin/../lib/gcc/arm-none-eabi/7.2.1/../../../../arm-none-eabi/lib/thumb/v7-m\libc_nano.a(lib_a-mlock.o)
 .debug_frame   0x00003374       0x3c c:/siliconlabs/simplicitystudio/v4/developer/toolchains/gnu_arm/7.2_2017q4/bin/../lib/gcc/arm-none-eabi/7.2.1/../../../../arm-none-eabi/lib/thumb/v7-m\libc_nano.a(lib_a-nano-reallocr.o)
 .debug_frame   0x000033b0       0x20 c:/siliconlabs/simplicitystudio/v4/developer/toolchains/gnu_arm/7.2_2017q4/bin/../lib/gcc/arm-none-eabi/7.2.1/../../../../arm-none-eabi/lib/thumb/v7-m\libc_nano.a(lib_a-nano-msizer.o)
 .debug_frame   0x000033d0       0x20 c:/siliconlabs/simplicitystudio/v4/developer/toolchains/gnu_arm/7.2_2017q4/bin/../lib/gcc/arm-none-eabi/7.2.1/../../../../arm-none-eabi/lib/thumb/v7-m\libnosys.a(gettod.o)
 .debug_frame   0x000033f0       0x20 c:/siliconlabs/simplicitystudio/v4/developer/toolchains/gnu_arm/7.2_2017q4/bin/../lib/gcc/arm-none-eabi/7.2.1/../../../../arm-none-eabi/lib/thumb/v7-m\libnosys.a(sbrk.o)
 .debug_frame   0x00003410       0x20 c:/siliconlabs/simplicitystudio/v4/developer/toolchains/gnu_arm/7.2_2017q4/bin/../lib/gcc/arm-none-eabi/7.2.1/../../../../arm-none-eabi/lib/thumb/v7-m\libnosys.a(_exit.o)

.stab           0x00000000       0x24
 .stab          0x00000000       0x24 c:/siliconlabs/simplicitystudio/v4/developer/toolchains/gnu_arm/7.2_2017q4/bin/../lib/gcc/arm-none-eabi/7.2.1/../../../../arm-none-eabi/lib/thumb/v7-m\libnosys.a(gettod.o)

.stabstr        0x00000000       0x4e
 .stabstr       0x00000000       0x4e c:/siliconlabs/simplicitystudio/v4/developer/toolchains/gnu_arm/7.2_2017q4/bin/../lib/gcc/arm-none-eabi/7.2.1/../../../../arm-none-eabi/lib/thumb/v7-m\libnosys.a(gettod.o)
